Archive member included to satisfy reference by file (symbol)

C:/Program Files (x86)/Arm/GNU Toolchain mingw-w64-i686-arm-none-eabi/bin/../lib/gcc/arm-none-eabi/15.2.1/thumb/v7e-m+fp/hard\libgcc.a(_arm_addsubdf3.o)
                              CMakeFiles/Source.dir/D_/Embedded/Project/Freelance/App/gom/gom_router.c.obj (__aeabi_i2d)
C:/Program Files (x86)/Arm/GNU Toolchain mingw-w64-i686-arm-none-eabi/bin/../lib/gcc/arm-none-eabi/15.2.1/thumb/v7e-m+fp/hard\libgcc.a(_arm_cmpdf2.o)
                              CMakeFiles/Source.dir/D_/Embedded/Project/Freelance/App/gom/gom_router.c.obj (__aeabi_dcmpeq)
C:/Program Files (x86)/Arm/GNU Toolchain mingw-w64-i686-arm-none-eabi/bin/../lib/gcc/arm-none-eabi/15.2.1/thumb/v7e-m+fp/hard\libgcc.a(_arm_fixdfsi.o)
                              CMakeFiles/Source.dir/D_/Embedded/Project/Freelance/App/gom/gom_router.c.obj (__aeabi_d2iz)
C:/Program Files (x86)/Arm/GNU Toolchain mingw-w64-i686-arm-none-eabi/bin/../lib/gcc/arm-none-eabi/15.2.1/thumb/v7e-m+fp/hard\libgcc.a(_aeabi_uldivmod.o)
                              cmake/stm32cubemx/CMakeFiles/STM32_Drivers.dir/__/__/Drivers/STM32F4xx_HAL_Driver/Src/stm32f4xx_hal_rcc.c.obj (__aeabi_uldivmod)
C:/Program Files (x86)/Arm/GNU Toolchain mingw-w64-i686-arm-none-eabi/bin/../lib/gcc/arm-none-eabi/15.2.1/thumb/v7e-m+fp/hard\libgcc.a(_udivmoddi4.o)
                              C:/Program Files (x86)/Arm/GNU Toolchain mingw-w64-i686-arm-none-eabi/bin/../lib/gcc/arm-none-eabi/15.2.1/thumb/v7e-m+fp/hard\libgcc.a(_aeabi_uldivmod.o) (__udivmoddi4)
C:/Program Files (x86)/Arm/GNU Toolchain mingw-w64-i686-arm-none-eabi/bin/../lib/gcc/arm-none-eabi/15.2.1/thumb/v7e-m+fp/hard\libgcc.a(_dvmd_tls.o)
                              C:/Program Files (x86)/Arm/GNU Toolchain mingw-w64-i686-arm-none-eabi/bin/../lib/gcc/arm-none-eabi/15.2.1/thumb/v7e-m+fp/hard\libgcc.a(_aeabi_uldivmod.o) (__aeabi_ldiv0)
C:/Program Files (x86)/Arm/GNU Toolchain mingw-w64-i686-arm-none-eabi/bin/../lib/gcc/arm-none-eabi/15.2.1/../../../../arm-none-eabi/lib/thumb/v7e-m+fp/hard\libg_nano.a(libc_a-exit.o)
                              C:/Program Files (x86)/Arm/GNU Toolchain mingw-w64-i686-arm-none-eabi/bin/../lib/gcc/arm-none-eabi/15.2.1/../../../../arm-none-eabi/lib/thumb/v7e-m+fp/hard/crt0.o (exit)
C:/Program Files (x86)/Arm/GNU Toolchain mingw-w64-i686-arm-none-eabi/bin/../lib/gcc/arm-none-eabi/15.2.1/../../../../arm-none-eabi/lib/thumb/v7e-m+fp/hard\libg_nano.a(libc_a-strtod.o)
                              CMakeFiles/Source.dir/D_/Embedded/Project/Freelance/App/gom/gom_router.c.obj (strtod)
C:/Program Files (x86)/Arm/GNU Toolchain mingw-w64-i686-arm-none-eabi/bin/../lib/gcc/arm-none-eabi/15.2.1/../../../../arm-none-eabi/lib/thumb/v7e-m+fp/hard\libg_nano.a(libc_a-strtol.o)
                              CMakeFiles/Source.dir/D_/Embedded/Project/Freelance/App/gom/gom_router.c.obj (strtol)
C:/Program Files (x86)/Arm/GNU Toolchain mingw-w64-i686-arm-none-eabi/bin/../lib/gcc/arm-none-eabi/15.2.1/../../../../arm-none-eabi/lib/thumb/v7e-m+fp/hard\libg_nano.a(libc_a-ctype_.o)
                              CMakeFiles/Source.dir/D_/Embedded/Project/Freelance/App/gom/gom_router.c.obj (_ctype_)
C:/Program Files (x86)/Arm/GNU Toolchain mingw-w64-i686-arm-none-eabi/bin/../lib/gcc/arm-none-eabi/15.2.1/../../../../arm-none-eabi/lib/thumb/v7e-m+fp/hard\libg_nano.a(libc_a-findfp.o)
                              C:/Program Files (x86)/Arm/GNU Toolchain mingw-w64-i686-arm-none-eabi/bin/../lib/gcc/arm-none-eabi/15.2.1/../../../../arm-none-eabi/lib/thumb/v7e-m+fp/hard\libg_nano.a(libc_a-exit.o) (__stdio_exit_handler)
C:/Program Files (x86)/Arm/GNU Toolchain mingw-w64-i686-arm-none-eabi/bin/../lib/gcc/arm-none-eabi/15.2.1/../../../../arm-none-eabi/lib/thumb/v7e-m+fp/hard\libg_nano.a(libc_a-fwalk.o)
                              C:/Program Files (x86)/Arm/GNU Toolchain mingw-w64-i686-arm-none-eabi/bin/../lib/gcc/arm-none-eabi/15.2.1/../../../../arm-none-eabi/lib/thumb/v7e-m+fp/hard\libg_nano.a(libc_a-findfp.o) (_fwalk_sglue)
C:/Program Files (x86)/Arm/GNU Toolchain mingw-w64-i686-arm-none-eabi/bin/../lib/gcc/arm-none-eabi/15.2.1/../../../../arm-none-eabi/lib/thumb/v7e-m+fp/hard\libg_nano.a(libc_a-snprintf.o)
                              CMakeFiles/Source.dir/D_/Embedded/Project/Freelance/App/gom/gom_command_encoder.c.obj (snprintf)
C:/Program Files (x86)/Arm/GNU Toolchain mingw-w64-i686-arm-none-eabi/bin/../lib/gcc/arm-none-eabi/15.2.1/../../../../arm-none-eabi/lib/thumb/v7e-m+fp/hard\libg_nano.a(libc_a-stdio.o)
                              C:/Program Files (x86)/Arm/GNU Toolchain mingw-w64-i686-arm-none-eabi/bin/../lib/gcc/arm-none-eabi/15.2.1/../../../../arm-none-eabi/lib/thumb/v7e-m+fp/hard\libg_nano.a(libc_a-findfp.o) (__sread)
C:/Program Files (x86)/Arm/GNU Toolchain mingw-w64-i686-arm-none-eabi/bin/../lib/gcc/arm-none-eabi/15.2.1/../../../../arm-none-eabi/lib/thumb/v7e-m+fp/hard\libg_nano.a(libc_a-memcmp.o)
[...]
Memory Configuration

Name             Origin             Length             Attributes
RAM              0x20000000         0x00020000         xrw
FLASH            0x08000000         0x00080000         xr
*default*        0x00000000         0xffffffff

Linker script and memory map

LOAD C:/Program Files (x86)/Arm/GNU Toolchain mingw-w64-i686-arm-none-eabi/bin/../lib/gcc/arm-none-eabi/15.2.1/thumb/v7e-m+fp/hard/crti.o
LOAD C:/Program Files (x86)/Arm/GNU Toolchain mingw-w64-i686-arm-none-eabi/bin/../lib/gcc/arm-none-eabi/15.2.1/thumb/v7e-m+fp/hard/crtbegin.o
LOAD C:/Program Files (x86)/Arm/GNU Toolchain mingw-w64-i686-arm-none-eabi/bin/../lib/gcc/arm-none-eabi/15.2.1/../../../../arm-none-eabi/lib/thumb/v7e-m+fp/hard/crt0.o
LOAD cmake/stm32cubemx/CMakeFiles/STM32_Drivers.dir/__/__/Core/Src/system_stm32f4xx.c.obj
LOAD cmake/stm32cubemx/CMakeFiles/STM32_Drivers.dir/__/__/Drivers/STM32F4xx_HAL_Driver/Src/stm32f4xx_hal_tim.c.obj
LOAD cmake/stm32cubemx/CMakeFiles/STM32_Drivers.dir/__/__/Drivers/STM32F4xx_HAL_Driver/Src/stm32f4xx_hal_tim_ex.c.obj
LOAD cmake/stm32cubemx/CMakeFiles/STM32_Drivers.dir/__/__/Drivers/STM32F4xx_HAL_Driver/Src/stm32f4xx_hal_rcc.c.obj
LOAD cmake/stm32cubemx/CMakeFiles/STM32_Drivers.dir/__/__/Drivers/STM32F4xx_HAL_Driver/Src/stm32f4xx_hal_rcc_ex.c.obj
LOAD cmake/stm32cubemx/CMakeFiles/STM32_Drivers.dir/__/__/Drivers/STM32F4xx_HAL_Driver/Src/stm32f4xx_hal_flash.c.obj
LOAD cmake/stm32cubemx/CMakeFiles/STM32_Drivers.dir/__/__/Drivers/STM32F4xx_HAL_Driver/Src/stm32f4xx_hal_flash_ex.c.obj
LOAD cmake/stm32cubemx/CMakeFiles/STM32_Drivers.dir/__/__/Drivers/STM32F4xx_HAL_Driver/Src/stm32f4xx_hal_flash_ramfunc.c.obj
LOAD cmake/stm32cubemx/CMakeFiles/STM32_Drivers.dir/__/__/Drivers/STM32F4xx_HAL_Driver/Src/stm32f4xx_hal_gpio.c.obj
LOAD cmake/stm32cubemx/CMakeFiles/STM32_Drivers.dir/__/__/Drivers/STM32F4xx_HAL_Driver/Src/stm32f4xx_hal_dma_ex.c.obj
LOAD cmake/stm32cubemx/CMakeFiles/STM32_Drivers.dir/__/__/Drivers/STM32F4xx_HAL_Driver/Src/stm32f4xx_hal_dma.c.obj
LOAD cmake/stm32cubemx/CMakeFiles/STM32_Drivers.dir/__/__/Drivers/STM32F4xx_HAL_Driver/Src/stm32f4xx_hal_pwr.c.obj
LOAD cmake/stm32cubemx/CMakeFiles/STM32_Drivers.dir/__/__/Drivers/STM32F4xx_HAL_Driver/Src/stm32f4xx_hal_pwr_ex.c.obj
LOAD cmake/stm32cubemx/CMakeFiles/STM32_Drivers.dir/__/__/Drivers/STM32F4xx_HAL_Driver/Src/stm32f4xx_hal_cortex.c.obj
LOAD cmake/stm32cubemx/CMakeFiles/STM32_Drivers.dir/__/__/Drivers/STM32F4xx_HAL_Driver/Src/stm32f4xx_hal.c.obj
LOAD cmake/stm32cubemx/CMakeFiles/STM32_Drivers.dir/__/__/Drivers/STM32F4xx_HAL_Driver/Src/stm32f4xx_hal_exti.c.obj
LOAD cmake/stm32cubemx/CMakeFiles/STM32_Drivers.dir/__/__/Drivers/STM32F4xx_HAL_Driver/Src/stm32f4xx_hal_uart.c.obj
LOAD cmake/stm32cubemx/CMakeFiles/STM32_Drivers.dir/__/__/Drivers/STM32F4xx_HAL_Driver/Src/stm32f4xx_hal_wwdg.c.obj
LOAD cmake/stm32cubemx/CMakeFiles/FreeRTOS.dir/__/__/Middlewares/Third_Party/FreeRTOS/Source/croutine.c.obj
LOAD cmake/stm32cubemx/CMakeFiles/FreeRTOS.dir/__/__/Middlewares/Third_Party/FreeRTOS/Source/event_groups.c.obj
LOAD cmake/stm32cubemx/CMakeFiles/FreeRTOS.dir/__/__/Middlewares/Third_Party/FreeRTOS/Source/list.c.obj
LOAD cmake/stm32cubemx/CMakeFiles/FreeRTOS.dir/__/__/Middlewares/Third_Party/FreeRTOS/Source/queue.c.obj
LOAD cmake/stm32cubemx/CMakeFiles/FreeRTOS.dir/__/__/Middlewares/Third_Party/FreeRTOS/Source/stream_buffer.c.obj
LOAD cmake/stm32cubemx/CMakeFiles/FreeRTOS.dir/__/__/Middlewares/Third_Party/FreeRTOS/Source/tasks.c.obj
LOAD cmake/stm32cubemx/CMakeFiles/FreeRTOS.dir/__/__/Middlewares/Third_Party/FreeRTOS/Source/timers.c.obj
LOAD cmake/stm32cubemx/CMakeFiles/FreeRTOS.dir/__/__/Middlewares/Third_Party/FreeRTOS/Source/CMSIS_RTOS_V2/cmsis_os2.c.obj
LOAD cmake/stm32cubemx/CMakeFiles/FreeRTOS.dir/__/__/Middlewares/Third_Party/FreeRTOS/Source/portable/MemMang/heap_4.c.obj
LOAD cmake/stm32cubemx/CMakeFiles/FreeRTOS.dir/__/__/Middlewares/Third_Party/FreeRTOS/Source/portable/GCC/ARM_CM4F/port.c.obj
LOAD CMakeFiles/Source.dir/Core/Src/main.c.obj
LOAD CMakeFiles/Source.dir/Core/Src/freertos.c.obj
LOAD CMakeFiles/Source.dir/Core/Src/stm32f4xx_it.c.obj
LOAD CMakeFiles/Source.dir/Core/Src/stm32f4xx_hal_msp.c.obj
LOAD CMakeFiles/Source.dir/Core/Src/stm32f4xx_hal_timebase_tim.c.obj
LOAD CMakeFiles/Source.dir/Core/Src/sysmem.c.obj
LOAD CMakeFiles/Source.dir/Core/Src/syscalls.c.obj
LOAD CMakeFiles/Source.dir/startup_stm32f411xe.s.obj
LOAD CMakeFiles/Source.dir/D_/Embedded/Project/Freelance/App/gom/gom_router.c.obj
LOAD CMakeFiles/Source.dir/D_/Embedded/Project/Freelance/App/gom/gom_command_encoder.c.obj
LOAD CMakeFiles/Source.dir/D_/Embedded/Project/Freelance/App/gom/gom_firmware.c.obj
LOAD CMakeFiles/Source.dir/D_/Embedded/Project/Freelance/App/relay/relay_matrix.c.obj
LOAD CMakeFiles/Source.dir/D_/Embedded/Project/Freelance/App/board/board_io.c.obj
LOAD C:/Program Files (x86)/Arm/GNU Toolchain mingw-w64-i686-arm-none-eabi/bin/../lib/gcc/arm-none-eabi/15.2.1/../../../../arm-none-eabi/lib/thumb/v7e-m+fp/hard\libm.a
START GROUP
LOAD C:/Program Files (x86)/Arm/GNU Toolchain mingw-w64-i686-arm-none-eabi/bin/../lib/gcc/arm-none-eabi/15.2.1/thumb/v7e-m+fp/hard\libgcc.a
LOAD C:/Program Files (x86)/Arm/GNU Toolchain mingw-w64-i686-arm-none-eabi/bin/../lib/gcc/arm-none-eabi/15.2.1/../../../../arm-none-eabi/lib/thumb/v7e-m+fp/hard\libg_nano.a
LOAD C:/Program Files (x86)/Arm/GNU Toolchain mingw-w64-i686-arm-none-eabi/bin/../lib/gcc/arm-none-eabi/15.2.1/../../../../arm-none-eabi/lib/thumb/v7e-m+fp/hard\libc_nano.a
END GROUP
START GROUP
LOAD C:/Program Files (x86)/Arm/GNU Toolchain mingw-w64-i686-arm-none-eabi/bin/../lib/gcc/arm-none-eabi/15.2.1/thumb/v7e-m+fp/hard\libgcc.a
LOAD C:/Program Files (x86)/Arm/GNU Toolchain mingw-w64-i686-arm-none-eabi/bin/../lib/gcc/arm-none-eabi/15.2.1/../../../../arm-none-eabi/lib/thumb/v7e-m+fp/hard\libc_nano.a
END GROUP
LOAD C:/Program Files (x86)/Arm/GNU Toolchain mingw-w64-i686-arm-none-eabi/bin/../lib/gcc/arm-none-eabi/15.2.1/thumb/v7e-m+fp/hard/crtend.o
LOAD C:/Program Files (x86)/Arm/GNU Toolchain mingw-w64-i686-arm-none-eabi/bin/../lib/gcc/arm-none-eabi/15.2.1/thumb/v7e-m+fp/hard/crtn.o
                0x20020000                        _estack = (ORIGIN (RAM) + LENGTH (RAM))
                0x2001fc00                        _sstack = (_estack - _Min_Stack_Size)
                0x00000200                        _Min_Heap_Size = 0x200
                0x00000400                        _Min_Stack_Size = 0x400

.isr_vector     0x08000000      0x198
                0x08000000                        . = ALIGN (0x4)
 *(.isr_vector)
 .isr_vector    0x08000000      0x198 CMakeFiles/Source.dir/startup_stm32f411xe.s.obj
                0x08000000                g_pfnVectors
                0x08000198                        . = ALIGN (0x4)

.text           0x080001a0     0xb8cc
                0x080001a0                        . = ALIGN (0x4)
 *(.text)
 .text          0x080001a0      0x378 C:/Program Files (x86)/Arm/GNU Toolchain mingw-w64-i686-arm-none-eabi/bin/../lib/gcc/arm-none-eabi/15.2.1/thumb/v7e-m+fp/hard\libgcc.a(_arm_addsubdf3.o)
                0x080001a0                __aeabi_drsub
                0x080001a8                __aeabi_dsub
                0x080001a8                __subdf3
                0x080001ac                __aeabi_dadd
                0x080001ac                __adddf3
                0x08000424                __floatunsidf
                0x08000424                __aeabi_ui2d
                0x08000444                __floatsidf
                0x08000444                __aeabi_i2d
                0x08000468                __aeabi_f2d
                0x08000468                __extendsfdf2
                0x080004ac                __floatundidf
                0x080004ac                __aeabi_ul2d
                0x080004bc                __floatdidf
                0x080004bc                __aeabi_l2d
 .text          0x08000518      0x110 C:/Program Files (x86)/Arm/GNU Toolchain mingw-w64-i686-arm-none-eabi/bin/../lib/gcc/arm-none-eabi/15.2.1/thumb/v7e-m+fp/hard\libgcc.a(_arm_cmpdf2.o)
                0x08000518                __gtdf2
                0x08000518                __gedf2
                0x08000520                __ltdf2
                0x08000520                __ledf2
                0x08000528                __nedf2
                0x08000528                __eqdf2
                0x08000528                __cmpdf2
                0x080005a4                __aeabi_cdrcmple
                0x080005b4                __aeabi_cdcmpeq
                0x080005b4                __aeabi_cdcmple
                0x080005c4                __aeabi_dcmpeq
                0x080005d8                __aeabi_dcmplt
                0x080005ec                __aeabi_dcmple
                0x08000600                __aeabi_dcmpge
                0x08000614                __aeabi_dcmpgt
 .text          0x08000628       0x50 C:/Program Files (x86)/Arm/GNU Toolchain mingw-w64-i686-arm-none-eabi/bin/../lib/gcc/arm-none-eabi/15.2.1/thumb/v7e-m+fp/hard\libgcc.a(_arm_fixdfsi.o)
                0x08000628                __aeabi_d2iz
                0x08000628                __fixdfsi
 .text          0x08000678       0x30 C:/Program Files (x86)/Arm/GNU Toolchain mingw-w64-i686-arm-none-eabi/bin/../lib/gcc/arm-none-eabi/15.2.1/thumb/v7e-m+fp/hard\libgcc.a(_aeabi_uldivmod.o)
                0x08000678                __aeabi_uldivmod
 .text          0x080006a8        0x4 C:/Program Files (x86)/Arm/GNU Toolchain mingw-w64-i686-arm-none-eabi/bin/../lib/gcc/arm-none-eabi/15.2.1/thumb/v7e-m+fp/hard\libgcc.a(_dvmd_tls.o)
                0x080006a8                __aeabi_idiv0
                0x080006a8                __aeabi_ldiv0
 .text          0x080006ac       0x14 C:/Program Files (x86)/Arm/GNU Toolchain mingw-w64-i686-arm-none-eabi/bin/../lib/gcc/arm-none-eabi/15.2.1/../../../../arm-none-eabi/lib/thumb/v7e-m+fp/hard\libg_nano.a(libc_a-strcmp.o)
                0x080006ac                strcmp
 .text          0x080006c0       0x10 C:/Program Files (x86)/Arm/GNU Toolchain mingw-w64-i686-arm-none-eabi/bin/../lib/gcc/arm-none-eabi/15.2.1/../../../../arm-none-eabi/lib/thumb/v7e-m+fp/hard\libg_nano.a(libc_a-strlen.o)
                0x080006c0                strlen
 .text          0x080006d0       0xa0 C:/Program Files (x86)/Arm/GNU Toolchain mingw-w64-i686-arm-none-eabi/bin/../lib/gcc/arm-none-eabi/15.2.1/../../../../arm-none-eabi/lib/thumb/v7e-m+fp/hard\libg_nano.a(libc_a-memchr.o)
                0x080006d0                memchr
 .text          0x08000770      0x424 C:/Program Files (x86)/Arm/GNU Toolchain mingw-w64-i686-arm-none-eabi/bin/../lib/gcc/arm-none-eabi/15.2.1/thumb/v7e-m+fp/hard\libgcc.a(_arm_muldivdf3.o)
                0x08000770                __aeabi_dmul
                0x08000770                __muldf3
                0x080009c4                __divdf3
                0x080009c4                __aeabi_ddiv
 .text          0x08000b94       0x40 C:/Program Files (x86)/Arm/GNU Toolchain mingw-w64-i686-arm-none-eabi/bin/../lib/gcc/arm-none-eabi/15.2.1/thumb/v7e-m+fp/hard\libgcc.a(_arm_fixunsdfsi.o)
                0x08000b94                __aeabi_d2uiz
                0x08000b94                __fixunsdfsi
 *(.text*)
 .text.deregister_tm_clones
                0x08000bd4       0x1c C:/Program Files (x86)/Arm/GNU Toolchain mingw-w64-i686-arm-none-eabi/bin/../lib/gcc/arm-none-eabi/15.2.1/thumb/v7e-m+fp/hard/crtbegin.o
 .text.register_tm_clones
                0x08000bf0       0x24 C:/Program Files (x86)/Arm/GNU Toolchain mingw-w64-i686-arm-none-eabi/bin/../lib/gcc/arm-none-eabi/15.2.1/thumb/v7e-m+fp/hard/crtbegin.o
 .text.__do_global_dtors_aux
                0x08000c14       0x28 C:/Program Files (x86)/Arm/GNU Toolchain mingw-w64-i686-arm-none-eabi/bin/../lib/gcc/arm-none-eabi/15.2.1/thumb/v7e-m+fp/hard/crtbegin.o
 .text.frame_dummy
                0x08000c3c       0x24 C:/Program Files (x86)/Arm/GNU Toolchain mingw-w64-i686-arm-none-eabi/bin/../lib/gcc/arm-none-eabi/15.2.1/thumb/v7e-m+fp/hard/crtbegin.o
 .text.SystemInit
                0x08000c60       0x20 cmake/stm32cubemx/CMakeFiles/STM32_Drivers.dir/__/__/Core/Src/system_stm32f4xx.c.obj
                0x08000c60                SystemInit
 .text.HAL_TIM_Base_Init
                0x08000c80       0x9e cmake/stm32cubemx/CMakeFiles/STM32_Drivers.dir/__/__/Drivers/STM32F4xx_HAL_Driver/Src/stm32f4xx_hal_tim.c.obj
                0x08000c80                HAL_TIM_Base_Init
 .text.HAL_TIM_Base_MspInit
                0x08000d1e       0x12 cmake/stm32cubemx/CMakeFiles/STM32_Drivers.dir/__/__/Drivers/STM32F4xx_HAL_Driver/Src/stm32f4xx_hal_tim.c.obj
                0x08000d1e                HAL_TIM_Base_MspInit
 .text.HAL_TIM_Base_Start_IT
                0x08000d30       0xc0 cmake/stm32cubemx/CMakeFiles/STM32_Drivers.dir/__/__/Drivers/STM32F4xx_HAL_Driver/Src/stm32f4xx_hal_tim.c.obj
                0x08000d30                HAL_TIM_Base_Start_IT
 .text.HAL_TIM_IRQHandler
                0x08000df0      0x1e0 cmake/stm32cubemx/CMakeFiles/STM32_Drivers.dir/__/__/Drivers/STM32F4xx_HAL_Driver/Src/stm32f4xx_hal_tim.c.obj
                0x08000df0                HAL_TIM_IRQHandler
 .text.HAL_TIM_OC_DelayElapsedCallback
                0x08000fd0       0x12 cmake/stm32cubemx/CMakeFiles/STM32_Drivers.dir/__/__/Drivers/STM32F4xx_HAL_Driver/Src/stm32f4xx_hal_tim.c.obj
                0x08000fd0                HAL_TIM_OC_DelayElapsedCallback
 .text.HAL_TIM_IC_CaptureCallback
                0x08000fe2       0x12 cmake/stm32cubemx/CMakeFiles/STM32_Drivers.dir/__/__/Drivers/STM32F4xx_HAL_Driver/Src/stm32f4xx_hal_tim.c.obj
                0x08000fe2                HAL_TIM_IC_CaptureCallback
 .text.HAL_TIM_PWM_PulseFinishedCallback
                0x08000ff4       0x12 cmake/stm32cubemx/CMakeFiles/STM32_Drivers.dir/__/__/Drivers/STM32F4xx_HAL_Driver/Src/stm32f4xx_hal_tim.c.obj
                0x08000ff4                HAL_TIM_PWM_PulseFinishedCallback
 .text.HAL_TIM_TriggerCallback
                0x08001006       0x12 cmake/stm32cubemx/CMakeFiles/STM32_Drivers.dir/__/__/Drivers/STM32F4xx_HAL_Driver/Src/stm32f4xx_hal_tim.c.obj
                0x08001006                HAL_TIM_TriggerCallback
 .text.TIM_Base_SetConfig
                0x08001018      0x108 cmake/stm32cubemx/CMakeFiles/STM32_Drivers.dir/__/__/Drivers/STM32F4xx_HAL_Driver/Src/stm32f4xx_hal_tim.c.obj
                0x08001018                TIM_Base_SetConfig
 .text.HAL_TIMEx_CommutCallback
                0x08001120       0x12 cmake/stm32cubemx/CMakeFiles/STM32_Drivers.dir/__/__/Drivers/STM32F4xx_HAL_Driver/Src/stm32f4xx_hal_tim_ex.c.obj
                0x08001120                HAL_TIMEx_CommutCallback
 .text.HAL_TIMEx_BreakCallback
                0x08001132       0x12 cmake/stm32cubemx/CMakeFiles/STM32_Drivers.dir/__/__/Drivers/STM32F4xx_HAL_Driver/Src/stm32f4xx_hal_tim_ex.c.obj
                0x08001132                HAL_TIMEx_BreakCallback
 .text.HAL_RCC_OscConfig
                0x08001144      0x4f0 cmake/stm32cubemx/CMakeFiles/STM32_Drivers.dir/__/__/Drivers/STM32F4xx_HAL_Driver/Src/stm32f4xx_hal_rcc.c.obj
                0x08001144                HAL_RCC_OscConfig
 .text.HAL_RCC_ClockConfig
                0x08001634      0x1cc cmake/stm32cubemx/CMakeFiles/STM32_Drivers.dir/__/__/Drivers/STM32F4xx_HAL_Driver/Src/stm32f4xx_hal_rcc.c.obj
                0x08001634                HAL_RCC_ClockConfig
 .text.HAL_RCC_GetSysClockFreq
                0x08001800      0x188 cmake/stm32cubemx/CMakeFiles/STM32_Drivers.dir/__/__/Drivers/STM32F4xx_HAL_Driver/Src/stm32f4xx_hal_rcc.c.obj
                0x08001800                HAL_RCC_GetSysClockFreq
 .text.HAL_RCC_GetHCLKFreq
                0x08001988       0x14 cmake/stm32cubemx/CMakeFiles/STM32_Drivers.dir/__/__/Drivers/STM32F4xx_HAL_Driver/Src/stm32f4xx_hal_rcc.c.obj
                0x08001988                HAL_RCC_GetHCLKFreq
 .text.HAL_RCC_GetPCLK1Freq
                0x0800199c       0x28 cmake/stm32cubemx/CMakeFiles/STM32_Drivers.dir/__/__/Drivers/STM32F4xx_HAL_Driver/Src/stm32f4xx_hal_rcc.c.obj
                0x0800199c                HAL_RCC_GetPCLK1Freq
 .text.HAL_RCC_GetPCLK2Freq
                0x080019c4       0x28 cmake/stm32cubemx/CMakeFiles/STM32_Drivers.dir/__/__/Drivers/STM32F4xx_HAL_Driver/Src/stm32f4xx_hal_rcc.c.obj
                0x080019c4                HAL_RCC_GetPCLK2Freq
 .text.HAL_RCC_GetClockConfig
                0x080019ec       0x60 cmake/stm32cubemx/CMakeFiles/STM32_Drivers.dir/__/__/Drivers/STM32F4xx_HAL_Driver/Src/stm32f4xx_hal_rcc.c.obj
                0x080019ec                HAL_RCC_GetClockConfig
 .text.HAL_GPIO_Init
                0x08001a4c      0x304 cmake/stm32cubemx/CMakeFiles/STM32_Drivers.dir/__/__/Drivers/STM32F4xx_HAL_Driver/Src/stm32f4xx_hal_gpio.c.obj
                0x08001a4c                HAL_GPIO_Init
 .text.HAL_GPIO_WritePin
                0x08001d50       0x30 cmake/stm32cubemx/CMakeFiles/STM32_Drivers.dir/__/__/Drivers/STM32F4xx_HAL_Driver/Src/stm32f4xx_hal_gpio.c.obj
                0x08001d50                HAL_GPIO_WritePin
 .text.HAL_DMA_Init
                0x08001d80      0x15c cmake/stm32cubemx/CMakeFiles/STM32_Drivers.dir/__/__/Drivers/STM32F4xx_HAL_Driver/Src/stm32f4xx_hal_dma.c.obj
                0x08001d80                HAL_DMA_Init
 .text.HAL_DMA_Abort
                0x08001edc       0xe0 cmake/stm32cubemx/CMakeFiles/STM32_Drivers.dir/__/__/Drivers/STM32F4xx_HAL_Driver/Src/stm32f4xx_hal_dma.c.obj
                0x08001edc                HAL_DMA_Abort
 .text.HAL_DMA_Abort_IT
                0x08001fbc       0x42 cmake/stm32cubemx/CMakeFiles/STM32_Drivers.dir/__/__/Drivers/STM32F4xx_HAL_Driver/Src/stm32f4xx_hal_dma.c.obj
                0x08001fbc                HAL_DMA_Abort_IT
 *fill*         0x08001ffe        0x2 
 .text.HAL_DMA_IRQHandler
                0x08002000      0x314 cmake/stm32cubemx/CMakeFiles/STM32_Drivers.dir/__/__/Drivers/STM32F4xx_HAL_Driver/Src/stm32f4xx_hal_dma.c.obj
                0x08002000                HAL_DMA_IRQHandler
 .text.DMA_CalcBaseAndBitshift
                0x08002314       0x68 cmake/stm32cubemx/CMakeFiles/STM32_Drivers.dir/__/__/Drivers/STM32F4xx_HAL_Driver/Src/stm32f4xx_hal_dma.c.obj
 .text.DMA_CheckFifoParam
                0x0800237c      0x10a cmake/stm32cubemx/CMakeFiles/STM32_Drivers.dir/__/__/Drivers/STM32F4xx_HAL_Driver/Src/stm32f4xx_hal_dma.c.obj
 *fill*         0x08002486        0x2 
 .text.__NVIC_SetPriorityGrouping
                0x08002488       0x48 cmake/stm32cubemx/CMakeFiles/STM32_Drivers.dir/__/__/Drivers/STM32F4xx_HAL_Driver/Src/stm32f4xx_hal_cortex.c.obj
 .text.__NVIC_GetPriorityGrouping
                0x080024d0       0x1c cmake/stm32cubemx/CMakeFiles/STM32_Drivers.dir/__/__/Drivers/STM32F4xx_HAL_Driver/Src/stm32f4xx_hal_cortex.c.obj
 .text.__NVIC_EnableIRQ
                0x080024ec       0x38 cmake/stm32cubemx/CMakeFiles/STM32_Drivers.dir/__/__/Drivers/STM32F4xx_HAL_Driver/Src/stm32f4xx_hal_cortex.c.obj
 .text.__NVIC_SetPriority
                0x08002524       0x54 cmake/stm32cubemx/CMakeFiles/STM32_Drivers.dir/__/__/Drivers/STM32F4xx_HAL_Driver/Src/stm32f4xx_hal_cortex.c.obj
 .text.NVIC_EncodePriority
                0x08002578       0x6e cmake/stm32cubemx/CMakeFiles/STM32_Drivers.dir/__/__/Drivers/STM32F4xx_HAL_Driver/Src/stm32f4xx_hal_cortex.c.obj
 .text.HAL_NVIC_SetPriorityGrouping
                0x080025e6       0x16 cmake/stm32cubemx/CMakeFiles/STM32_Drivers.dir/__/__/Drivers/STM32F4xx_HAL_Driver/Src/stm32f4xx_hal_cortex.c.obj
                0x080025e6                HAL_NVIC_SetPriorityGrouping
 .text.HAL_NVIC_SetPriority
                0x080025fc       0x38 cmake/stm32cubemx/CMakeFiles/STM32_Drivers.dir/__/__/Drivers/STM32F4xx_HAL_Driver/Src/stm32f4xx_hal_cortex.c.obj
                0x080025fc                HAL_NVIC_SetPriority
 .text.HAL_NVIC_EnableIRQ
                0x08002634       0x1c cmake/stm32cubemx/CMakeFiles/STM32_Drivers.dir/__/__/Drivers/STM32F4xx_HAL_Driver/Src/stm32f4xx_hal_cortex.c.obj
                0x08002634                HAL_NVIC_EnableIRQ
 .text.HAL_Init
                0x08002650       0x44 cmake/stm32cubemx/CMakeFiles/STM32_Drivers.dir/__/__/Drivers/STM32F4xx_HAL_Driver/Src/stm32f4xx_hal.c.obj
                0x08002650                HAL_Init
 .text.HAL_IncTick
                0x08002694       0x24 cmake/stm32cubemx/CMakeFiles/STM32_Drivers.dir/__/__/Drivers/STM32F4xx_HAL_Driver/Src/stm32f4xx_hal.c.obj
                0x08002694                HAL_IncTick
 .text.HAL_GetTick
                0x080026b8       0x14 cmake/stm32cubemx/CMakeFiles/STM32_Drivers.dir/__/__/Drivers/STM32F4xx_HAL_Driver/Src/stm32f4xx_hal.c.obj
                0x080026b8                HAL_GetTick
 .text.HAL_Delay
                0x080026cc       0x48 cmake/stm32cubemx/CMakeFiles/STM32_Drivers.dir/__/__/Drivers/STM32F4xx_HAL_Driver/Src/stm32f4xx_hal.c.obj
                0x080026cc                HAL_Delay
 .text.HAL_UART_Init
                0x08002714       0xa0 cmake/stm32cubemx/CMakeFiles/STM32_Drivers.dir/__/__/Drivers/STM32F4xx_HAL_Driver/Src/stm32f4xx_hal_uart.c.obj
                0x08002714                HAL_UART_Init
 .text.HAL_UART_Transmit
                0x080027b4      0x116 cmake/stm32cubemx/CMakeFiles/STM32_Drivers.dir/__/__/Drivers/STM32F4xx_HAL_Driver/Src/stm32f4xx_hal_uart.c.obj
                0x080027b4                HAL_UART_Transmit
 .text.HAL_UART_Receive
                0x080028ca      0x12e cmake/stm32cubemx/CMakeFiles/STM32_Drivers.dir/__/__/Drivers/STM32F4xx_HAL_Driver/Src/stm32f4xx_hal_uart.c.obj
                0x080028ca                HAL_UART_Receive
 .text.HAL_UART_IRQHandler
                0x080029f8      0x550 cmake/stm32cubemx/CMakeFiles/STM32_Drivers.dir/__/__/Drivers/STM32F4xx_HAL_Driver/Src/stm32f4xx_hal_uart.c.obj
                0x080029f8                HAL_UART_IRQHandler
 .text.HAL_UART_TxCpltCallback
                0x08002f48       0x12 cmake/stm32cubemx/CMakeFiles/STM32_Drivers.dir/__/__/Drivers/STM32F4xx_HAL_Driver/Src/stm32f4xx_hal_uart.c.obj
                0x08002f48                HAL_UART_TxCpltCallback
 .text.HAL_UART_RxCpltCallback
                0x08002f5a       0x12 cmake/stm32cubemx/CMakeFiles/STM32_Drivers.dir/__/__/Drivers/STM32F4xx_HAL_Driver/Src/stm32f4xx_hal_uart.c.obj
                0x08002f5a                HAL_UART_RxCpltCallback
 .text.HAL_UART_ErrorCallback
                0x08002f6c       0x12 cmake/stm32cubemx/CMakeFiles/STM32_Drivers.dir/__/__/Drivers/STM32F4xx_HAL_Driver/Src/stm32f4xx_hal_uart.c.obj
                0x08002f6c                HAL_UART_ErrorCallback
 .text.HAL_UARTEx_RxEventCallback
                0x08002f7e       0x16 cmake/stm32cubemx/CMakeFiles/STM32_Drivers.dir/__/__/Drivers/STM32F4xx_HAL_Driver/Src/stm32f4xx_hal_uart.c.obj
                0x08002f7e                HAL_UARTEx_RxEventCallback
 .text.UART_WaitOnFlagUntilTimeout
                0x08002f94       0xb2 cmake/stm32cubemx/CMakeFiles/STM32_Drivers.dir/__/__/Drivers/STM32F4xx_HAL_Driver/Src/stm32f4xx_hal_uart.c.obj
 .text.UART_EndRxTransfer
                0x08003046       0xc4 cmake/stm32cubemx/CMakeFiles/STM32_Drivers.dir/__/__/Drivers/STM32F4xx_HAL_Driver/Src/stm32f4xx_hal_uart.c.obj
 .text.UART_DMAAbortOnError
                0x0800310a       0x22 cmake/stm32cubemx/CMakeFiles/STM32_Drivers.dir/__/__/Drivers/STM32F4xx_HAL_Driver/Src/stm32f4xx_hal_uart.c.obj
 .text.UART_Transmit_IT
                0x0800312c       0x9e cmake/stm32cubemx/CMakeFiles/STM32_Drivers.dir/__/__/Drivers/STM32F4xx_HAL_Driver/Src/stm32f4xx_hal_uart.c.obj
 .text.UART_EndTransmit_IT
                0x080031ca       0x30 cmake/stm32cubemx/CMakeFiles/STM32_Drivers.dir/__/__/Drivers/STM32F4xx_HAL_Driver/Src/stm32f4xx_hal_uart.c.obj
 .text.UART_Receive_IT
                0x080031fa      0x17c cmake/stm32cubemx/CMakeFiles/STM32_Drivers.dir/__/__/Drivers/STM32F4xx_HAL_Driver/Src/stm32f4xx_hal_uart.c.obj
 *fill*         0x08003376        0x2 
 .text.UART_SetConfig
                0x08003378      0x4e8 cmake/stm32cubemx/CMakeFiles/STM32_Drivers.dir/__/__/Drivers/STM32F4xx_HAL_Driver/Src/stm32f4xx_hal_uart.c.obj
 .text.HAL_WWDG_Init
                0x08003860       0x48 cmake/stm32cubemx/CMakeFiles/STM32_Drivers.dir/__/__/Drivers/STM32F4xx_HAL_Driver/Src/stm32f4xx_hal_wwdg.c.obj
                0x08003860                HAL_WWDG_Init
 .text.vListInitialise
                0x080038a8       0x3e cmake/stm32cubemx/CMakeFiles/FreeRTOS.dir/__/__/Middlewares/Third_Party/FreeRTOS/Source/list.c.obj
                0x080038a8                vListInitialise
 .text.vListInitialiseItem
                0x080038e6       0x18 cmake/stm32cubemx/CMakeFiles/FreeRTOS.dir/__/__/Middlewares/Third_Party/FreeRTOS/Source/list.c.obj
                0x080038e6                vListInitialiseItem
 .text.vListInsertEnd
                0x080038fe       0x46 cmake/stm32cubemx/CMakeFiles/FreeRTOS.dir/__/__/Middlewares/Third_Party/FreeRTOS/Source/list.c.obj
                0x080038fe                vListInsertEnd
 .text.vListInsert
                0x08003944       0x70 cmake/stm32cubemx/CMakeFiles/FreeRTOS.dir/__/__/Middlewares/Third_Party/FreeRTOS/Source/list.c.obj
                0x08003944                vListInsert
 .text.uxListRemove
                0x080039b4       0x52 cmake/stm32cubemx/CMakeFiles/FreeRTOS.dir/__/__/Middlewares/Third_Party/FreeRTOS/Source/list.c.obj
                0x080039b4                uxListRemove
 *fill*         0x08003a06        0x2 
 .text.xQueueGenericReset
                0x08003a08       0xd4 cmake/stm32cubemx/CMakeFiles/FreeRTOS.dir/__/__/Middlewares/Third_Party/FreeRTOS/Source/queue.c.obj
                0x08003a08                xQueueGenericReset
 .text.xQueueGenericCreateStatic
                0x08003adc       0xfa cmake/stm32cubemx/CMakeFiles/FreeRTOS.dir/__/__/Middlewares/Third_Party/FreeRTOS/Source/queue.c.obj
                0x08003adc                xQueueGenericCreateStatic
 .text.prvInitialiseNewQueue
                0x08003bd6       0x46 cmake/stm32cubemx/CMakeFiles/FreeRTOS.dir/__/__/Middlewares/Third_Party/FreeRTOS/Source/queue.c.obj
 .text.xQueueGenericSend
                0x08003c1c      0x204 cmake/stm32cubemx/CMakeFiles/FreeRTOS.dir/__/__/Middlewares/Third_Party/FreeRTOS/Source/queue.c.obj
                0x08003c1c                xQueueGenericSend
 .text.xQueueGenericSendFromISR
                0x08003e20      0x13c cmake/stm32cubemx/CMakeFiles/FreeRTOS.dir/__/__/Middlewares/Third_Party/FreeRTOS/Source/queue.c.obj
                0x08003e20                xQueueGenericSendFromISR
 .text.xQueueReceive
                0x08003f5c      0x1c4 cmake/stm32cubemx/CMakeFiles/FreeRTOS.dir/__/__/Middlewares/Third_Party/FreeRTOS/Source/queue.c.obj
                0x08003f5c                xQueueReceive
 .text.prvCopyDataToQueue
                0x08004120       0xd4 cmake/stm32cubemx/CMakeFiles/FreeRTOS.dir/__/__/Middlewares/Third_Party/FreeRTOS/Source/queue.c.obj
 .text.prvCopyDataFromQueue
                0x080041f4       0x4c cmake/stm32cubemx/CMakeFiles/FreeRTOS.dir/__/__/Middlewares/Third_Party/FreeRTOS/Source/queue.c.obj
 .text.prvUnlockQueue
                0x08004240       0xa4 cmake/stm32cubemx/CMakeFiles/FreeRTOS.dir/__/__/Middlewares/Third_Party/FreeRTOS/Source/queue.c.obj
 .text.prvIsQueueEmpty
                0x080042e4       0x2c cmake/stm32cubemx/CMakeFiles/FreeRTOS.dir/__/__/Middlewares/Third_Party/FreeRTOS/Source/queue.c.obj
 .text.prvIsQueueFull
                0x08004310       0x30 cmake/stm32cubemx/CMakeFiles/FreeRTOS.dir/__/__/Middlewares/Third_Party/FreeRTOS/Source/queue.c.obj
 .text.vQueueAddToRegistry
                0x08004340       0x50 cmake/stm32cubemx/CMakeFiles/FreeRTOS.dir/__/__/Middlewares/Third_Party/FreeRTOS/Source/queue.c.obj
                0x08004340                vQueueAddToRegistry
 .text.vQueueWaitForMessageRestricted
                0x08004390       0x68 cmake/stm32cubemx/CMakeFiles/FreeRTOS.dir/__/__/Middlewares/Third_Party/FreeRTOS/Source/queue.c.obj
                0x08004390                vQueueWaitForMessageRestricted
 .text.xTaskCreateStatic
                0x080043f8       0xc0 cmake/stm32cubemx/CMakeFiles/FreeRTOS.dir/__/__/Middlewares/Third_Party/FreeRTOS/Source/tasks.c.obj
                0x080043f8                xTaskCreateStatic
 .text.xTaskCreate
                0x080044b8       0x8a cmake/stm32cubemx/CMakeFiles/FreeRTOS.dir/__/__/Middlewares/Third_Party/FreeRTOS/Source/tasks.c.obj
                0x080044b8                xTaskCreate
 .text.prvInitialiseNewTask
                0x08004542      0x120 cmake/stm32cubemx/CMakeFiles/FreeRTOS.dir/__/__/Middlewares/Third_Party/FreeRTOS/Source/tasks.c.obj
 *fill*         0x08004662        0x2 
 .text.prvAddNewTaskToReadyList
                0x08004664       0xe0 cmake/stm32cubemx/CMakeFiles/FreeRTOS.dir/__/__/Middlewares/Third_Party/FreeRTOS/Source/tasks.c.obj
 .text.vTaskStartScheduler
                0x08004744       0xd0 cmake/stm32cubemx/CMakeFiles/FreeRTOS.dir/__/__/Middlewares/Third_Party/FreeRTOS/Source/tasks.c.obj
                0x08004744                vTaskStartScheduler
 .text.vTaskSuspendAll
                0x08004814       0x1c cmake/stm32cubemx/CMakeFiles/FreeRTOS.dir/__/__/Middlewares/Third_Party/FreeRTOS/Source/tasks.c.obj
                0x08004814                vTaskSuspendAll
 .text.xTaskResumeAll
                0x08004830      0x13c cmake/stm32cubemx/CMakeFiles/FreeRTOS.dir/__/__/Middlewares/Third_Party/FreeRTOS/Source/tasks.c.obj
                0x08004830                xTaskResumeAll
 .text.xTaskGetTickCount
                0x0800496c       0x1c cmake/stm32cubemx/CMakeFiles/FreeRTOS.dir/__/__/Middlewares/Third_Party/FreeRTOS/Source/tasks.c.obj
                0x0800496c                xTaskGetTickCount
 .text.xTaskIncrementTick
                0x08004988      0x174 cmake/stm32cubemx/CMakeFiles/FreeRTOS.dir/__/__/Middlewares/Third_Party/FreeRTOS/Source/tasks.c.obj
                0x08004988                xTaskIncrementTick
 .text.vTaskSwitchContext
                0x08004afc       0xbc cmake/stm32cubemx/CMakeFiles/FreeRTOS.dir/__/__/Middlewares/Third_Party/FreeRTOS/Source/tasks.c.obj
                0x08004afc                vTaskSwitchContext
 .text.vTaskPlaceOnEventList
                0x08004bb8       0x4c cmake/stm32cubemx/CMakeFiles/FreeRTOS.dir/__/__/Middlewares/Third_Party/FreeRTOS/Source/tasks.c.obj
                0x08004bb8                vTaskPlaceOnEventList
 .text.vTaskPlaceOnEventListRestricted
                0x08004c04       0x58 cmake/stm32cubemx/CMakeFiles/FreeRTOS.dir/__/__/Middlewares/Third_Party/FreeRTOS/Source/tasks.c.obj
                0x08004c04                vTaskPlaceOnEventListRestricted
 .text.xTaskRemoveFromEventList
                0x08004c5c       0xc8 cmake/stm32cubemx/CMakeFiles/FreeRTOS.dir/__/__/Middlewares/Third_Party/FreeRTOS/Source/tasks.c.obj
                0x08004c5c                xTaskRemoveFromEventList
 .text.vTaskInternalSetTimeOutState
                0x08004d24       0x2c cmake/stm32cubemx/CMakeFiles/FreeRTOS.dir/__/__/Middlewares/Third_Party/FreeRTOS/Source/tasks.c.obj
                0x08004d24                vTaskInternalSetTimeOutState
 .text.xTaskCheckForTimeOut
                0x08004d50       0xc8 cmake/stm32cubemx/CMakeFiles/FreeRTOS.dir/__/__/Middlewares/Third_Party/FreeRTOS/Source/tasks.c.obj
                0x08004d50                xTaskCheckForTimeOut
 .text.vTaskMissedYield
                0x08004e18       0x18 cmake/stm32cubemx/CMakeFiles/FreeRTOS.dir/__/__/Middlewares/Third_Party/FreeRTOS/Source/tasks.c.obj
                0x08004e18                vTaskMissedYield
 .text.prvIdleTask
                0x08004e30       0x30 cmake/stm32cubemx/CMakeFiles/FreeRTOS.dir/__/__/Middlewares/Third_Party/FreeRTOS/Source/tasks.c.obj
 .text.prvInitialiseTaskLists
                0x08004e60       0x80 cmake/stm32cubemx/CMakeFiles/FreeRTOS.dir/__/__/Middlewares/Third_Party/FreeRTOS/Source/tasks.c.obj
 .text.prvCheckTasksWaitingTermination
                0x08004ee0       0x5c cmake/stm32cubemx/CMakeFiles/FreeRTOS.dir/__/__/Middlewares/Third_Party/FreeRTOS/Source/tasks.c.obj
 .text.prvDeleteTCB
                0x08004f3c       0x60 cmake/stm32cubemx/CMakeFiles/FreeRTOS.dir/__/__/Middlewares/Third_Party/FreeRTOS/Source/tasks.c.obj
 .text.prvResetNextTaskUnblockTime
                0x08004f9c       0x40 cmake/stm32cubemx/CMakeFiles/FreeRTOS.dir/__/__/Middlewares/Third_Party/FreeRTOS/Source/tasks.c.obj
 .text.xTaskGetSchedulerState
                0x08004fdc       0x3c cmake/stm32cubemx/CMakeFiles/FreeRTOS.dir/__/__/Middlewares/Third_Party/FreeRTOS/Source/tasks.c.obj
                0x08004fdc                xTaskGetSchedulerState
 .text.xTaskPriorityDisinherit
                0x08005018       0xe0 cmake/stm32cubemx/CMakeFiles/FreeRTOS.dir/__/__/Middlewares/Third_Party/FreeRTOS/Source/tasks.c.obj
                0x08005018                xTaskPriorityDisinherit
 .text.prvAddCurrentTaskToDelayedList
                0x080050f8       0xa8 cmake/stm32cubemx/CMakeFiles/FreeRTOS.dir/__/__/Middlewares/Third_Party/FreeRTOS/Source/tasks.c.obj
 .text.xTimerCreateTimerTask
                0x080051a0       0x94 cmake/stm32cubemx/CMakeFiles/FreeRTOS.dir/__/__/Middlewares/Third_Party/FreeRTOS/Source/timers.c.obj
                0x080051a0                xTimerCreateTimerTask
 .text.xTimerGenericCommand
                0x08005234       0x9c cmake/stm32cubemx/CMakeFiles/FreeRTOS.dir/__/__/Middlewares/Third_Party/FreeRTOS/Source/timers.c.obj
                0x08005234                xTimerGenericCommand
 .text.prvProcessExpiredTimer
                0x080052d0       0x9c cmake/stm32cubemx/CMakeFiles/FreeRTOS.dir/__/__/Middlewares/Third_Party/FreeRTOS/Source/timers.c.obj
 .text.prvTimerTask
                0x0800536c       0x26 cmake/stm32cubemx/CMakeFiles/FreeRTOS.dir/__/__/Middlewares/Third_Party/FreeRTOS/Source/timers.c.obj
 *fill*         0x08005392        0x2 
 .text.prvProcessTimerOrBlockTask
                0x08005394       0x9c cmake/stm32cubemx/CMakeFiles/FreeRTOS.dir/__/__/Middlewares/Third_Party/FreeRTOS/Source/timers.c.obj
 .text.prvGetNextExpireTime
                0x08005430       0x44 cmake/stm32cubemx/CMakeFiles/FreeRTOS.dir/__/__/Middlewares/Third_Party/FreeRTOS/Source/timers.c.obj
 .text.prvSampleTimeNow
                0x08005474       0x40 cmake/stm32cubemx/CMakeFiles/FreeRTOS.dir/__/__/Middlewares/Third_Party/FreeRTOS/Source/timers.c.obj
 .text.prvInsertTimerInActiveList
                0x080054b4       0x84 cmake/stm32cubemx/CMakeFiles/FreeRTOS.dir/__/__/Middlewares/Third_Party/FreeRTOS/Source/timers.c.obj
 .text.prvProcessReceivedCommands
                0x08005538      0x1d8 cmake/stm32cubemx/CMakeFiles/FreeRTOS.dir/__/__/Middlewares/Third_Party/FreeRTOS/Source/timers.c.obj
 .text.prvSwitchTimerLists
                0x08005710       0xcc cmake/stm32cubemx/CMakeFiles/FreeRTOS.dir/__/__/Middlewares/Third_Party/FreeRTOS/Source/timers.c.obj
 .text.prvCheckForValidListAndQueue
                0x080057dc       0x80 cmake/stm32cubemx/CMakeFiles/FreeRTOS.dir/__/__/Middlewares/Third_Party/FreeRTOS/Source/timers.c.obj
 .text.__NVIC_SetPriority
                0x0800585c       0x54 cmake/stm32cubemx/CMakeFiles/FreeRTOS.dir/__/__/Middlewares/Third_Party/FreeRTOS/Source/CMSIS_RTOS_V2/cmsis_os2.c.obj
 .text.SysTick_Handler
                0x080058b0       0x20 cmake/stm32cubemx/CMakeFiles/FreeRTOS.dir/__/__/Middlewares/Third_Party/FreeRTOS/Source/CMSIS_RTOS_V2/cmsis_os2.c.obj
                0x080058b0                SysTick_Handler
 .text.SVC_Setup
                0x080058d0       0x12 cmake/stm32cubemx/CMakeFiles/FreeRTOS.dir/__/__/Middlewares/Third_Party/FreeRTOS/Source/CMSIS_RTOS_V2/cmsis_os2.c.obj
 *fill*         0x080058e2        0x2 
 .text.osKernelInitialize
                0x080058e4       0x44 cmake/stm32cubemx/CMakeFiles/FreeRTOS.dir/__/__/Middlewares/Third_Party/FreeRTOS/Source/CMSIS_RTOS_V2/cmsis_os2.c.obj
                0x080058e4                osKernelInitialize
 .text.osKernelStart
                0x08005928       0x4c cmake/stm32cubemx/CMakeFiles/FreeRTOS.dir/__/__/Middlewares/Third_Party/FreeRTOS/Source/CMSIS_RTOS_V2/cmsis_os2.c.obj
                0x08005928                osKernelStart
 .text.osThreadNew
                0x08005974      0x124 cmake/stm32cubemx/CMakeFiles/FreeRTOS.dir/__/__/Middlewares/Third_Party/FreeRTOS/Source/CMSIS_RTOS_V2/cmsis_os2.c.obj
                0x08005974                osThreadNew
 .text.vApplicationGetIdleTaskMemory
                0x08005a98       0x30 cmake/stm32cubemx/CMakeFiles/FreeRTOS.dir/__/__/Middlewares/Third_Party/FreeRTOS/Source/CMSIS_RTOS_V2/cmsis_os2.c.obj
                0x08005a98                vApplicationGetIdleTaskMemory
 .text.vApplicationGetTimerTaskMemory
                0x08005ac8       0x34 cmake/stm32cubemx/CMakeFiles/FreeRTOS.dir/__/__/Middlewares/Third_Party/FreeRTOS/Source/CMSIS_RTOS_V2/cmsis_os2.c.obj
                0x08005ac8                vApplicationGetTimerTaskMemory
 .text.pvPortMalloc
                0x08005afc      0x19c cmake/stm32cubemx/CMakeFiles/FreeRTOS.dir/__/__/Middlewares/Third_Party/FreeRTOS/Source/portable/MemMang/heap_4.c.obj
                0x08005afc                pvPortMalloc
 .text.vPortFree
                0x08005c98       0xc8 cmake/stm32cubemx/CMakeFiles/FreeRTOS.dir/__/__/Middlewares/Third_Party/FreeRTOS/Source/portable/MemMang/heap_4.c.obj
                0x08005c98                vPortFree
 .text.prvHeapInit
                0x08005d60       0xc4 cmake/stm32cubemx/CMakeFiles/FreeRTOS.dir/__/__/Middlewares/Third_Party/FreeRTOS/Source/portable/MemMang/heap_4.c.obj
 .text.prvInsertBlockIntoFreeList
                0x08005e24       0xb0 cmake/stm32cubemx/CMakeFiles/FreeRTOS.dir/__/__/Middlewares/Third_Party/FreeRTOS/Source/portable/MemMang/heap_4.c.obj
 .text.pxPortInitialiseStack
                0x08005ed4       0x68 cmake/stm32cubemx/CMakeFiles/FreeRTOS.dir/__/__/Middlewares/Third_Party/FreeRTOS/Source/portable/GCC/ARM_CM4F/port.c.obj
                0x08005ed4                pxPortInitialiseStack
 .text.prvTaskExitError
                0x08005f3c       0x58 cmake/stm32cubemx/CMakeFiles/FreeRTOS.dir/__/__/Middlewares/Third_Party/FreeRTOS/Source/portable/GCC/ARM_CM4F/port.c.obj
 *fill*         0x08005f94        0xc 
 .text.SVC_Handler
                0x08005fa0       0x28 cmake/stm32cubemx/CMakeFiles/FreeRTOS.dir/__/__/Middlewares/Third_Party/FreeRTOS/Source/portable/GCC/ARM_CM4F/port.c.obj
                0x08005fa0                SVC_Handler
 .text.prvPortStartFirstTask
                0x08005fc8       0x28 cmake/stm32cubemx/CMakeFiles/FreeRTOS.dir/__/__/Middlewares/Third_Party/FreeRTOS/Source/portable/GCC/ARM_CM4F/port.c.obj
 .text.xPortStartScheduler
                0x08005ff0      0x144 cmake/stm32cubemx/CMakeFiles/FreeRTOS.dir/__/__/Middlewares/Third_Party/FreeRTOS/Source/portable/GCC/ARM_CM4F/port.c.obj
                0x08005ff0                xPortStartScheduler
 .text.vPortEnterCritical
                0x08006134       0x60 cmake/stm32cubemx/CMakeFiles/FreeRTOS.dir/__/__/Middlewares/Third_Party/FreeRTOS/Source/portable/GCC/ARM_CM4F/port.c.obj
                0x08006134                vPortEnterCritical
 .text.vPortExitCritical
                0x08006194       0x54 cmake/stm32cubemx/CMakeFiles/FreeRTOS.dir/__/__/Middlewares/Third_Party/FreeRTOS/Source/portable/GCC/ARM_CM4F/port.c.obj
                0x08006194                vPortExitCritical
 *fill*         0x080061e8        0x8 
 .text.PendSV_Handler
                0x080061f0       0x68 cmake/stm32cubemx/CMakeFiles/FreeRTOS.dir/__/__/Middlewares/Third_Party/FreeRTOS/Source/portable/GCC/ARM_CM4F/port.c.obj
                0x080061f0                PendSV_Handler
 .text.xPortSysTickHandler
                0x08006258       0x44 cmake/stm32cubemx/CMakeFiles/FreeRTOS.dir/__/__/Middlewares/Third_Party/FreeRTOS/Source/portable/GCC/ARM_CM4F/port.c.obj
                0x08006258                xPortSysTickHandler
 .text.vPortSetupTimerInterrupt
                0x0800629c       0x44 cmake/stm32cubemx/CMakeFiles/FreeRTOS.dir/__/__/Middlewares/Third_Party/FreeRTOS/Source/portable/GCC/ARM_CM4F/port.c.obj
                0x0800629c                vPortSetupTimerInterrupt
 .text.vPortEnableVFP
                0x080062e0       0x14 cmake/stm32cubemx/CMakeFiles/FreeRTOS.dir/__/__/Middlewares/Third_Party/FreeRTOS/Source/portable/GCC/ARM_CM4F/port.c.obj
 .text.vPortValidateInterruptPriority
                0x080062f4       0x80 cmake/stm32cubemx/CMakeFiles/FreeRTOS.dir/__/__/Middlewares/Third_Party/FreeRTOS/Source/portable/GCC/ARM_CM4F/port.c.obj
                0x080062f4                vPortValidateInterruptPriority
 .text.main     0x08006374       0x4c CMakeFiles/Source.dir/Core/Src/main.c.obj
                0x08006374                main
 .text.SystemClock_Config
                0x080063c0       0xd0 CMakeFiles/Source.dir/Core/Src/main.c.obj
                0x080063c0                SystemClock_Config
 .text.MX_USART1_UART_Init
                0x08006490       0x54 CMakeFiles/Source.dir/Core/Src/main.c.obj
 .text.MX_USART2_UART_Init
                0x080064e4       0x54 CMakeFiles/Source.dir/Core/Src/main.c.obj
 .text.MX_WWDG_Init
                0x08006538       0x40 CMakeFiles/Source.dir/Core/Src/main.c.obj
 .text.MX_DMA_Init
                0x08006578       0x8c CMakeFiles/Source.dir/Core/Src/main.c.obj
 .text.MX_GPIO_Init
                0x08006604       0xd4 CMakeFiles/Source.dir/Core/Src/main.c.obj
 .text.StartDefaultTask
                0x080066d8       0x16 CMakeFiles/Source.dir/Core/Src/main.c.obj
                0x080066d8                StartDefaultTask
 *fill*         0x080066ee        0x2 
 .text.HAL_TIM_PeriodElapsedCallback
                0x080066f0       0x24 CMakeFiles/Source.dir/Core/Src/main.c.obj
                0x080066f0                HAL_TIM_PeriodElapsedCallback
 .text.Error_Handler
                0x08006714       0x1c CMakeFiles/Source.dir/Core/Src/main.c.obj
                0x08006714                Error_Handler
 .text.NMI_Handler
                0x08006730        0x8 CMakeFiles/Source.dir/Core/Src/stm32f4xx_it.c.obj
                0x08006730                NMI_Handler
 .text.HardFault_Handler
                0x08006738        0x8 CMakeFiles/Source.dir/Core/Src/stm32f4xx_it.c.obj
                0x08006738                HardFault_Handler
 .text.MemManage_Handler
                0x08006740        0x8 CMakeFiles/Source.dir/Core/Src/stm32f4xx_it.c.obj
                0x08006740                MemManage_Handler
 .text.BusFault_Handler
                0x08006748        0x8 CMakeFiles/Source.dir/Core/Src/stm32f4xx_it.c.obj
                0x08006748                BusFault_Handler
 .text.UsageFault_Handler
                0x08006750        0x8 CMakeFiles/Source.dir/Core/Src/stm32f4xx_it.c.obj
                0x08006750                UsageFault_Handler
 .text.DebugMon_Handler
                0x08006758        0xc CMakeFiles/Source.dir/Core/Src/stm32f4xx_it.c.obj
                0x08006758                DebugMon_Handler
 .text.DMA1_Stream5_IRQHandler
                0x08006764       0x14 CMakeFiles/Source.dir/Core/Src/stm32f4xx_it.c.obj
                0x08006764                DMA1_Stream5_IRQHandler
 .text.DMA1_Stream6_IRQHandler
                0x08006778       0x14 CMakeFiles/Source.dir/Core/Src/stm32f4xx_it.c.obj
                0x08006778                DMA1_Stream6_IRQHandler
 .text.TIM1_TRG_COM_TIM11_IRQHandler
                0x0800678c       0x14 CMakeFiles/Source.dir/Core/Src/stm32f4xx_it.c.obj
                0x0800678c                TIM1_TRG_COM_TIM11_IRQHandler
 .text.USART1_IRQHandler
                0x080067a0       0x14 CMakeFiles/Source.dir/Core/Src/stm32f4xx_it.c.obj
                0x080067a0                USART1_IRQHandler
 .text.USART2_IRQHandler
                0x080067b4       0x14 CMakeFiles/Source.dir/Core/Src/stm32f4xx_it.c.obj
                0x080067b4                USART2_IRQHandler
 .text.DMA2_Stream2_IRQHandler
                0x080067c8       0x14 CMakeFiles/Source.dir/Core/Src/stm32f4xx_it.c.obj
                0x080067c8                DMA2_Stream2_IRQHandler
 .text.DMA2_Stream7_IRQHandler
                0x080067dc       0x14 CMakeFiles/Source.dir/Core/Src/stm32f4xx_it.c.obj
                0x080067dc                DMA2_Stream7_IRQHandler
 .text.HAL_MspInit
                0x080067f0       0x58 CMakeFiles/Source.dir/Core/Src/stm32f4xx_hal_msp.c.obj
                0x080067f0                HAL_MspInit
 .text.HAL_UART_MspInit
                0x08006848      0x2b0 CMakeFiles/Source.dir/Core/Src/stm32f4xx_hal_msp.c.obj
                0x08006848                HAL_UART_MspInit
 .text.HAL_WWDG_MspInit
                0x08006af8       0x40 CMakeFiles/Source.dir/Core/Src/stm32f4xx_hal_msp.c.obj
                0x08006af8                HAL_WWDG_MspInit
 .text.HAL_InitTick
                0x08006b38       0xe4 CMakeFiles/Source.dir/Core/Src/stm32f4xx_hal_timebase_tim.c.obj
                0x08006b38                HAL_InitTick
 .text._sbrk    0x08006c1c       0x6c CMakeFiles/Source.dir/Core/Src/sysmem.c.obj
                0x08006c1c                _sbrk
 .text._getpid  0x08006c88        0xe CMakeFiles/Source.dir/Core/Src/syscalls.c.obj
                0x08006c88                _getpid
 .text._kill    0x08006c96       0x20 CMakeFiles/Source.dir/Core/Src/syscalls.c.obj
                0x08006c96                _kill
 .text._exit    0x08006cb6       0x16 CMakeFiles/Source.dir/Core/Src/syscalls.c.obj
                0x08006cb6                _exit
 .text._read    0x08006ccc       0x3a CMakeFiles/Source.dir/Core/Src/syscalls.c.obj
                0x08006ccc                _read
 .text._write   0x08006d06       0x38 CMakeFiles/Source.dir/Core/Src/syscalls.c.obj
                0x08006d06                _write
 .text._close   0x08006d3e       0x16 CMakeFiles/Source.dir/Core/Src/syscalls.c.obj
                0x08006d3e                _close
 .text._fstat   0x08006d54       0x1e CMakeFiles/Source.dir/Core/Src/syscalls.c.obj
                0x08006d54                _fstat
 .text._isatty  0x08006d72       0x14 CMakeFiles/Source.dir/Core/Src/syscalls.c.obj
                0x08006d72                _isatty
 .text._lseek   0x08006d86       0x18 CMakeFiles/Source.dir/Core/Src/syscalls.c.obj
                0x08006d86                _lseek
 *fill*         0x08006d9e        0x2 
 .text.Reset_Handler
                0x08006da0       0x50 CMakeFiles/Source.dir/startup_stm32f411xe.s.obj
                0x08006da0                Reset_Handler
 .text.Default_Handler
                0x08006df0        0x2 CMakeFiles/Source.dir/startup_stm32f411xe.s.obj
                0x08006df0                RTC_Alarm_IRQHandler
                0x08006df0                EXTI2_IRQHandler
                0x08006df0                SPI4_IRQHandler
                0x08006df0                TIM1_CC_IRQHandler
                0x08006df0                DMA2_Stream5_IRQHandler
                0x08006df0                PVD_IRQHandler
                0x08006df0                SDIO_IRQHandler
                0x08006df0                TAMP_STAMP_IRQHandler
                0x08006df0                EXTI3_IRQHandler
                0x08006df0                TIM1_UP_TIM10_IRQHandler
                0x08006df0                I2C3_ER_IRQHandler
                0x08006df0                EXTI0_IRQHandler
                0x08006df0                I2C2_EV_IRQHandler
                0x08006df0                DMA1_Stream2_IRQHandler
                0x08006df0                FPU_IRQHandler
                0x08006df0                SPI1_IRQHandler
                0x08006df0                TIM1_BRK_TIM9_IRQHandler
                0x08006df0                DMA2_Stream3_IRQHandler
                0x08006df0                USART6_IRQHandler
                0x08006df0                DMA2_Stream0_IRQHandler
                0x08006df0                TIM4_IRQHandler
                0x08006df0                I2C1_EV_IRQHandler
                0x08006df0                DMA1_Stream1_IRQHandler
                0x08006df0                TIM3_IRQHandler
                0x08006df0                RCC_IRQHandler
                0x08006df0                Default_Handler
                0x08006df0                EXTI15_10_IRQHandler
                0x08006df0                ADC_IRQHandler
                0x08006df0                DMA1_Stream7_IRQHandler
                0x08006df0                SPI5_IRQHandler
                0x08006df0                TIM5_IRQHandler
                0x08006df0                I2C3_EV_IRQHandler
                0x08006df0                EXTI9_5_IRQHandler
                0x08006df0                RTC_WKUP_IRQHandler
                0x08006df0                SPI2_IRQHandler
                0x08006df0                DMA1_Stream0_IRQHandler
                0x08006df0                EXTI4_IRQHandler
                0x08006df0                WWDG_IRQHandler
                0x08006df0                TIM2_IRQHandler
                0x08006df0                OTG_FS_WKUP_IRQHandler
                0x08006df0                EXTI1_IRQHandler
                0x08006df0                I2C2_ER_IRQHandler
                0x08006df0                DMA2_Stream1_IRQHandler
                0x08006df0                FLASH_IRQHandler
                0x08006df0                DMA2_Stream4_IRQHandler
                0x08006df0                OTG_FS_IRQHandler
                0x08006df0                SPI3_IRQHandler
                0x08006df0                DMA1_Stream4_IRQHandler
                0x08006df0                I2C1_ER_IRQHandler
                0x08006df0                DMA2_Stream6_IRQHandler
                0x08006df0                DMA1_Stream3_IRQHandler
 *fill*         0x08006df2        0x2 
 .text.upper_copy
                0x08006df4       0x70 CMakeFiles/Source.dir/D_/Embedded/Project/Freelance/App/gom/gom_router.c.obj
 .text.is_token
                0x08006e64       0x50 CMakeFiles/Source.dir/D_/Embedded/Project/Freelance/App/gom/gom_router.c.obj
 .text.token_one_of
                0x08006eb4       0x7e CMakeFiles/Source.dir/D_/Embedded/Project/Freelance/App/gom/gom_router.c.obj
 *fill*         0x08006f32        0x2 
 .text.valid_token
                0x08006f34      0x124 CMakeFiles/Source.dir/D_/Embedded/Project/Freelance/App/gom/gom_router.c.obj
 .text.match_header
                0x08007058       0x9e CMakeFiles/Source.dir/D_/Embedded/Project/Freelance/App/gom/gom_router.c.obj
 *fill*         0x080070f6        0x2 
 .text.find_command
                0x080070f8       0x5c CMakeFiles/Source.dir/D_/Embedded/Project/Freelance/App/gom/gom_router.c.obj
 .text.capabilities
                0x08007154       0x2a CMakeFiles/Source.dir/D_/Embedded/Project/Freelance/App/gom/gom_router.c.obj
 .text.gom_router_init
                0x0800717e       0x24 CMakeFiles/Source.dir/D_/Embedded/Project/Freelance/App/gom/gom_router.c.obj
                0x0800717e                gom_router_init
 .text.gom_router_set_device
                0x080071a2       0x6c CMakeFiles/Source.dir/D_/Embedded/Project/Freelance/App/gom/gom_router.c.obj
                0x080071a2                gom_router_set_device
 *fill*         0x0800720e        0x2 
 .text.gom_router_execute
                0x08007210      0x90c CMakeFiles/Source.dir/D_/Embedded/Project/Freelance/App/gom/gom_router.c.obj
                0x08007210                gom_router_execute
 .text.gom_router_status_text
                0x08007b1c       0x30 CMakeFiles/Source.dir/D_/Embedded/Project/Freelance/App/gom/gom_router.c.obj
                0x08007b1c                gom_router_status_text
 .text.bin_header
                0x08007b4c       0x8c CMakeFiles/Source.dir/D_/Embedded/Project/Freelance/App/gom/gom_command_encoder.c.obj
 .text.gom_encode_operation
                0x08007bd8      0x1bc CMakeFiles/Source.dir/D_/Embedded/Project/Freelance/App/gom/gom_command_encoder.c.obj
                0x08007bd8                gom_encode_operation
 .text.pc_write
                0x08007d94       0x2c CMakeFiles/Source.dir/D_/Embedded/Project/Freelance/App/gom/gom_firmware.c.obj
 .text.pc_error
                0x08007dc0       0x38 CMakeFiles/Source.dir/D_/Embedded/Project/Freelance/App/gom/gom_firmware.c.obj
 .text.gom_read_line
                0x08007df8       0x94 CMakeFiles/Source.dir/D_/Embedded/Project/Freelance/App/gom/gom_firmware.c.obj
 .text.update_identity
                0x08007e8c       0x84 CMakeFiles/Source.dir/D_/Embedded/Project/Freelance/App/gom/gom_firmware.c.obj
 .text.is_router_local
                0x08007f10       0xc4 CMakeFiles/Source.dir/D_/Embedded/Project/Freelance/App/gom/gom_firmware.c.obj
 .text.execute_line
                0x08007fd4      0x268 CMakeFiles/Source.dir/D_/Embedded/Project/Freelance/App/gom/gom_firmware.c.obj
 .text.gom_firmware_init
                0x0800823c       0x38 CMakeFiles/Source.dir/D_/Embedded/Project/Freelance/App/gom/gom_firmware.c.obj
                0x0800823c                gom_firmware_init
 .text.gom_firmware_task
                0x08008274       0xdc CMakeFiles/Source.dir/D_/Embedded/Project/Freelance/App/gom/gom_firmware.c.obj
                0x08008274                gom_firmware_task
 .text.feedback_is
                0x08008350       0x3e CMakeFiles/Source.dir/D_/Embedded/Project/Freelance/App/relay/relay_matrix.c.obj
 .text.relay_matrix_init
                0x0800838e       0x40 CMakeFiles/Source.dir/D_/Embedded/Project/Freelance/App/relay/relay_matrix.c.obj
                0x0800838e                relay_matrix_init
 .text.relay_matrix_emergency_off
                0x080083ce       0x2c CMakeFiles/Source.dir/D_/Embedded/Project/Freelance/App/relay/relay_matrix.c.obj
                0x080083ce                relay_matrix_emergency_off
 .text.relay_matrix_select
                0x080083fa       0xda CMakeFiles/Source.dir/D_/Embedded/Project/Freelance/App/relay/relay_matrix.c.obj
                0x080083fa                relay_matrix_select
 .text.board_relay_all_off
                0x080084d4       0x20 CMakeFiles/Source.dir/D_/Embedded/Project/Freelance/App/board/board_io.c.obj
                0x080084d4                board_relay_all_off
 .text.board_relay_set_one
                0x080084f4       0x4c CMakeFiles/Source.dir/D_/Embedded/Project/Freelance/App/board/board_io.c.obj
                0x080084f4                board_relay_set_one
 .text.board_delay_ms
                0x08008540       0x18 CMakeFiles/Source.dir/D_/Embedded/Project/Freelance/App/board/board_io.c.obj
                0x08008540                board_delay_ms
 .text.__udivmoddi4
                0x08008558      0x320 C:/Program Files (x86)/Arm/GNU Toolchain mingw-w64-i686-arm-none-eabi/bin/../lib/gcc/arm-none-eabi/15.2.1/thumb/v7e-m+fp/hard\libgcc.a(_udivmoddi4.o)
                0x08008558                __udivmoddi4
 .text.sulp     0x08008878       0x3c C:/Program Files (x86)/Arm/GNU Toolchain mingw-w64-i686-arm-none-eabi/bin/../lib/gcc/arm-none-eabi/15.2.1/../../../../arm-none-eabi/lib/thumb/v7e-m+fp/hard\libg_nano.a(libc_a-strtod.o)
 *fill*         0x080088b4        0x4 
 .text._strtod_l
                0x080088b8      0xbe0 C:/Program Files (x86)/Arm/GNU Toolchain mingw-w64-i686-arm-none-eabi/bin/../lib/gcc/arm-none-eabi/15.2.1/../../../../arm-none-eabi/lib/thumb/v7e-m+fp/hard\libg_nano.a(libc_a-strtod.o)
                0x080088b8                _strtod_l
 .text.strtod   0x08009498       0x18 C:/Program Files (x86)/Arm/GNU Toolchain mingw-w64-i686-arm-none-eabi/bin/../lib/gcc/arm-none-eabi/15.2.1/../../../../arm-none-eabi/lib/thumb/v7e-m+fp/hard\libg_nano.a(libc_a-strtod.o)
                0x08009498                strtod
 .text._strtol_l.isra.0
                0x080094b0       0xf4 C:/Program Files (x86)/Arm/GNU Toolchain mingw-w64-i686-arm-none-eabi/bin/../lib/gcc/arm-none-eabi/15.2.1/../../../../arm-none-eabi/lib/thumb/v7e-m+fp/hard\libg_nano.a(libc_a-strtol.o)
 .text.strtol   0x080095a4       0x14 C:/Program Files (x86)/Arm/GNU Toolchain mingw-w64-i686-arm-none-eabi/bin/../lib/gcc/arm-none-eabi/15.2.1/../../../../arm-none-eabi/lib/thumb/v7e-m+fp/hard\libg_nano.a(libc_a-strtol.o)
                0x080095a4                strtol
 .text.std      0x080095b8       0x6c C:/Program Files (x86)/Arm/GNU Toolchain mingw-w64-i686-arm-none-eabi/bin/../lib/gcc/arm-none-eabi/15.2.1/../../../../arm-none-eabi/lib/thumb/v7e-m+fp/hard\libg_nano.a(libc_a-findfp.o)
 .text.stdio_exit_handler
                0x08009624       0x18 C:/Program Files (x86)/Arm/GNU Toolchain mingw-w64-i686-arm-none-eabi/bin/../lib/gcc/arm-none-eabi/15.2.1/../../../../arm-none-eabi/lib/thumb/v7e-m+fp/hard\libg_nano.a(libc_a-findfp.o)
 .text.cleanup_stdio
                0x0800963c       0x40 C:/Program Files (x86)/Arm/GNU Toolchain mingw-w64-i686-arm-none-eabi/bin/../lib/gcc/arm-none-eabi/15.2.1/../../../../arm-none-eabi/lib/thumb/v7e-m+fp/hard\libg_nano.a(libc_a-findfp.o)
 .text.global_stdio_init.part.0
                0x0800967c       0x40 C:/Program Files (x86)/Arm/GNU Toolchain mingw-w64-i686-arm-none-eabi/bin/../lib/gcc/arm-none-eabi/15.2.1/../../../../arm-none-eabi/lib/thumb/v7e-m+fp/hard\libg_nano.a(libc_a-findfp.o)
 .text.__sfp_lock_acquire
                0x080096bc        0xc C:/Program Files (x86)/Arm/GNU Toolchain mingw-w64-i686-arm-none-eabi/bin/../lib/gcc/arm-none-eabi/15.2.1/../../../../arm-none-eabi/lib/thumb/v7e-m+fp/hard\libg_nano.a(libc_a-findfp.o)
                0x080096bc                __sfp_lock_acquire
 .text.__sfp_lock_release
                0x080096c8        0xc C:/Program Files (x86)/Arm/GNU Toolchain mingw-w64-i686-arm-none-eabi/bin/../lib/gcc/arm-none-eabi/15.2.1/../../../../arm-none-eabi/lib/thumb/v7e-m+fp/hard\libg_nano.a(libc_a-findfp.o)
                0x080096c8                __sfp_lock_release
 .text.__sinit  0x080096d4       0x30 C:/Program Files (x86)/Arm/GNU Toolchain mingw-w64-i686-arm-none-eabi/bin/../lib/gcc/arm-none-eabi/15.2.1/../../../../arm-none-eabi/lib/thumb/v7e-m+fp/hard\libg_nano.a(libc_a-findfp.o)
                0x080096d4                __sinit
 .text._fwalk_sglue
                0x08009704       0x3a C:/Program Files (x86)/Arm/GNU Toolchain mingw-w64-i686-arm-none-eabi/bin/../lib/gcc/arm-none-eabi/15.2.1/../../../../arm-none-eabi/lib/thumb/v7e-m+fp/hard\libg_nano.a(libc_a-fwalk.o)
                0x08009704                _fwalk_sglue
 *fill*         0x0800973e        0x2 
 .text.snprintf
                0x08009740       0x64 C:/Program Files (x86)/Arm/GNU Toolchain mingw-w64-i686-arm-none-eabi/bin/../lib/gcc/arm-none-eabi/15.2.1/../../../../arm-none-eabi/lib/thumb/v7e-m+fp/hard\libg_nano.a(libc_a-snprintf.o)
                0x08009740                sniprintf
                0x08009740                snprintf
 .text.__sread  0x080097a4       0x22 C:/Program Files (x86)/Arm/GNU Toolchain mingw-w64-i686-arm-none-eabi/bin/../lib/gcc/arm-none-eabi/15.2.1/../../../../arm-none-eabi/lib/thumb/v7e-m+fp/hard\libg_nano.a(libc_a-stdio.o)
                0x080097a4                __sread
 .text.__swrite
                0x080097c6       0x38 C:/Program Files (x86)/Arm/GNU Toolchain mingw-w64-i686-arm-none-eabi/bin/../lib/gcc/arm-none-eabi/15.2.1/../../../../arm-none-eabi/lib/thumb/v7e-m+fp/hard\libg_nano.a(libc_a-stdio.o)
                0x080097c6                __swrite
 .text.__sseek  0x080097fe       0x26 C:/Program Files (x86)/Arm/GNU Toolchain mingw-w64-i686-arm-none-eabi/bin/../lib/gcc/arm-none-eabi/15.2.1/../../../../arm-none-eabi/lib/thumb/v7e-m+fp/hard\libg_nano.a(libc_a-stdio.o)
                0x080097fe                __sseek
 .text.__sclose
                0x08009824        0x8 C:/Program Files (x86)/Arm/GNU Toolchain mingw-w64-i686-arm-none-eabi/bin/../lib/gcc/arm-none-eabi/15.2.1/../../../../arm-none-eabi/lib/thumb/v7e-m+fp/hard\libg_nano.a(libc_a-stdio.o)
                0x08009824                __sclose
 .text.memcmp   0x0800982c       0x20 C:/Program Files (x86)/Arm/GNU Toolchain mingw-w64-i686-arm-none-eabi/bin/../lib/gcc/arm-none-eabi/15.2.1/../../../../arm-none-eabi/lib/thumb/v7e-m+fp/hard\libg_nano.a(libc_a-memcmp.o)
                0x0800982c                memcmp
 .text.memmove  0x0800984c       0x32 C:/Program Files (x86)/Arm/GNU Toolchain mingw-w64-i686-arm-none-eabi/bin/../lib/gcc/arm-none-eabi/15.2.1/../../../../arm-none-eabi/lib/thumb/v7e-m+fp/hard\libg_nano.a(libc_a-memmove.o)
                0x0800984c                memmove
 .text.memset   0x0800987e       0x10 C:/Program Files (x86)/Arm/GNU Toolchain mingw-w64-i686-arm-none-eabi/bin/../lib/gcc/arm-none-eabi/15.2.1/../../../../arm-none-eabi/lib/thumb/v7e-m+fp/hard\libg_nano.a(libc_a-memset.o)
                0x0800987e                memset
 .text.strchr   0x0800988e       0x1c C:/Program Files (x86)/Arm/GNU Toolchain mingw-w64-i686-arm-none-eabi/bin/../lib/gcc/arm-none-eabi/15.2.1/../../../../arm-none-eabi/lib/thumb/v7e-m+fp/hard\libg_nano.a(libc_a-strchr.o)
                0x0800988e                strchr
 .text.strncmp  0x080098aa       0x24 C:/Program Files (x86)/Arm/GNU Toolchain mingw-w64-i686-arm-none-eabi/bin/../lib/gcc/arm-none-eabi/15.2.1/../../../../arm-none-eabi/lib/thumb/v7e-m+fp/hard\libg_nano.a(libc_a-strncmp.o)
                0x080098aa                strncmp
 .text.strpbrk  0x080098ce       0x22 C:/Program Files (x86)/Arm/GNU Toolchain mingw-w64-i686-arm-none-eabi/bin/../lib/gcc/arm-none-eabi/15.2.1/../../../../arm-none-eabi/lib/thumb/v7e-m+fp/hard\libg_nano.a(libc_a-strpbrk.o)
                0x080098ce                strpbrk
 .text.strstr   0x080098f0       0x2c C:/Program Files (x86)/Arm/GNU Toolchain mingw-w64-i686-arm-none-eabi/bin/../lib/gcc/arm-none-eabi/15.2.1/../../../../arm-none-eabi/lib/thumb/v7e-m+fp/hard\libg_nano.a(libc_a-strstr.o)
                0x080098f0                strstr
 .text._close_r
                0x0800991c       0x20 C:/Program Files (x86)/Arm/GNU Toolchain mingw-w64-i686-arm-none-eabi/bin/../lib/gcc/arm-none-eabi/15.2.1/../../../../arm-none-eabi/lib/thumb/v7e-m+fp/hard\libg_nano.a(libc_a-closer.o)
                0x0800991c                _close_r
 .text._lseek_r
                0x0800993c       0x24 C:/Program Files (x86)/Arm/GNU Toolchain mingw-w64-i686-arm-none-eabi/bin/../lib/gcc/arm-none-eabi/15.2.1/../../../../arm-none-eabi/lib/thumb/v7e-m+fp/hard\libg_nano.a(libc_a-lseekr.o)
                0x0800993c                _lseek_r
 .text._read_r  0x08009960       0x24 C:/Program Files (x86)/Arm/GNU Toolchain mingw-w64-i686-arm-none-eabi/bin/../lib/gcc/arm-none-eabi/15.2.1/../../../../arm-none-eabi/lib/thumb/v7e-m+fp/hard\libg_nano.a(libc_a-readr.o)
                0x08009960                _read_r
 .text._write_r
                0x08009984       0x24 C:/Program Files (x86)/Arm/GNU Toolchain mingw-w64-i686-arm-none-eabi/bin/../lib/gcc/arm-none-eabi/15.2.1/../../../../arm-none-eabi/lib/thumb/v7e-m+fp/hard\libg_nano.a(libc_a-writer.o)
                0x08009984                _write_r
 .text.__errno  0x080099a8        0xc C:/Program Files (x86)/Arm/GNU Toolchain mingw-w64-i686-arm-none-eabi/bin/../lib/gcc/arm-none-eabi/15.2.1/../../../../arm-none-eabi/lib/thumb/v7e-m+fp/hard\libg_nano.a(libc_a-errno.o)
                0x080099a8                __errno
 .text.__libc_init_array
                0x080099b4       0x48 C:/Program Files (x86)/Arm/GNU Toolchain mingw-w64-i686-arm-none-eabi/bin/../lib/gcc/arm-none-eabi/15.2.1/../../../../arm-none-eabi/lib/thumb/v7e-m+fp/hard\libg_nano.a(libc_a-init.o)
                0x080099b4                __libc_init_array
 .text.__retarget_lock_init_recursive
                0x080099fc        0x2 C:/Program Files (x86)/Arm/GNU Toolchain mingw-w64-i686-arm-none-eabi/bin/../lib/gcc/arm-none-eabi/15.2.1/../../../../arm-none-eabi/lib/thumb/v7e-m+fp/hard\libg_nano.a(libc_a-lock.o)
                0x080099fc                __retarget_lock_init_recursive
 .text.__retarget_lock_acquire_recursive
                0x080099fe        0x2 C:/Program Files (x86)/Arm/GNU Toolchain mingw-w64-i686-arm-none-eabi/bin/../lib/gcc/arm-none-eabi/15.2.1/../../../../arm-none-eabi/lib/thumb/v7e-m+fp/hard\libg_nano.a(libc_a-lock.o)
                0x080099fe                __retarget_lock_acquire_recursive
 .text.__retarget_lock_release_recursive
                0x08009a00        0x2 C:/Program Files (x86)/Arm/GNU Toolchain mingw-w64-i686-arm-none-eabi/bin/../lib/gcc/arm-none-eabi/15.2.1/../../../../arm-none-eabi/lib/thumb/v7e-m+fp/hard\libg_nano.a(libc_a-lock.o)
                0x08009a00                __retarget_lock_release_recursive
 .text.memcpy   0x08009a02       0x1c C:/Program Files (x86)/Arm/GNU Toolchain mingw-w64-i686-arm-none-eabi/bin/../lib/gcc/arm-none-eabi/15.2.1/../../../../arm-none-eabi/lib/thumb/v7e-m+fp/hard\libg_nano.a(libc_a-memcpy-stub.o)
                0x08009a02                memcpy
 *fill*         0x08009a1e        0x2 
 .text.nan      0x08009a20       0x10 C:/Program Files (x86)/Arm/GNU Toolchain mingw-w64-i686-arm-none-eabi/bin/../lib/gcc/arm-none-eabi/15.2.1/../../../../arm-none-eabi/lib/thumb/v7e-m+fp/hard\libg_nano.a(libm_a-s_nan.o)
                0x08009a20                nan
 .text._free_r  0x08009a30       0x98 C:/Program Files (x86)/Arm/GNU Toolchain mingw-w64-i686-arm-none-eabi/bin/../lib/gcc/arm-none-eabi/15.2.1/../../../../arm-none-eabi/lib/thumb/v7e-m+fp/hard\libg_nano.a(libc_a-freer.o)
                0x08009a30                _free_r
 .text.rshift   0x08009ac8       0xa0 C:/Program Files (x86)/Arm/GNU Toolchain mingw-w64-i686-arm-none-eabi/bin/../lib/gcc/arm-none-eabi/15.2.1/../../../../arm-none-eabi/lib/thumb/v7e-m+fp/hard\libg_nano.a(libc_a-gdtoa-gethex.o)
 .text.__hexdig_fun
                0x08009b68       0x2a C:/Program Files (x86)/Arm/GNU Toolchain mingw-w64-i686-arm-none-eabi/bin/../lib/gcc/arm-none-eabi/15.2.1/../../../../arm-none-eabi/lib/thumb/v7e-m+fp/hard\libg_nano.a(libc_a-gdtoa-gethex.o)
                0x08009b68                __hexdig_fun
 *fill*         0x08009b92        0x2 
 .text.__gethex
                0x08009b94      0x418 C:/Program Files (x86)/Arm/GNU Toolchain mingw-w64-i686-arm-none-eabi/bin/../lib/gcc/arm-none-eabi/15.2.1/../../../../arm-none-eabi/lib/thumb/v7e-m+fp/hard\libg_nano.a(libc_a-gdtoa-gethex.o)
                0x08009b94                __gethex
 .text.L_shift  0x08009fac       0x24 C:/Program Files (x86)/Arm/GNU Toolchain mingw-w64-i686-arm-none-eabi/bin/../lib/gcc/arm-none-eabi/15.2.1/../../../../arm-none-eabi/lib/thumb/v7e-m+fp/hard\libg_nano.a(libc_a-gdtoa-hexnan.o)
 .text.__match  0x08009fd0       0x2a C:/Program Files (x86)/Arm/GNU Toolchain mingw-w64-i686-arm-none-eabi/bin/../lib/gcc/arm-none-eabi/15.2.1/../../../../arm-none-eabi/lib/thumb/v7e-m+fp/hard\libg_nano.a(libc_a-gdtoa-hexnan.o)
                0x08009fd0                __match
 .text.__hexnan
                0x08009ffa      0x138 C:/Program Files (x86)/Arm/GNU Toolchain mingw-w64-i686-arm-none-eabi/bin/../lib/gcc/arm-none-eabi/15.2.1/../../../../arm-none-eabi/lib/thumb/v7e-m+fp/hard\libg_nano.a(libc_a-gdtoa-hexnan.o)
                0x08009ffa                __hexnan
 *fill*         0x0800a132        0x2 
 .text.sbrk_aligned
                0x0800a134       0x44 C:/Program Files (x86)/Arm/GNU Toolchain mingw-w64-i686-arm-none-eabi/bin/../lib/gcc/arm-none-eabi/15.2.1/../../../../arm-none-eabi/lib/thumb/v7e-m+fp/hard\libg_nano.a(libc_a-mallocr.o)
 .text._malloc_r
                0x0800a178       0xf8 C:/Program Files (x86)/Arm/GNU Toolchain mingw-w64-i686-arm-none-eabi/bin/../lib/gcc/arm-none-eabi/15.2.1/../../../../arm-none-eabi/lib/thumb/v7e-m+fp/hard\libg_nano.a(libc_a-mallocr.o)
                0x0800a178                _malloc_r
 .text.__ascii_mbtowc
                0x0800a270       0x24 C:/Program Files (x86)/Arm/GNU Toolchain mingw-w64-i686-arm-none-eabi/bin/../lib/gcc/arm-none-eabi/15.2.1/../../../../arm-none-eabi/lib/thumb/v7e-m+fp/hard\libg_nano.a(libc_a-mbtowc_r.o)
                0x0800a270                __ascii_mbtowc
 .text.__malloc_lock
                0x0800a294        0xc C:/Program Files (x86)/Arm/GNU Toolchain mingw-w64-i686-arm-none-eabi/bin/../lib/gcc/arm-none-eabi/15.2.1/../../../../arm-none-eabi/lib/thumb/v7e-m+fp/hard\libg_nano.a(libc_a-mlock.o)
                0x0800a294                __malloc_lock
 .text.__malloc_unlock
                0x0800a2a0        0xc C:/Program Files (x86)/Arm/GNU Toolchain mingw-w64-i686-arm-none-eabi/bin/../lib/gcc/arm-none-eabi/15.2.1/../../../../arm-none-eabi/lib/thumb/v7e-m+fp/hard\libg_nano.a(libc_a-mlock.o)
                0x0800a2a0                __malloc_unlock
 .text._Balloc  0x0800a2ac       0x7c C:/Program Files (x86)/Arm/GNU Toolchain mingw-w64-i686-arm-none-eabi/bin/../lib/gcc/arm-none-eabi/15.2.1/../../../../arm-none-eabi/lib/thumb/v7e-m+fp/hard\libg_nano.a(libc_a-mprec.o)
                0x0800a2ac                _Balloc
 .text._Bfree   0x0800a328       0x44 C:/Program Files (x86)/Arm/GNU Toolchain mingw-w64-i686-arm-none-eabi/bin/../lib/gcc/arm-none-eabi/15.2.1/../../../../arm-none-eabi/lib/thumb/v7e-m+fp/hard\libg_nano.a(libc_a-mprec.o)
                0x0800a328                _Bfree
 .text.__multadd
                0x0800a36c       0x8c C:/Program Files (x86)/Arm/GNU Toolchain mingw-w64-i686-arm-none-eabi/bin/../lib/gcc/arm-none-eabi/15.2.1/../../../../arm-none-eabi/lib/thumb/v7e-m+fp/hard\libg_nano.a(libc_a-mprec.o)
                0x0800a36c                __multadd
 .text.__s2b    0x0800a3f8       0x94 C:/Program Files (x86)/Arm/GNU Toolchain mingw-w64-i686-arm-none-eabi/bin/../lib/gcc/arm-none-eabi/15.2.1/../../../../arm-none-eabi/lib/thumb/v7e-m+fp/hard\libg_nano.a(libc_a-mprec.o)
                0x0800a3f8                __s2b
 .text.__hi0bits
                0x0800a48c       0x3c C:/Program Files (x86)/Arm/GNU Toolchain mingw-w64-i686-arm-none-eabi/bin/../lib/gcc/arm-none-eabi/15.2.1/../../../../arm-none-eabi/lib/thumb/v7e-m+fp/hard\libg_nano.a(libc_a-mprec.o)
                0x0800a48c                __hi0bits
 .text.__lo0bits
                0x0800a4c8       0x5c C:/Program Files (x86)/Arm/GNU Toolchain mingw-w64-i686-arm-none-eabi/bin/../lib/gcc/arm-none-eabi/15.2.1/../../../../arm-none-eabi/lib/thumb/v7e-m+fp/hard\libg_nano.a(libc_a-mprec.o)
                0x0800a4c8                __lo0bits
 .text.__i2b    0x0800a524       0x2c C:/Program Files (x86)/Arm/GNU Toolchain mingw-w64-i686-arm-none-eabi/bin/../lib/gcc/arm-none-eabi/15.2.1/../../../../arm-none-eabi/lib/thumb/v7e-m+fp/hard\libg_nano.a(libc_a-mprec.o)
                0x0800a524                __i2b
 .text.__multiply
                0x0800a550      0x16c C:/Program Files (x86)/Arm/GNU Toolchain mingw-w64-i686-arm-none-eabi/bin/../lib/gcc/arm-none-eabi/15.2.1/../../../../arm-none-eabi/lib/thumb/v7e-m+fp/hard\libg_nano.a(libc_a-mprec.o)
                0x0800a550                __multiply
 .text.__pow5mult
                0x0800a6bc       0xb8 C:/Program Files (x86)/Arm/GNU Toolchain mingw-w64-i686-arm-none-eabi/bin/../lib/gcc/arm-none-eabi/15.2.1/../../../../arm-none-eabi/lib/thumb/v7e-m+fp/hard\libg_nano.a(libc_a-mprec.o)
                0x0800a6bc                __pow5mult
 .text.__lshift
                0x0800a774       0xe4 C:/Program Files (x86)/Arm/GNU Toolchain mingw-w64-i686-arm-none-eabi/bin/../lib/gcc/arm-none-eabi/15.2.1/../../../../arm-none-eabi/lib/thumb/v7e-m+fp/hard\libg_nano.a(libc_a-mprec.o)
                0x0800a774                __lshift
 .text.__mcmp   0x0800a858       0x36 C:/Program Files (x86)/Arm/GNU Toolchain mingw-w64-i686-arm-none-eabi/bin/../lib/gcc/arm-none-eabi/15.2.1/../../../../arm-none-eabi/lib/thumb/v7e-m+fp/hard\libg_nano.a(libc_a-mprec.o)
                0x0800a858                __mcmp
 *fill*         0x0800a88e        0x2 
 .text.__mdiff  0x0800a890      0x130 C:/Program Files (x86)/Arm/GNU Toolchain mingw-w64-i686-arm-none-eabi/bin/../lib/gcc/arm-none-eabi/15.2.1/../../../../arm-none-eabi/lib/thumb/v7e-m+fp/hard\libg_nano.a(libc_a-mprec.o)
                0x0800a890                __mdiff
 .text.__ulp    0x0800a9c0       0x4c C:/Program Files (x86)/Arm/GNU Toolchain mingw-w64-i686-arm-none-eabi/bin/../lib/gcc/arm-none-eabi/15.2.1/../../../../arm-none-eabi/lib/thumb/v7e-m+fp/hard\libg_nano.a(libc_a-mprec.o)
                0x0800a9c0                __ulp
 .text.__b2d    0x0800aa0c       0x92 C:/Program Files (x86)/Arm/GNU Toolchain mingw-w64-i686-arm-none-eabi/bin/../lib/gcc/arm-none-eabi/15.2.1/../../../../arm-none-eabi/lib/thumb/v7e-m+fp/hard\libg_nano.a(libc_a-mprec.o)
                0x0800aa0c                __b2d
 *fill*         0x0800aa9e        0x2 
 .text.__d2b    0x0800aaa0       0xb0 C:/Program Files (x86)/Arm/GNU Toolchain mingw-w64-i686-arm-none-eabi/bin/../lib/gcc/arm-none-eabi/15.2.1/../../../../arm-none-eabi/lib/thumb/v7e-m+fp/hard\libg_nano.a(libc_a-mprec.o)
                0x0800aaa0                __d2b
 .text.__ratio  0x0800ab50       0x62 C:/Program Files (x86)/Arm/GNU Toolchain mingw-w64-i686-arm-none-eabi/bin/../lib/gcc/arm-none-eabi/15.2.1/../../../../arm-none-eabi/lib/thumb/v7e-m+fp/hard\libg_nano.a(libc_a-mprec.o)
                0x0800ab50                __ratio
 .text.__copybits
                0x0800abb2       0x46 C:/Program Files (x86)/Arm/GNU Toolchain mingw-w64-i686-arm-none-eabi/bin/../lib/gcc/arm-none-eabi/15.2.1/../../../../arm-none-eabi/lib/thumb/v7e-m+fp/hard\libg_nano.a(libc_a-mprec.o)
                0x0800abb2                __copybits
 .text.__any_on
                0x0800abf8       0x42 C:/Program Files (x86)/Arm/GNU Toolchain mingw-w64-i686-arm-none-eabi/bin/../lib/gcc/arm-none-eabi/15.2.1/../../../../arm-none-eabi/lib/thumb/v7e-m+fp/hard\libg_nano.a(libc_a-mprec.o)
                0x0800abf8                __any_on
 .text.__ascii_wctomb
                0x0800ac3a       0x1a C:/Program Files (x86)/Arm/GNU Toolchain mingw-w64-i686-arm-none-eabi/bin/../lib/gcc/arm-none-eabi/15.2.1/../../../../arm-none-eabi/lib/thumb/v7e-m+fp/hard\libg_nano.a(libc_a-wctomb_r.o)
                0x0800ac3a                __ascii_wctomb
 .text.__ssputs_r
                0x0800ac54       0xc0 C:/Program Files (x86)/Arm/GNU Toolchain mingw-w64-i686-arm-none-eabi/bin/../lib/gcc/arm-none-eabi/15.2.1/../../../../arm-none-eabi/lib/thumb/v7e-m+fp/hard\libg_nano.a(libc_a-nano-svfprintf.o)
                0x0800ac54                __ssputs_r
 .text._svfprintf_r
                0x0800ad14      0x1f0 C:/Program Files (x86)/Arm/GNU Toolchain mingw-w64-i686-arm-none-eabi/bin/../lib/gcc/arm-none-eabi/15.2.1/../../../../arm-none-eabi/lib/thumb/v7e-m+fp/hard\libg_nano.a(libc_a-nano-svfprintf.o)
                0x0800ad14                _svfiprintf_r
                0x0800ad14                _svfprintf_r
 .text._printf_common
                0x0800af04       0xea C:/Program Files (x86)/Arm/GNU Toolchain mingw-w64-i686-arm-none-eabi/bin/../lib/gcc/arm-none-eabi/15.2.1/../../../../arm-none-eabi/lib/thumb/v7e-m+fp/hard\libg_nano.a(libc_a-nano-vfprintf_i.o)
                0x0800af04                _printf_common
 *fill*         0x0800afee        0x2 
 .text._printf_i
                0x0800aff0      0x254 C:/Program Files (x86)/Arm/GNU Toolchain mingw-w64-i686-arm-none-eabi/bin/../lib/gcc/arm-none-eabi/15.2.1/../../../../arm-none-eabi/lib/thumb/v7e-m+fp/hard\libg_nano.a(libc_a-nano-vfprintf_i.o)
                0x0800aff0                _printf_i
 .text.__sflush_r
                0x0800b244      0x100 C:/Program Files (x86)/Arm/GNU Toolchain mingw-w64-i686-arm-none-eabi/bin/../lib/gcc/arm-none-eabi/15.2.1/../../../../arm-none-eabi/lib/thumb/v7e-m+fp/hard\libg_nano.a(libc_a-fflush.o)
                0x0800b244                __sflush_r
 .text._fflush_r
                0x0800b344       0x50 C:/Program Files (x86)/Arm/GNU Toolchain mingw-w64-i686-arm-none-eabi/bin/../lib/gcc/arm-none-eabi/15.2.1/../../../../arm-none-eabi/lib/thumb/v7e-m+fp/hard\libg_nano.a(libc_a-fflush.o)
                0x0800b344                _fflush_r
 .text._sbrk_r  0x0800b394       0x20 C:/Program Files (x86)/Arm/GNU Toolchain mingw-w64-i686-arm-none-eabi/bin/../lib/gcc/arm-none-eabi/15.2.1/../../../../arm-none-eabi/lib/thumb/v7e-m+fp/hard\libg_nano.a(libc_a-sbrkr.o)
                0x0800b394                _sbrk_r
 .text.__assert_func
                0x0800b3b4       0x3c C:/Program Files (x86)/Arm/GNU Toolchain mingw-w64-i686-arm-none-eabi/bin/../lib/gcc/arm-none-eabi/15.2.1/../../../../arm-none-eabi/lib/thumb/v7e-m+fp/hard\libg_nano.a(libc_a-assert.o)
                0x0800b3b4                __assert_func
 .text._calloc_r
                0x0800b3f0       0x28 C:/Program Files (x86)/Arm/GNU Toolchain mingw-w64-i686-arm-none-eabi/bin/../lib/gcc/arm-none-eabi/15.2.1/../../../../arm-none-eabi/lib/thumb/v7e-m+fp/hard\libg_nano.a(libc_a-callocr.o)
                0x0800b3f0                _calloc_r
 .text.malloc   0x0800b418       0x10 C:/Program Files (x86)/Arm/GNU Toolchain mingw-w64-i686-arm-none-eabi/bin/../lib/gcc/arm-none-eabi/15.2.1/../../../../arm-none-eabi/lib/thumb/v7e-m+fp/hard\libg_nano.a(libc_a-malloc.o)
                0x0800b418                malloc
 .text._realloc_r
                0x0800b428       0x5c C:/Program Files (x86)/Arm/GNU Toolchain mingw-w64-i686-arm-none-eabi/bin/../lib/gcc/arm-none-eabi/15.2.1/../../../../arm-none-eabi/lib/thumb/v7e-m+fp/hard\libg_nano.a(libc_a-reallocr.o)
                0x0800b428                _realloc_r
 .text.fprintf  0x0800b484       0x24 C:/Program Files (x86)/Arm/GNU Toolchain mingw-w64-i686-arm-none-eabi/bin/../lib/gcc/arm-none-eabi/15.2.1/../../../../arm-none-eabi/lib/thumb/v7e-m+fp/hard\libg_nano.a(libc_a-fprintf.o)
                0x0800b484                fiprintf
                0x0800b484                fprintf
 .text.abort    0x0800b4a8        0xe C:/Program Files (x86)/Arm/GNU Toolchain mingw-w64-i686-arm-none-eabi/bin/../lib/gcc/arm-none-eabi/15.2.1/../../../../arm-none-eabi/lib/thumb/v7e-m+fp/hard\libg_nano.a(libc_a-abort.o)
                0x0800b4a8                abort
 .text._malloc_usable_size_r
                0x0800b4b6       0x10 C:/Program Files (x86)/Arm/GNU Toolchain mingw-w64-i686-arm-none-eabi/bin/../lib/gcc/arm-none-eabi/15.2.1/../../../../arm-none-eabi/lib/thumb/v7e-m+fp/hard\libg_nano.a(libc_a-msizer.o)
                0x0800b4b6                _malloc_usable_size_r
 .text.__sfputc_r
                0x0800b4c6       0x2a C:/Program Files (x86)/Arm/GNU Toolchain mingw-w64-i686-arm-none-eabi/bin/../lib/gcc/arm-none-eabi/15.2.1/../../../../arm-none-eabi/lib/thumb/v7e-m+fp/hard\libg_nano.a(libc_a-nano-vfprintf.o)
 .text.__sfputs_r
                0x0800b4f0       0x24 C:/Program Files (x86)/Arm/GNU Toolchain mingw-w64-i686-arm-none-eabi/bin/../lib/gcc/arm-none-eabi/15.2.1/../../../../arm-none-eabi/lib/thumb/v7e-m+fp/hard\libg_nano.a(libc_a-nano-vfprintf.o)
                0x0800b4f0                __sfputs_r
 .text._vfprintf_r
                0x0800b514      0x228 C:/Program Files (x86)/Arm/GNU Toolchain mingw-w64-i686-arm-none-eabi/bin/../lib/gcc/arm-none-eabi/15.2.1/../../../../arm-none-eabi/lib/thumb/v7e-m+fp/hard\libg_nano.a(libc_a-nano-vfprintf.o)
                0x0800b514                _vfprintf_r
                0x0800b514                _vfiprintf_r
 .text.__swbuf_r
                0x0800b73c       0x7a C:/Program Files (x86)/Arm/GNU Toolchain mingw-w64-i686-arm-none-eabi/bin/../lib/gcc/arm-none-eabi/15.2.1/../../../../arm-none-eabi/lib/thumb/v7e-m+fp/hard\libg_nano.a(libc_a-wbuf.o)
                0x0800b73c                __swbuf_r
 *fill*         0x0800b7b6        0x2 
 .text.__swsetup_r
                0x0800b7b8       0xa8 C:/Program Files (x86)/Arm/GNU Toolchain mingw-w64-i686-arm-none-eabi/bin/../lib/gcc/arm-none-eabi/15.2.1/../../../../arm-none-eabi/lib/thumb/v7e-m+fp/hard\libg_nano.a(libc_a-wsetup.o)
                0x0800b7b8                __swsetup_r
 .text._raise_r
                0x0800b860       0x50 C:/Program Files (x86)/Arm/GNU Toolchain mingw-w64-i686-arm-none-eabi/bin/../lib/gcc/arm-none-eabi/15.2.1/../../../../arm-none-eabi/lib/thumb/v7e-m+fp/hard\libg_nano.a(libc_a-signal.o)
                0x0800b860                _raise_r
 .text.raise    0x0800b8b0       0x10 C:/Program Files (x86)/Arm/GNU Toolchain mingw-w64-i686-arm-none-eabi/bin/../lib/gcc/arm-none-eabi/15.2.1/../../../../arm-none-eabi/lib/thumb/v7e-m+fp/hard\libg_nano.a(libc_a-signal.o)
                0x0800b8b0                raise
 .text._kill_r  0x0800b8c0       0x24 C:/Program Files (x86)/Arm/GNU Toolchain mingw-w64-i686-arm-none-eabi/bin/../lib/gcc/arm-none-eabi/15.2.1/../../../../arm-none-eabi/lib/thumb/v7e-m+fp/hard\libg_nano.a(libc_a-signalr.o)
                0x0800b8c0                _kill_r
 .text._getpid_r
                0x0800b8e4        0x4 C:/Program Files (x86)/Arm/GNU Toolchain mingw-w64-i686-arm-none-eabi/bin/../lib/gcc/arm-none-eabi/15.2.1/../../../../arm-none-eabi/lib/thumb/v7e-m+fp/hard\libg_nano.a(libc_a-signalr.o)
                0x0800b8e4                _getpid_r
 .text.__swhatbuf_r
                0x0800b8e8       0x48 C:/Program Files (x86)/Arm/GNU Toolchain mingw-w64-i686-arm-none-eabi/bin/../lib/gcc/arm-none-eabi/15.2.1/../../../../arm-none-eabi/lib/thumb/v7e-m+fp/hard\libg_nano.a(libc_a-makebuf.o)
                0x0800b8e8                __swhatbuf_r
 .text.__smakebuf_r
                0x0800b930       0x72 C:/Program Files (x86)/Arm/GNU Toolchain mingw-w64-i686-arm-none-eabi/bin/../lib/gcc/arm-none-eabi/15.2.1/../../../../arm-none-eabi/lib/thumb/v7e-m+fp/hard\libg_nano.a(libc_a-makebuf.o)
                0x0800b930                __smakebuf_r
 *fill*         0x0800b9a2        0x2 
 .text._fstat_r
                0x0800b9a4       0x24 C:/Program Files (x86)/Arm/GNU Toolchain mingw-w64-i686-arm-none-eabi/bin/../lib/gcc/arm-none-eabi/15.2.1/../../../../arm-none-eabi/lib/thumb/v7e-m+fp/hard\libg_nano.a(libc_a-fstatr.o)
                0x0800b9a4                _fstat_r
 .text._isatty_r
                0x0800b9c8       0x20 C:/Program Files (x86)/Arm/GNU Toolchain mingw-w64-i686-arm-none-eabi/bin/../lib/gcc/arm-none-eabi/15.2.1/../../../../arm-none-eabi/lib/thumb/v7e-m+fp/hard\libg_nano.a(libc_a-isattyr.o)
                0x0800b9c8                _isatty_r
 .text.__fixdfdi
                0x0800b9e8       0x30 C:/Program Files (x86)/Arm/GNU Toolchain mingw-w64-i686-arm-none-eabi/bin/../lib/gcc/arm-none-eabi/15.2.1/thumb/v7e-m+fp/hard\libgcc.a(_fixdfdi.o)
                0x0800b9e8                __fixdfdi
                0x0800b9e8                __aeabi_d2lz
 .text.__fixunsdfdi
                0x0800ba18       0x3c C:/Program Files (x86)/Arm/GNU Toolchain mingw-w64-i686-arm-none-eabi/bin/../lib/gcc/arm-none-eabi/15.2.1/thumb/v7e-m+fp/hard\libgcc.a(_fixunsdfdi.o)
                0x0800ba18                __fixunsdfdi
                0x0800ba18                __aeabi_d2ulz
 *(.glue_7)
 .glue_7        0x0800ba54        0x0 linker stubs
 *(.glue_7t)
 .glue_7t       0x0800ba54        0x0 linker stubs
 *(.eh_frame)
 .eh_frame      0x0800ba54        0x0 C:/Program Files (x86)/Arm/GNU Toolchain mingw-w64-i686-arm-none-eabi/bin/../lib/gcc/arm-none-eabi/15.2.1/thumb/v7e-m+fp/hard/crtbegin.o
 *(.init)
 .init          0x0800ba54        0x4 C:/Program Files (x86)/Arm/GNU Toolchain mingw-w64-i686-arm-none-eabi/bin/../lib/gcc/arm-none-eabi/15.2.1/thumb/v7e-m+fp/hard/crti.o
                0x0800ba54                _init
 .init          0x0800ba58        0x8 C:/Program Files (x86)/Arm/GNU Toolchain mingw-w64-i686-arm-none-eabi/bin/../lib/gcc/arm-none-eabi/15.2.1/thumb/v7e-m+fp/hard/crtn.o
 *(.fini)
 .fini          0x0800ba60        0x4 C:/Program Files (x86)/Arm/GNU Toolchain mingw-w64-i686-arm-none-eabi/bin/../lib/gcc/arm-none-eabi/15.2.1/thumb/v7e-m+fp/hard/crti.o
                0x0800ba60                _fini
 .fini          0x0800ba64        0x8 C:/Program Files (x86)/Arm/GNU Toolchain mingw-w64-i686-arm-none-eabi/bin/../lib/gcc/arm-none-eabi/15.2.1/thumb/v7e-m+fp/hard/crtn.o
                0x0800ba6c                        . = ALIGN (0x4)
                0x0800ba6c                        _etext = .

.vfp11_veneer   0x0800ba6c        0x0
 .vfp11_veneer  0x0800ba6c        0x0 linker stubs

.v4_bx          0x0800ba6c        0x0
 .v4_bx         0x0800ba6c        0x0 linker stubs

.iplt           0x0800ba6c        0x0
 .iplt          0x0800ba6c        0x0 C:/Program Files (x86)/Arm/GNU Toolchain mingw-w64-i686-arm-none-eabi/bin/../lib/gcc/arm-none-eabi/15.2.1/thumb/v7e-m+fp/hard/crtbegin.o

.rodata         0x0800ba70     0x19f0
                0x0800ba70                        . = ALIGN (0x4)
 *(.rodata)
 .rodata        0x0800ba70        0x5 cmake/stm32cubemx/CMakeFiles/FreeRTOS.dir/__/__/Middlewares/Third_Party/FreeRTOS/Source/tasks.c.obj
 *fill*         0x0800ba75        0x3 
 .rodata        0x0800ba78        0xd cmake/stm32cubemx/CMakeFiles/FreeRTOS.dir/__/__/Middlewares/Third_Party/FreeRTOS/Source/timers.c.obj
 *fill*         0x0800ba85        0x3 
 .rodata        0x0800ba88        0xc CMakeFiles/Source.dir/Core/Src/main.c.obj
 .rodata        0x0800ba94      0x59e CMakeFiles/Source.dir/D_/Embedded/Project/Freelance/App/gom/gom_router.c.obj
 *fill*         0x0800c032        0x2 
 .rodata        0x0800c034      0x40e CMakeFiles/Source.dir/D_/Embedded/Project/Freelance/App/gom/gom_command_encoder.c.obj
 *fill*         0x0800c442        0x2 
 .rodata        0x0800c444      0x16c CMakeFiles/Source.dir/D_/Embedded/Project/Freelance/App/gom/gom_firmware.c.obj
 *(.rodata*)
 .rodata.AHBPrescTable
                0x0800c5b0       0x10 cmake/stm32cubemx/CMakeFiles/STM32_Drivers.dir/__/__/Core/Src/system_stm32f4xx.c.obj
                0x0800c5b0                AHBPrescTable
 .rodata.APBPrescTable
                0x0800c5c0        0x8 cmake/stm32cubemx/CMakeFiles/STM32_Drivers.dir/__/__/Core/Src/system_stm32f4xx.c.obj
                0x0800c5c0                APBPrescTable
 .rodata.flagBitshiftOffset.0
                0x0800c5c8        0x8 cmake/stm32cubemx/CMakeFiles/STM32_Drivers.dir/__/__/Drivers/STM32F4xx_HAL_Driver/Src/stm32f4xx_hal_dma.c.obj
 .rodata.defaultTask_attributes
                0x0800c5d0       0x24 CMakeFiles/Source.dir/Core/Src/main.c.obj
                0x0800c5d0                defaultTask_attributes
 *fill*         0x0800c5f4        0x4 
 .rodata.commands
                0x0800c5f8      0x988 CMakeFiles/Source.dir/D_/Embedded/Project/Freelance/App/gom/gom_router.c.obj
 .rodata.text.0
                0x0800cf80       0x20 CMakeFiles/Source.dir/D_/Embedded/Project/Freelance/App/gom/gom_router.c.obj
 .rodata.wire   0x0800cfa0       0xf4 CMakeFiles/Source.dir/D_/Embedded/Project/Freelance/App/gom/gom_command_encoder.c.obj
 .rodata.pins.0
                0x0800d094       0x10 CMakeFiles/Source.dir/D_/Embedded/Project/Freelance/App/board/board_io.c.obj
 .rodata._strtod_l.str1.1
                0x0800d0a4      0x168 C:/Program Files (x86)/Arm/GNU Toolchain mingw-w64-i686-arm-none-eabi/bin/../lib/gcc/arm-none-eabi/15.2.1/../../../../arm-none-eabi/lib/thumb/v7e-m+fp/hard\libg_nano.a(libc_a-strtod.o)
                                  0xf (size before relaxing)
 .rodata.fpinan.0
                0x0800d20c       0x14 C:/Program Files (x86)/Arm/GNU Toolchain mingw-w64-i686-arm-none-eabi/bin/../lib/gcc/arm-none-eabi/15.2.1/../../../../arm-none-eabi/lib/thumb/v7e-m+fp/hard\libg_nano.a(libc_a-strtod.o)
 .rodata.fpi.1  0x0800d220       0x14 C:/Program Files (x86)/Arm/GNU Toolchain mingw-w64-i686-arm-none-eabi/bin/../lib/gcc/arm-none-eabi/15.2.1/../../../../arm-none-eabi/lib/thumb/v7e-m+fp/hard\libg_nano.a(libc_a-strtod.o)
 *fill*         0x0800d234        0x4 
 .rodata.tinytens
                0x0800d238       0x28 C:/Program Files (x86)/Arm/GNU Toolchain mingw-w64-i686-arm-none-eabi/bin/../lib/gcc/arm-none-eabi/15.2.1/../../../../arm-none-eabi/lib/thumb/v7e-m+fp/hard\libg_nano.a(libc_a-strtod.o)
 .rodata._ctype_
                0x0800d260      0x101 C:/Program Files (x86)/Arm/GNU Toolchain mingw-w64-i686-arm-none-eabi/bin/../lib/gcc/arm-none-eabi/15.2.1/../../../../arm-none-eabi/lib/thumb/v7e-m+fp/hard\libg_nano.a(libc_a-ctype_.o)
                0x0800d260                _ctype_
 .rodata._setlocale_r.str1.1
                0x0800d361        0x0 C:/Program Files (x86)/Arm/GNU Toolchain mingw-w64-i686-arm-none-eabi/bin/../lib/gcc/arm-none-eabi/15.2.1/../../../../arm-none-eabi/lib/thumb/v7e-m+fp/hard\libg_nano.a(libc_a-locale.o)
                                  0x9 (size before relaxing)
 .rodata.str1.1
                0x0800d361        0x0 C:/Program Files (x86)/Arm/GNU Toolchain mingw-w64-i686-arm-none-eabi/bin/../lib/gcc/arm-none-eabi/15.2.1/../../../../arm-none-eabi/lib/thumb/v7e-m+fp/hard\libg_nano.a(libc_a-locale.o)
                                  0x2 (size before relaxing)
 .rodata.__gethex.str1.1
                0x0800d361        0x0 C:/Program Files (x86)/Arm/GNU Toolchain mingw-w64-i686-arm-none-eabi/bin/../lib/gcc/arm-none-eabi/15.2.1/../../../../arm-none-eabi/lib/thumb/v7e-m+fp/hard\libg_nano.a(libc_a-gdtoa-gethex.o)
                                 0x74 (size before relaxing)
 .rodata._Balloc.str1.1
                0x0800d361        0x0 C:/Program Files (x86)/Arm/GNU Toolchain mingw-w64-i686-arm-none-eabi/bin/../lib/gcc/arm-none-eabi/15.2.1/../../../../arm-none-eabi/lib/thumb/v7e-m+fp/hard\libg_nano.a(libc_a-mprec.o)
                                 0x71 (size before relaxing)
 .rodata.__multadd.str1.1
                0x0800d361        0x0 C:/Program Files (x86)/Arm/GNU Toolchain mingw-w64-i686-arm-none-eabi/bin/../lib/gcc/arm-none-eabi/15.2.1/../../../../arm-none-eabi/lib/thumb/v7e-m+fp/hard\libg_nano.a(libc_a-mprec.o)
                                 0x11 (size before relaxing)
 *fill*         0x0800d361        0x3 
 .rodata.p05.0  0x0800d364        0xc C:/Program Files (x86)/Arm/GNU Toolchain mingw-w64-i686-arm-none-eabi/bin/../lib/gcc/arm-none-eabi/15.2.1/../../../../arm-none-eabi/lib/thumb/v7e-m+fp/hard\libg_nano.a(libc_a-mprec.o)
 .rodata.__mprec_bigtens
                0x0800d370       0x28 C:/Program Files (x86)/Arm/GNU Toolchain mingw-w64-i686-arm-none-eabi/bin/../lib/gcc/arm-none-eabi/15.2.1/../../../../arm-none-eabi/lib/thumb/v7e-m+fp/hard\libg_nano.a(libc_a-mprec.o)
                0x0800d370                __mprec_bigtens
 .rodata.__mprec_tens
                0x0800d398       0xc8 C:/Program Files (x86)/Arm/GNU Toolchain mingw-w64-i686-arm-none-eabi/bin/../lib/gcc/arm-none-eabi/15.2.1/../../../../arm-none-eabi/lib/thumb/v7e-m+fp/hard\libg_nano.a(libc_a-mprec.o)
                0x0800d398                __mprec_tens
 .rodata._svfprintf_r.str1.1
                0x0800d460        0x0 C:/Program Files (x86)/Arm/GNU Toolchain mingw-w64-i686-arm-none-eabi/bin/../lib/gcc/arm-none-eabi/15.2.1/../../../../arm-none-eabi/lib/thumb/v7e-m+fp/hard\libg_nano.a(libc_a-nano-svfprintf.o)
                                 0x11 (size before relaxing)
 .rodata._printf_i.str1.1
                0x0800d460        0x0 C:/Program Files (x86)/Arm/GNU Toolchain mingw-w64-i686-arm-none-eabi/bin/../lib/gcc/arm-none-eabi/15.2.1/../../../../arm-none-eabi/lib/thumb/v7e-m+fp/hard\libg_nano.a(libc_a-nano-vfprintf_i.o)
                                 0x22 (size before relaxing)
 .rodata.__assert_func.str1.1
                0x0800d460        0x0 C:/Program Files (x86)/Arm/GNU Toolchain mingw-w64-i686-arm-none-eabi/bin/../lib/gcc/arm-none-eabi/15.2.1/../../../../arm-none-eabi/lib/thumb/v7e-m+fp/hard\libg_nano.a(libc_a-assert.o)
                                 0x3d (size before relaxing)
 .rodata._vfprintf_r.str1.1
                0x0800d460        0x0 C:/Program Files (x86)/Arm/GNU Toolchain mingw-w64-i686-arm-none-eabi/bin/../lib/gcc/arm-none-eabi/15.2.1/../../../../arm-none-eabi/lib/thumb/v7e-m+fp/hard\libg_nano.a(libc_a-nano-vfprintf.o)
                                 0x11 (size before relaxing)
                0x0800d460                        . = ALIGN (0x4)

.ARM.extab      0x0800d460        0x0
                0x0800d460                        . = ALIGN (0x4)
 *(.ARM.extab* .gnu.linkonce.armextab.*)
                0x0800d460                        . = ALIGN (0x4)

.ARM            0x0800d460        0x8
                0x0800d460                        . = ALIGN (0x4)
                0x0800d460                        __exidx_start = .
 *(.ARM.exidx*)
 .ARM.exidx     0x0800d460        0x8 C:/Program Files (x86)/Arm/GNU Toolchain mingw-w64-i686-arm-none-eabi/bin/../lib/gcc/arm-none-eabi/15.2.1/../../../../arm-none-eabi/lib/thumb/v7e-m+fp/hard\libg_nano.a(libc_a-strcmp.o)
 .ARM.exidx     0x0800d468        0x0 C:/Program Files (x86)/Arm/GNU Toolchain mingw-w64-i686-arm-none-eabi/bin/../lib/gcc/arm-none-eabi/15.2.1/../../../../arm-none-eabi/lib/thumb/v7e-m+fp/hard\libg_nano.a(libc_a-strlen.o)
                                  0x8 (size before relaxing)
 .ARM.exidx     0x0800d468        0x0 C:/Program Files (x86)/Arm/GNU Toolchain mingw-w64-i686-arm-none-eabi/bin/../lib/gcc/arm-none-eabi/15.2.1/../../../../arm-none-eabi/lib/thumb/v7e-m+fp/hard\libg_nano.a(libc_a-memchr.o)
                                  0x8 (size before relaxing)
 .ARM.exidx.text.__udivmoddi4
                0x0800d468        0x0 C:/Program Files (x86)/Arm/GNU Toolchain mingw-w64-i686-arm-none-eabi/bin/../lib/gcc/arm-none-eabi/15.2.1/thumb/v7e-m+fp/hard\libgcc.a(_udivmoddi4.o)
                                  0x8 (size before relaxing)
                0x0800d468                        __exidx_end = .
                0x0800d468                        . = ALIGN (0x4)

.preinit_array  0x0800d468        0x0
                0x0800d468                        . = ALIGN (0x4)
                0x0800d468                        PROVIDE (__preinit_array_start = .)
 *(.preinit_array*)
                0x0800d468                        PROVIDE (__preinit_array_end = .)
                0x0800d468                        . = ALIGN (0x4)

.init_array     0x0800d468        0x4
                0x0800d468                        . = ALIGN (0x4)
                0x0800d468                        PROVIDE (__init_array_start = .)
 *(SORT_BY_NAME(.init_array.*))
 *(.init_array*)
 .init_array    0x0800d468        0x4 C:/Program Files (x86)/Arm/GNU Toolchain mingw-w64-i686-arm-none-eabi/bin/../lib/gcc/arm-none-eabi/15.2.1/thumb/v7e-m+fp/hard/crtbegin.o
                0x0800d46c                        PROVIDE (__init_array_end = .)
                0x0800d46c                        . = ALIGN (0x4)

.fini_array     0x0800d46c        0x4
                0x0800d46c                        . = ALIGN (0x4)
                [!provide]                        PROVIDE (__fini_array_start = .)
 *(SORT_BY_NAME(.fini_array.*))
 *(.fini_array*)
 .fini_array    0x0800d46c        0x4 C:/Program Files (x86)/Arm/GNU Toolchain mingw-w64-i686-arm-none-eabi/bin/../lib/gcc/arm-none-eabi/15.2.1/thumb/v7e-m+fp/hard/crtbegin.o
                [!provide]                        PROVIDE (__fini_array_end = .)
                0x0800d470                        . = ALIGN (0x4)
                0x0800d470                        _sidata = LOADADDR (.data)

.rel.dyn        0x0800d470        0x0