Archive member included to satisfy reference by file (symbol)

C:/Program Files (x86)/Arm/GNU Toolchain mingw-w64-i686-arm-none-eabi/bin/../lib/gcc/arm-none-eabi/15.2.1/thumb/v7e-m+fp/hard\libgcc.a(_arm_addsubdf3.o)
                              CMakeFiles/Source.dir/D_/Embedded/Project/Freelance/App/gom/gom_router.c.obj (__aeabi_i2d)
C:/Program Files (x86)/Arm/GNU Toolchain mingw-w64-i686-arm-none-eabi/bin/../lib/gcc/arm-none-eabi/15.2.1/thumb/v7e-m+fp/hard\libgcc.a(_arm_cmpdf2.o)
                              CMakeFiles/Source.dir/D_/Embedded/Project/Freelance/App/gom/gom_router.c.obj (__aeabi_dcmpeq)
C:/Program Files (x86)/Arm/GNU Toolchain mingw-w64-i686-arm-none-eabi/bin/../lib/gcc/arm-none-eabi/15.2.1/thumb/v7e-m+fp/hard\libgcc.a(_arm_unorddf2.o)
                              CMakeFiles/Source.dir/D_/Embedded/Project/Freelance/App/gom/gom_router.c.obj (__aeabi_dcmpun)
C:/Program Files (x86)/Arm/GNU Toolchain mingw-w64-i686-arm-none-eabi/bin/../lib/gcc/arm-none-eabi/15.2.1/thumb/v7e-m+fp/hard\libgcc.a(_arm_fixdfsi.o)
                              CMakeFiles/Source.dir/D_/Embedded/Project/Freelance/App/gom/gom_router.c.obj (__aeabi_d2iz)
C:/Program Files (x86)/Arm/GNU Toolchain mingw-w64-i686-arm-none-eabi/bin/../lib/gcc/arm-none-eabi/15.2.1/thumb/v7e-m+fp/hard\libgcc.a(_aeabi_uldivmod.o)
                              cmake/stm32cubemx/CMakeFiles/STM32_Drivers.dir/__/__/Drivers/STM32F4xx_HAL_Driver/Src/stm32f4xx_hal_rcc.c.obj (__aeabi_uldivmod)
C:/Program Files (x86)/Arm/GNU Toolchain mingw-w64-i686-arm-none-eabi/bin/../lib/gcc/arm-none-eabi/15.2.1/thumb/v7e-m+fp/hard\libgcc.a(_udivmoddi4.o)
                              C:/Program Files (x86)/Arm/GNU Toolchain mingw-w64-i686-arm-none-eabi/bin/../lib/gcc/arm-none-eabi/15.2.1/thumb/v7e-m+fp/hard\libgcc.a(_aeabi_uldivmod.o) (__udivmoddi4)
C:/Program Files (x86)/Arm/GNU Toolchain mingw-w64-i686-arm-none-eabi/bin/../lib/gcc/arm-none-eabi/15.2.1/thumb/v7e-m+fp/hard\libgcc.a(_dvmd_tls.o)
                              C:/Program Files (x86)/Arm/GNU Toolchain mingw-w64-i686-arm-none-eabi/bin/../lib/gcc/arm-none-eabi/15.2.1/thumb/v7e-m+fp/hard\libgcc.a(_aeabi_uldivmod.o) (__aeabi_ldiv0)
C:/Program Files (x86)/Arm/GNU Toolchain mingw-w64-i686-arm-none-eabi/bin/../lib/gcc/arm-none-eabi/15.2.1/../../../../arm-none-eabi/lib/thumb/v7e-m+fp/hard\libg_nano.a(libc_a-exit.o)
                              C:/Program Files (x86)/Arm/GNU Toolchain mingw-w64-i686-arm-none-eabi/bin/../lib/gcc/arm-none-eabi/15.2.1/../../../../arm-none-eabi/lib/thumb/v7e-m+fp/hard/crt0.o (exit)
C:/Program Files (x86)/Arm/GNU Toolchain mingw-w64-i686-arm-none-eabi/bin/../lib/gcc/arm-none-eabi/15.2.1/../../../../arm-none-eabi/lib/thumb/v7e-m+fp/hard\libg_nano.a(libc_a-strtod.o)
                              CMakeFiles/Source.dir/D_/Embedded/Project/Freelance/App/gom/gom_router.c.obj (strtod)
C:/Program Files (x86)/Arm/GNU Toolchain mingw-w64-i686-arm-none-eabi/bin/../lib/gcc/arm-none-eabi/15.2.1/../../../../arm-none-eabi/lib/thumb/v7e-m+fp/hard\libg_nano.a(libc_a-strtol.o)
                              CMakeFiles/Source.dir/D_/Embedded/Project/Freelance/App/gom/gom_router.c.obj (strtol)
C:/Program Files (x86)/Arm/GNU Toolchain mingw-w64-i686-arm-none-eabi/bin/../lib/gcc/arm-none-eabi/15.2.1/../../../../arm-none-eabi/lib/thumb/v7e-m+fp/hard\libg_nano.a(libc_a-ctype_.o)
                              CMakeFiles/Source.dir/D_/Embedded/Project/Freelance/App/gom/gom_router.c.obj (_ctype_)
C:/Program Files (x86)/Arm/GNU Toolchain mingw-w64-i686-arm-none-eabi/bin/../lib/gcc/arm-none-eabi/15.2.1/../../../../arm-none-eabi/lib/thumb/v7e-m+fp/hard\libg_nano.a(libc_a-findfp.o)
                              C:/Program Files (x86)/Arm/GNU Toolchain mingw-w64-i686-arm-none-eabi/bin/../lib/gcc/arm-none-eabi/15.2.1/../../../../arm-none-eabi/lib/thumb/v7e-m+fp/hard\libg_nano.a(libc_a-exit.o) (__stdio_exit_handler)
C:/Program Files (x86)/Arm/GNU Toolchain mingw-w64-i686-arm-none-eabi/bin/../lib/gcc/arm-none-eabi/15.2.1/../../../../arm-none-eabi/lib/thumb/v7e-m+fp/hard\libg_nano.a(libc_a-fwalk.o)
                              C:/Program Files (x86)/Arm/GNU Toolchain mingw-w64-i686-arm-none-eabi/bin/../lib/gcc/arm-none-eabi/15.2.1/../../../../arm-none-eabi/lib/thumb/v7e-m+fp/hard\libg_nano.a(libc_a-findfp.o) (_fwalk_sglue)
C:/Program Files (x86)/Arm/GNU Toolchain mingw-w64-i686-arm-none-eabi/bin/../lib/gcc/arm-none-eabi/15.2.1/../../../../arm-none-eabi/lib/thumb/v7e-m+fp/hard\libg_nano.a(libc_a-snprintf.o)
                              CMakeFiles/Source.dir/D_/Embedded/Project/Freelance/App/gom/gom_router.c.obj (snprintf)
C:/Program Files (x86)/Arm/GNU Toolchain mingw-w64-i686-arm-none-eabi/bin/../lib/gcc/arm-none-eabi/15.2.1/../../../../arm-none-eabi/lib/thumb/v7e-m+fp/hard\libg_nano.a(libc_a-stdio.o)
[...]
Memory Configuration

Name             Origin             Length             Attributes
RAM              0x20000000         0x00020000         xrw
FLASH            0x08000000         0x00080000         xr
*default*        0x00000000         0xffffffff

Linker script and memory map

LOAD C:/Program Files (x86)/Arm/GNU Toolchain mingw-w64-i686-arm-none-eabi/bin/../lib/gcc/arm-none-eabi/15.2.1/thumb/v7e-m+fp/hard/crti.o
LOAD C:/Program Files (x86)/Arm/GNU Toolchain mingw-w64-i686-arm-none-eabi/bin/../lib/gcc/arm-none-eabi/15.2.1/thumb/v7e-m+fp/hard/crtbegin.o
LOAD C:/Program Files (x86)/Arm/GNU Toolchain mingw-w64-i686-arm-none-eabi/bin/../lib/gcc/arm-none-eabi/15.2.1/../../../../arm-none-eabi/lib/thumb/v7e-m+fp/hard/crt0.o
LOAD cmake/stm32cubemx/CMakeFiles/STM32_Drivers.dir/__/__/Core/Src/system_stm32f4xx.c.obj
LOAD cmake/stm32cubemx/CMakeFiles/STM32_Drivers.dir/__/__/Drivers/STM32F4xx_HAL_Driver/Src/stm32f4xx_hal_tim.c.obj
LOAD cmake/stm32cubemx/CMakeFiles/STM32_Drivers.dir/__/__/Drivers/STM32F4xx_HAL_Driver/Src/stm32f4xx_hal_tim_ex.c.obj
LOAD cmake/stm32cubemx/CMakeFiles/STM32_Drivers.dir/__/__/Drivers/STM32F4xx_HAL_Driver/Src/stm32f4xx_hal_rcc.c.obj
LOAD cmake/stm32cubemx/CMakeFiles/STM32_Drivers.dir/__/__/Drivers/STM32F4xx_HAL_Driver/Src/stm32f4xx_hal_rcc_ex.c.obj
LOAD cmake/stm32cubemx/CMakeFiles/STM32_Drivers.dir/__/__/Drivers/STM32F4xx_HAL_Driver/Src/stm32f4xx_hal_flash.c.obj
LOAD cmake/stm32cubemx/CMakeFiles/STM32_Drivers.dir/__/__/Drivers/STM32F4xx_HAL_Driver/Src/stm32f4xx_hal_flash_ex.c.obj
LOAD cmake/stm32cubemx/CMakeFiles/STM32_Drivers.dir/__/__/Drivers/STM32F4xx_HAL_Driver/Src/stm32f4xx_hal_flash_ramfunc.c.obj
LOAD cmake/stm32cubemx/CMakeFiles/STM32_Drivers.dir/__/__/Drivers/STM32F4xx_HAL_Driver/Src/stm32f4xx_hal_gpio.c.obj
LOAD cmake/stm32cubemx/CMakeFiles/STM32_Drivers.dir/__/__/Drivers/STM32F4xx_HAL_Driver/Src/stm32f4xx_hal_dma_ex.c.obj
LOAD cmake/stm32cubemx/CMakeFiles/STM32_Drivers.dir/__/__/Drivers/STM32F4xx_HAL_Driver/Src/stm32f4xx_hal_dma.c.obj
LOAD cmake/stm32cubemx/CMakeFiles/STM32_Drivers.dir/__/__/Drivers/STM32F4xx_HAL_Driver/Src/stm32f4xx_hal_pwr.c.obj
LOAD cmake/stm32cubemx/CMakeFiles/STM32_Drivers.dir/__/__/Drivers/STM32F4xx_HAL_Driver/Src/stm32f4xx_hal_pwr_ex.c.obj
LOAD cmake/stm32cubemx/CMakeFiles/STM32_Drivers.dir/__/__/Drivers/STM32F4xx_HAL_Driver/Src/stm32f4xx_hal_cortex.c.obj
LOAD cmake/stm32cubemx/CMakeFiles/STM32_Drivers.dir/__/__/Drivers/STM32F4xx_HAL_Driver/Src/stm32f4xx_hal.c.obj
LOAD cmake/stm32cubemx/CMakeFiles/STM32_Drivers.dir/__/__/Drivers/STM32F4xx_HAL_Driver/Src/stm32f4xx_hal_exti.c.obj
LOAD cmake/stm32cubemx/CMakeFiles/STM32_Drivers.dir/__/__/Drivers/STM32F4xx_HAL_Driver/Src/stm32f4xx_hal_uart.c.obj
LOAD cmake/stm32cubemx/CMakeFiles/STM32_Drivers.dir/__/__/Drivers/STM32F4xx_HAL_Driver/Src/stm32f4xx_hal_wwdg.c.obj
LOAD cmake/stm32cubemx/CMakeFiles/FreeRTOS.dir/__/__/Middlewares/Third_Party/FreeRTOS/Source/croutine.c.obj
LOAD cmake/stm32cubemx/CMakeFiles/FreeRTOS.dir/__/__/Middlewares/Third_Party/FreeRTOS/Source/event_groups.c.obj
LOAD cmake/stm32cubemx/CMakeFiles/FreeRTOS.dir/__/__/Middlewares/Third_Party/FreeRTOS/Source/list.c.obj
LOAD cmake/stm32cubemx/CMakeFiles/FreeRTOS.dir/__/__/Middlewares/Third_Party/FreeRTOS/Source/queue.c.obj
LOAD cmake/stm32cubemx/CMakeFiles/FreeRTOS.dir/__/__/Middlewares/Third_Party/FreeRTOS/Source/stream_buffer.c.obj
LOAD cmake/stm32cubemx/CMakeFiles/FreeRTOS.dir/__/__/Middlewares/Third_Party/FreeRTOS/Source/tasks.c.obj
LOAD cmake/stm32cubemx/CMakeFiles/FreeRTOS.dir/__/__/Middlewares/Third_Party/FreeRTOS/Source/timers.c.obj
LOAD cmake/stm32cubemx/CMakeFiles/FreeRTOS.dir/__/__/Middlewares/Third_Party/FreeRTOS/Source/CMSIS_RTOS_V2/cmsis_os2.c.obj
LOAD cmake/stm32cubemx/CMakeFiles/FreeRTOS.dir/__/__/Middlewares/Third_Party/FreeRTOS/Source/portable/MemMang/heap_4.c.obj
LOAD cmake/stm32cubemx/CMakeFiles/FreeRTOS.dir/__/__/Middlewares/Third_Party/FreeRTOS/Source/portable/GCC/ARM_CM4F/port.c.obj
LOAD CMakeFiles/Source.dir/Core/Src/main.c.obj
LOAD CMakeFiles/Source.dir/Core/Src/freertos.c.obj
LOAD CMakeFiles/Source.dir/Core/Src/stm32f4xx_it.c.obj
LOAD CMakeFiles/Source.dir/Core/Src/stm32f4xx_hal_msp.c.obj
LOAD CMakeFiles/Source.dir/Core/Src/stm32f4xx_hal_timebase_tim.c.obj
LOAD CMakeFiles/Source.dir/Core/Src/sysmem.c.obj
LOAD CMakeFiles/Source.dir/Core/Src/syscalls.c.obj
LOAD CMakeFiles/Source.dir/startup_stm32f411xe.s.obj
LOAD CMakeFiles/Source.dir/D_/Embedded/Project/Freelance/App/gom/gom_router.c.obj
LOAD CMakeFiles/Source.dir/D_/Embedded/Project/Freelance/App/gom/gom_command_encoder.c.obj
LOAD CMakeFiles/Source.dir/D_/Embedded/Project/Freelance/App/gom/gom_response.c.obj
LOAD CMakeFiles/Source.dir/D_/Embedded/Project/Freelance/App/gom/gom_firmware.c.obj
LOAD CMakeFiles/Source.dir/D_/Embedded/Project/Freelance/App/relay/relay_matrix.c.obj
LOAD CMakeFiles/Source.dir/D_/Embedded/Project/Freelance/App/board/board_io.c.obj
LOAD CMakeFiles/Source.dir/D_/Embedded/Project/Freelance/App/board/board_shift_register.c.obj
LOAD CMakeFiles/Source.dir/D_/Embedded/Project/Freelance/App/log/log.c.obj
LOAD CMakeFiles/Source.dir/D_/Embedded/Project/Freelance/App/log/SEGGER_RTT.c.obj
LOAD C:/Program Files (x86)/Arm/GNU Toolchain mingw-w64-i686-arm-none-eabi/bin/../lib/gcc/arm-none-eabi/15.2.1/../../../../arm-none-eabi/lib/thumb/v7e-m+fp/hard\libm.a
START GROUP
LOAD C:/Program Files (x86)/Arm/GNU Toolchain mingw-w64-i686-arm-none-eabi/bin/../lib/gcc/arm-none-eabi/15.2.1/thumb/v7e-m+fp/hard\libgcc.a
LOAD C:/Program Files (x86)/Arm/GNU Toolchain mingw-w64-i686-arm-none-eabi/bin/../lib/gcc/arm-none-eabi/15.2.1/../../../../arm-none-eabi/lib/thumb/v7e-m+fp/hard\libg_nano.a
LOAD C:/Program Files (x86)/Arm/GNU Toolchain mingw-w64-i686-arm-none-eabi/bin/../lib/gcc/arm-none-eabi/15.2.1/../../../../arm-none-eabi/lib/thumb/v7e-m+fp/hard\libc_nano.a
END GROUP
START GROUP
LOAD C:/Program Files (x86)/Arm/GNU Toolchain mingw-w64-i686-arm-none-eabi/bin/../lib/gcc/arm-none-eabi/15.2.1/thumb/v7e-m+fp/hard\libgcc.a
LOAD C:/Program Files (x86)/Arm/GNU Toolchain mingw-w64-i686-arm-none-eabi/bin/../lib/gcc/arm-none-eabi/15.2.1/../../../../arm-none-eabi/lib/thumb/v7e-m+fp/hard\libc_nano.a
END GROUP
LOAD C:/Program Files (x86)/Arm/GNU Toolchain mingw-w64-i686-arm-none-eabi/bin/../lib/gcc/arm-none-eabi/15.2.1/thumb/v7e-m+fp/hard/crtend.o
LOAD C:/Program Files (x86)/Arm/GNU Toolchain mingw-w64-i686-arm-none-eabi/bin/../lib/gcc/arm-none-eabi/15.2.1/thumb/v7e-m+fp/hard/crtn.o
                0x20020000                        _estack = (ORIGIN (RAM) + LENGTH (RAM))
                0x2001fc00                        _sstack = (_estack - _Min_Stack_Size)
                0x00000200                        _Min_Heap_Size = 0x200
                0x00000400                        _Min_Stack_Size = 0x400

.isr_vector     0x08000000      0x198
                0x08000000                        . = ALIGN (0x4)
 *(.isr_vector)
 .isr_vector    0x08000000      0x198 CMakeFiles/Source.dir/startup_stm32f411xe.s.obj
                0x08000000                g_pfnVectors
                0x08000198                        . = ALIGN (0x4)

.text           0x080001a0     0xd17c
                0x080001a0                        . = ALIGN (0x4)
 *(.text)
 .text          0x080001a0      0x378 C:/Program Files (x86)/Arm/GNU Toolchain mingw-w64-i686-arm-none-eabi/bin/../lib/gcc/arm-none-eabi/15.2.1/thumb/v7e-m+fp/hard\libgcc.a(_arm_addsubdf3.o)
                0x080001a0                __aeabi_drsub
                0x080001a8                __aeabi_dsub
                0x080001a8                __subdf3
                0x080001ac                __aeabi_dadd
                0x080001ac                __adddf3
                0x08000424                __floatunsidf
                0x08000424                __aeabi_ui2d
                0x08000444                __floatsidf
                0x08000444                __aeabi_i2d
                0x08000468                __aeabi_f2d
                0x08000468                __extendsfdf2
                0x080004ac                __floatundidf
                0x080004ac                __aeabi_ul2d
                0x080004bc                __floatdidf
                0x080004bc                __aeabi_l2d
 .text          0x08000518      0x110 C:/Program Files (x86)/Arm/GNU Toolchain mingw-w64-i686-arm-none-eabi/bin/../lib/gcc/arm-none-eabi/15.2.1/thumb/v7e-m+fp/hard\libgcc.a(_arm_cmpdf2.o)
                0x08000518                __gtdf2
                0x08000518                __gedf2
                0x08000520                __ltdf2
                0x08000520                __ledf2
                0x08000528                __nedf2
                0x08000528                __eqdf2
                0x08000528                __cmpdf2
                0x080005a4                __aeabi_cdrcmple
                0x080005b4                __aeabi_cdcmpeq
                0x080005b4                __aeabi_cdcmple
                0x080005c4                __aeabi_dcmpeq
                0x080005d8                __aeabi_dcmplt
                0x080005ec                __aeabi_dcmple
                0x08000600                __aeabi_dcmpge
                0x08000614                __aeabi_dcmpgt
 .text          0x08000628       0x2c C:/Program Files (x86)/Arm/GNU Toolchain mingw-w64-i686-arm-none-eabi/bin/../lib/gcc/arm-none-eabi/15.2.1/thumb/v7e-m+fp/hard\libgcc.a(_arm_unorddf2.o)
                0x08000628                __unorddf2
                0x08000628                __aeabi_dcmpun
 .text          0x08000654       0x50 C:/Program Files (x86)/Arm/GNU Toolchain mingw-w64-i686-arm-none-eabi/bin/../lib/gcc/arm-none-eabi/15.2.1/thumb/v7e-m+fp/hard\libgcc.a(_arm_fixdfsi.o)
                0x08000654                __aeabi_d2iz
                0x08000654                __fixdfsi
 .text          0x080006a4       0x30 C:/Program Files (x86)/Arm/GNU Toolchain mingw-w64-i686-arm-none-eabi/bin/../lib/gcc/arm-none-eabi/15.2.1/thumb/v7e-m+fp/hard\libgcc.a(_aeabi_uldivmod.o)
                0x080006a4                __aeabi_uldivmod
 .text          0x080006d4        0x4 C:/Program Files (x86)/Arm/GNU Toolchain mingw-w64-i686-arm-none-eabi/bin/../lib/gcc/arm-none-eabi/15.2.1/thumb/v7e-m+fp/hard\libgcc.a(_dvmd_tls.o)
                0x080006d4                __aeabi_idiv0
                0x080006d4                __aeabi_ldiv0
 .text          0x080006d8       0x14 C:/Program Files (x86)/Arm/GNU Toolchain mingw-w64-i686-arm-none-eabi/bin/../lib/gcc/arm-none-eabi/15.2.1/../../../../arm-none-eabi/lib/thumb/v7e-m+fp/hard\libg_nano.a(libc_a-strcmp.o)
                0x080006d8                strcmp
 .text          0x080006ec       0x10 C:/Program Files (x86)/Arm/GNU Toolchain mingw-w64-i686-arm-none-eabi/bin/../lib/gcc/arm-none-eabi/15.2.1/../../../../arm-none-eabi/lib/thumb/v7e-m+fp/hard\libg_nano.a(libc_a-strlen.o)
                0x080006ec                strlen
 *fill*         0x080006fc        0x4 
 .text          0x08000700       0xa0 C:/Program Files (x86)/Arm/GNU Toolchain mingw-w64-i686-arm-none-eabi/bin/../lib/gcc/arm-none-eabi/15.2.1/../../../../arm-none-eabi/lib/thumb/v7e-m+fp/hard\libg_nano.a(libc_a-memchr.o)
                0x08000700                memchr
 .text          0x080007a0      0x424 C:/Program Files (x86)/Arm/GNU Toolchain mingw-w64-i686-arm-none-eabi/bin/../lib/gcc/arm-none-eabi/15.2.1/thumb/v7e-m+fp/hard\libgcc.a(_arm_muldivdf3.o)
                0x080007a0                __aeabi_dmul
                0x080007a0                __muldf3
                0x080009f4                __divdf3
                0x080009f4                __aeabi_ddiv
 .text          0x08000bc4       0x40 C:/Program Files (x86)/Arm/GNU Toolchain mingw-w64-i686-arm-none-eabi/bin/../lib/gcc/arm-none-eabi/15.2.1/thumb/v7e-m+fp/hard\libgcc.a(_arm_fixunsdfsi.o)
                0x08000bc4                __aeabi_d2uiz
                0x08000bc4                __fixunsdfsi
 *(.text*)
 .text.deregister_tm_clones
                0x08000c04       0x1c C:/Program Files (x86)/Arm/GNU Toolchain mingw-w64-i686-arm-none-eabi/bin/../lib/gcc/arm-none-eabi/15.2.1/thumb/v7e-m+fp/hard/crtbegin.o
 .text.register_tm_clones
                0x08000c20       0x24 C:/Program Files (x86)/Arm/GNU Toolchain mingw-w64-i686-arm-none-eabi/bin/../lib/gcc/arm-none-eabi/15.2.1/thumb/v7e-m+fp/hard/crtbegin.o
 .text.__do_global_dtors_aux
                0x08000c44       0x28 C:/Program Files (x86)/Arm/GNU Toolchain mingw-w64-i686-arm-none-eabi/bin/../lib/gcc/arm-none-eabi/15.2.1/thumb/v7e-m+fp/hard/crtbegin.o
 .text.frame_dummy
                0x08000c6c       0x24 C:/Program Files (x86)/Arm/GNU Toolchain mingw-w64-i686-arm-none-eabi/bin/../lib/gcc/arm-none-eabi/15.2.1/thumb/v7e-m+fp/hard/crtbegin.o
 .text.SystemInit
                0x08000c90       0x20 cmake/stm32cubemx/CMakeFiles/STM32_Drivers.dir/__/__/Core/Src/system_stm32f4xx.c.obj
                0x08000c90                SystemInit
 .text.HAL_TIM_Base_Init
                0x08000cb0       0x9e cmake/stm32cubemx/CMakeFiles/STM32_Drivers.dir/__/__/Drivers/STM32F4xx_HAL_Driver/Src/stm32f4xx_hal_tim.c.obj
                0x08000cb0                HAL_TIM_Base_Init
 .text.HAL_TIM_Base_MspInit
                0x08000d4e       0x12 cmake/stm32cubemx/CMakeFiles/STM32_Drivers.dir/__/__/Drivers/STM32F4xx_HAL_Driver/Src/stm32f4xx_hal_tim.c.obj
                0x08000d4e                HAL_TIM_Base_MspInit
 .text.HAL_TIM_Base_Start_IT
                0x08000d60       0xc0 cmake/stm32cubemx/CMakeFiles/STM32_Drivers.dir/__/__/Drivers/STM32F4xx_HAL_Driver/Src/stm32f4xx_hal_tim.c.obj
                0x08000d60                HAL_TIM_Base_Start_IT
 .text.HAL_TIM_IRQHandler
                0x08000e20      0x1e0 cmake/stm32cubemx/CMakeFiles/STM32_Drivers.dir/__/__/Drivers/STM32F4xx_HAL_Driver/Src/stm32f4xx_hal_tim.c.obj
                0x08000e20                HAL_TIM_IRQHandler
 .text.HAL_TIM_OC_DelayElapsedCallback
                0x08001000       0x12 cmake/stm32cubemx/CMakeFiles/STM32_Drivers.dir/__/__/Drivers/STM32F4xx_HAL_Driver/Src/stm32f4xx_hal_tim.c.obj
                0x08001000                HAL_TIM_OC_DelayElapsedCallback
 .text.HAL_TIM_IC_CaptureCallback
                0x08001012       0x12 cmake/stm32cubemx/CMakeFiles/STM32_Drivers.dir/__/__/Drivers/STM32F4xx_HAL_Driver/Src/stm32f4xx_hal_tim.c.obj
                0x08001012                HAL_TIM_IC_CaptureCallback
 .text.HAL_TIM_PWM_PulseFinishedCallback
                0x08001024       0x12 cmake/stm32cubemx/CMakeFiles/STM32_Drivers.dir/__/__/Drivers/STM32F4xx_HAL_Driver/Src/stm32f4xx_hal_tim.c.obj
                0x08001024                HAL_TIM_PWM_PulseFinishedCallback
 .text.HAL_TIM_TriggerCallback
                0x08001036       0x12 cmake/stm32cubemx/CMakeFiles/STM32_Drivers.dir/__/__/Drivers/STM32F4xx_HAL_Driver/Src/stm32f4xx_hal_tim.c.obj
                0x08001036                HAL_TIM_TriggerCallback
 .text.TIM_Base_SetConfig
                0x08001048      0x108 cmake/stm32cubemx/CMakeFiles/STM32_Drivers.dir/__/__/Drivers/STM32F4xx_HAL_Driver/Src/stm32f4xx_hal_tim.c.obj
                0x08001048                TIM_Base_SetConfig
 .text.HAL_TIMEx_CommutCallback
                0x08001150       0x12 cmake/stm32cubemx/CMakeFiles/STM32_Drivers.dir/__/__/Drivers/STM32F4xx_HAL_Driver/Src/stm32f4xx_hal_tim_ex.c.obj
                0x08001150                HAL_TIMEx_CommutCallback
 .text.HAL_TIMEx_BreakCallback
                0x08001162       0x12 cmake/stm32cubemx/CMakeFiles/STM32_Drivers.dir/__/__/Drivers/STM32F4xx_HAL_Driver/Src/stm32f4xx_hal_tim_ex.c.obj
                0x08001162                HAL_TIMEx_BreakCallback
 .text.HAL_RCC_OscConfig
                0x08001174      0x4f0 cmake/stm32cubemx/CMakeFiles/STM32_Drivers.dir/__/__/Drivers/STM32F4xx_HAL_Driver/Src/stm32f4xx_hal_rcc.c.obj
                0x08001174                HAL_RCC_OscConfig
 .text.HAL_RCC_ClockConfig
                0x08001664      0x1cc cmake/stm32cubemx/CMakeFiles/STM32_Drivers.dir/__/__/Drivers/STM32F4xx_HAL_Driver/Src/stm32f4xx_hal_rcc.c.obj
                0x08001664                HAL_RCC_ClockConfig
 .text.HAL_RCC_GetSysClockFreq
                0x08001830      0x188 cmake/stm32cubemx/CMakeFiles/STM32_Drivers.dir/__/__/Drivers/STM32F4xx_HAL_Driver/Src/stm32f4xx_hal_rcc.c.obj
                0x08001830                HAL_RCC_GetSysClockFreq
 .text.HAL_RCC_GetHCLKFreq
                0x080019b8       0x14 cmake/stm32cubemx/CMakeFiles/STM32_Drivers.dir/__/__/Drivers/STM32F4xx_HAL_Driver/Src/stm32f4xx_hal_rcc.c.obj
                0x080019b8                HAL_RCC_GetHCLKFreq
 .text.HAL_RCC_GetPCLK1Freq
                0x080019cc       0x28 cmake/stm32cubemx/CMakeFiles/STM32_Drivers.dir/__/__/Drivers/STM32F4xx_HAL_Driver/Src/stm32f4xx_hal_rcc.c.obj
                0x080019cc                HAL_RCC_GetPCLK1Freq
 .text.HAL_RCC_GetPCLK2Freq
                0x080019f4       0x28 cmake/stm32cubemx/CMakeFiles/STM32_Drivers.dir/__/__/Drivers/STM32F4xx_HAL_Driver/Src/stm32f4xx_hal_rcc.c.obj
                0x080019f4                HAL_RCC_GetPCLK2Freq
 .text.HAL_RCC_GetClockConfig
                0x08001a1c       0x60 cmake/stm32cubemx/CMakeFiles/STM32_Drivers.dir/__/__/Drivers/STM32F4xx_HAL_Driver/Src/stm32f4xx_hal_rcc.c.obj
                0x08001a1c                HAL_RCC_GetClockConfig
 .text.HAL_GPIO_Init
                0x08001a7c      0x304 cmake/stm32cubemx/CMakeFiles/STM32_Drivers.dir/__/__/Drivers/STM32F4xx_HAL_Driver/Src/stm32f4xx_hal_gpio.c.obj
                0x08001a7c                HAL_GPIO_Init
 .text.HAL_GPIO_WritePin
                0x08001d80       0x30 cmake/stm32cubemx/CMakeFiles/STM32_Drivers.dir/__/__/Drivers/STM32F4xx_HAL_Driver/Src/stm32f4xx_hal_gpio.c.obj
                0x08001d80                HAL_GPIO_WritePin
 .text.HAL_DMA_Init
                0x08001db0      0x15c cmake/stm32cubemx/CMakeFiles/STM32_Drivers.dir/__/__/Drivers/STM32F4xx_HAL_Driver/Src/stm32f4xx_hal_dma.c.obj
                0x08001db0                HAL_DMA_Init
 .text.HAL_DMA_Abort
                0x08001f0c       0xe0 cmake/stm32cubemx/CMakeFiles/STM32_Drivers.dir/__/__/Drivers/STM32F4xx_HAL_Driver/Src/stm32f4xx_hal_dma.c.obj
                0x08001f0c                HAL_DMA_Abort
 .text.HAL_DMA_Abort_IT
                0x08001fec       0x42 cmake/stm32cubemx/CMakeFiles/STM32_Drivers.dir/__/__/Drivers/STM32F4xx_HAL_Driver/Src/stm32f4xx_hal_dma.c.obj
                0x08001fec                HAL_DMA_Abort_IT
 *fill*         0x0800202e        0x2 
 .text.HAL_DMA_IRQHandler
                0x08002030      0x314 cmake/stm32cubemx/CMakeFiles/STM32_Drivers.dir/__/__/Drivers/STM32F4xx_HAL_Driver/Src/stm32f4xx_hal_dma.c.obj
                0x08002030                HAL_DMA_IRQHandler
 .text.DMA_CalcBaseAndBitshift
                0x08002344       0x68 cmake/stm32cubemx/CMakeFiles/STM32_Drivers.dir/__/__/Drivers/STM32F4xx_HAL_Driver/Src/stm32f4xx_hal_dma.c.obj
 .text.DMA_CheckFifoParam
                0x080023ac      0x10a cmake/stm32cubemx/CMakeFiles/STM32_Drivers.dir/__/__/Drivers/STM32F4xx_HAL_Driver/Src/stm32f4xx_hal_dma.c.obj
 *fill*         0x080024b6        0x2 
 .text.__NVIC_SetPriorityGrouping
                0x080024b8       0x48 cmake/stm32cubemx/CMakeFiles/STM32_Drivers.dir/__/__/Drivers/STM32F4xx_HAL_Driver/Src/stm32f4xx_hal_cortex.c.obj
 .text.__NVIC_GetPriorityGrouping
                0x08002500       0x1c cmake/stm32cubemx/CMakeFiles/STM32_Drivers.dir/__/__/Drivers/STM32F4xx_HAL_Driver/Src/stm32f4xx_hal_cortex.c.obj
 .text.__NVIC_EnableIRQ
                0x0800251c       0x38 cmake/stm32cubemx/CMakeFiles/STM32_Drivers.dir/__/__/Drivers/STM32F4xx_HAL_Driver/Src/stm32f4xx_hal_cortex.c.obj
 .text.__NVIC_SetPriority
                0x08002554       0x54 cmake/stm32cubemx/CMakeFiles/STM32_Drivers.dir/__/__/Drivers/STM32F4xx_HAL_Driver/Src/stm32f4xx_hal_cortex.c.obj
 .text.NVIC_EncodePriority
                0x080025a8       0x6e cmake/stm32cubemx/CMakeFiles/STM32_Drivers.dir/__/__/Drivers/STM32F4xx_HAL_Driver/Src/stm32f4xx_hal_cortex.c.obj
 .text.HAL_NVIC_SetPriorityGrouping
                0x08002616       0x16 cmake/stm32cubemx/CMakeFiles/STM32_Drivers.dir/__/__/Drivers/STM32F4xx_HAL_Driver/Src/stm32f4xx_hal_cortex.c.obj
                0x08002616                HAL_NVIC_SetPriorityGrouping
 .text.HAL_NVIC_SetPriority
                0x0800262c       0x38 cmake/stm32cubemx/CMakeFiles/STM32_Drivers.dir/__/__/Drivers/STM32F4xx_HAL_Driver/Src/stm32f4xx_hal_cortex.c.obj
                0x0800262c                HAL_NVIC_SetPriority
 .text.HAL_NVIC_EnableIRQ
                0x08002664       0x1c cmake/stm32cubemx/CMakeFiles/STM32_Drivers.dir/__/__/Drivers/STM32F4xx_HAL_Driver/Src/stm32f4xx_hal_cortex.c.obj
                0x08002664                HAL_NVIC_EnableIRQ
 .text.HAL_Init
                0x08002680       0x44 cmake/stm32cubemx/CMakeFiles/STM32_Drivers.dir/__/__/Drivers/STM32F4xx_HAL_Driver/Src/stm32f4xx_hal.c.obj
                0x08002680                HAL_Init
 .text.HAL_IncTick
                0x080026c4       0x24 cmake/stm32cubemx/CMakeFiles/STM32_Drivers.dir/__/__/Drivers/STM32F4xx_HAL_Driver/Src/stm32f4xx_hal.c.obj
                0x080026c4                HAL_IncTick
 .text.HAL_GetTick
                0x080026e8       0x14 cmake/stm32cubemx/CMakeFiles/STM32_Drivers.dir/__/__/Drivers/STM32F4xx_HAL_Driver/Src/stm32f4xx_hal.c.obj
                0x080026e8                HAL_GetTick
 .text.HAL_UART_Init
                0x080026fc       0xa0 cmake/stm32cubemx/CMakeFiles/STM32_Drivers.dir/__/__/Drivers/STM32F4xx_HAL_Driver/Src/stm32f4xx_hal_uart.c.obj
                0x080026fc                HAL_UART_Init
 .text.HAL_UART_Transmit_IT
                0x0800279c       0x6a cmake/stm32cubemx/CMakeFiles/STM32_Drivers.dir/__/__/Drivers/STM32F4xx_HAL_Driver/Src/stm32f4xx_hal_uart.c.obj
                0x0800279c                HAL_UART_Transmit_IT
 .text.HAL_UART_Receive_IT
                0x08002806       0x4a cmake/stm32cubemx/CMakeFiles/STM32_Drivers.dir/__/__/Drivers/STM32F4xx_HAL_Driver/Src/stm32f4xx_hal_uart.c.obj
                0x08002806                HAL_UART_Receive_IT
 .text.HAL_UART_IRQHandler
                0x08002850      0x550 cmake/stm32cubemx/CMakeFiles/STM32_Drivers.dir/__/__/Drivers/STM32F4xx_HAL_Driver/Src/stm32f4xx_hal_uart.c.obj
                0x08002850                HAL_UART_IRQHandler
 .text.HAL_UARTEx_RxEventCallback
                0x08002da0       0x16 cmake/stm32cubemx/CMakeFiles/STM32_Drivers.dir/__/__/Drivers/STM32F4xx_HAL_Driver/Src/stm32f4xx_hal_uart.c.obj
                0x08002da0                HAL_UARTEx_RxEventCallback
 .text.UART_Start_Receive_IT
                0x08002db6       0x72 cmake/stm32cubemx/CMakeFiles/STM32_Drivers.dir/__/__/Drivers/STM32F4xx_HAL_Driver/Src/stm32f4xx_hal_uart.c.obj
                0x08002db6                UART_Start_Receive_IT
 .text.UART_EndRxTransfer
                0x08002e28       0xc4 cmake/stm32cubemx/CMakeFiles/STM32_Drivers.dir/__/__/Drivers/STM32F4xx_HAL_Driver/Src/stm32f4xx_hal_uart.c.obj
 .text.UART_DMAAbortOnError
                0x08002eec       0x22 cmake/stm32cubemx/CMakeFiles/STM32_Drivers.dir/__/__/Drivers/STM32F4xx_HAL_Driver/Src/stm32f4xx_hal_uart.c.obj
 .text.UART_Transmit_IT
                0x08002f0e       0x9e cmake/stm32cubemx/CMakeFiles/STM32_Drivers.dir/__/__/Drivers/STM32F4xx_HAL_Driver/Src/stm32f4xx_hal_uart.c.obj
 .text.UART_EndTransmit_IT
                0x08002fac       0x30 cmake/stm32cubemx/CMakeFiles/STM32_Drivers.dir/__/__/Drivers/STM32F4xx_HAL_Driver/Src/stm32f4xx_hal_uart.c.obj
 .text.UART_Receive_IT
                0x08002fdc      0x17c cmake/stm32cubemx/CMakeFiles/STM32_Drivers.dir/__/__/Drivers/STM32F4xx_HAL_Driver/Src/stm32f4xx_hal_uart.c.obj
 .text.UART_SetConfig
                0x08003158      0x4e8 cmake/stm32cubemx/CMakeFiles/STM32_Drivers.dir/__/__/Drivers/STM32F4xx_HAL_Driver/Src/stm32f4xx_hal_uart.c.obj
 .text.HAL_WWDG_Init
                0x08003640       0x48 cmake/stm32cubemx/CMakeFiles/STM32_Drivers.dir/__/__/Drivers/STM32F4xx_HAL_Driver/Src/stm32f4xx_hal_wwdg.c.obj
                0x08003640                HAL_WWDG_Init
 .text.vListInitialise
                0x08003688       0x3e cmake/stm32cubemx/CMakeFiles/FreeRTOS.dir/__/__/Middlewares/Third_Party/FreeRTOS/Source/list.c.obj
                0x08003688                vListInitialise
 .text.vListInitialiseItem
                0x080036c6       0x18 cmake/stm32cubemx/CMakeFiles/FreeRTOS.dir/__/__/Middlewares/Third_Party/FreeRTOS/Source/list.c.obj
                0x080036c6                vListInitialiseItem
 .text.vListInsertEnd
                0x080036de       0x46 cmake/stm32cubemx/CMakeFiles/FreeRTOS.dir/__/__/Middlewares/Third_Party/FreeRTOS/Source/list.c.obj
                0x080036de                vListInsertEnd
 .text.vListInsert
                0x08003724       0x70 cmake/stm32cubemx/CMakeFiles/FreeRTOS.dir/__/__/Middlewares/Third_Party/FreeRTOS/Source/list.c.obj
                0x08003724                vListInsert
 .text.uxListRemove
                0x08003794       0x52 cmake/stm32cubemx/CMakeFiles/FreeRTOS.dir/__/__/Middlewares/Third_Party/FreeRTOS/Source/list.c.obj
                0x08003794                uxListRemove
 *fill*         0x080037e6        0x2 
 .text.xQueueGenericReset
                0x080037e8       0xd4 cmake/stm32cubemx/CMakeFiles/FreeRTOS.dir/__/__/Middlewares/Third_Party/FreeRTOS/Source/queue.c.obj
                0x080037e8                xQueueGenericReset
 .text.xQueueGenericCreateStatic
                0x080038bc       0xfa cmake/stm32cubemx/CMakeFiles/FreeRTOS.dir/__/__/Middlewares/Third_Party/FreeRTOS/Source/queue.c.obj
                0x080038bc                xQueueGenericCreateStatic
 .text.prvInitialiseNewQueue
                0x080039b6       0x46 cmake/stm32cubemx/CMakeFiles/FreeRTOS.dir/__/__/Middlewares/Third_Party/FreeRTOS/Source/queue.c.obj
 .text.xQueueGenericSend
                0x080039fc      0x204 cmake/stm32cubemx/CMakeFiles/FreeRTOS.dir/__/__/Middlewares/Third_Party/FreeRTOS/Source/queue.c.obj
                0x080039fc                xQueueGenericSend
 .text.xQueueGenericSendFromISR
                0x08003c00      0x13c cmake/stm32cubemx/CMakeFiles/FreeRTOS.dir/__/__/Middlewares/Third_Party/FreeRTOS/Source/queue.c.obj
                0x08003c00                xQueueGenericSendFromISR
 .text.xQueueReceive
                0x08003d3c      0x1c4 cmake/stm32cubemx/CMakeFiles/FreeRTOS.dir/__/__/Middlewares/Third_Party/FreeRTOS/Source/queue.c.obj
                0x08003d3c                xQueueReceive
 .text.prvCopyDataToQueue
                0x08003f00       0xd4 cmake/stm32cubemx/CMakeFiles/FreeRTOS.dir/__/__/Middlewares/Third_Party/FreeRTOS/Source/queue.c.obj
 .text.prvCopyDataFromQueue
                0x08003fd4       0x4c cmake/stm32cubemx/CMakeFiles/FreeRTOS.dir/__/__/Middlewares/Third_Party/FreeRTOS/Source/queue.c.obj
 .text.prvUnlockQueue
                0x08004020       0xa4 cmake/stm32cubemx/CMakeFiles/FreeRTOS.dir/__/__/Middlewares/Third_Party/FreeRTOS/Source/queue.c.obj
 .text.prvIsQueueEmpty
                0x080040c4       0x2c cmake/stm32cubemx/CMakeFiles/FreeRTOS.dir/__/__/Middlewares/Third_Party/FreeRTOS/Source/queue.c.obj
 .text.prvIsQueueFull
                0x080040f0       0x30 cmake/stm32cubemx/CMakeFiles/FreeRTOS.dir/__/__/Middlewares/Third_Party/FreeRTOS/Source/queue.c.obj
 .text.vQueueAddToRegistry
                0x08004120       0x50 cmake/stm32cubemx/CMakeFiles/FreeRTOS.dir/__/__/Middlewares/Third_Party/FreeRTOS/Source/queue.c.obj
                0x08004120                vQueueAddToRegistry
 .text.vQueueWaitForMessageRestricted
                0x08004170       0x68 cmake/stm32cubemx/CMakeFiles/FreeRTOS.dir/__/__/Middlewares/Third_Party/FreeRTOS/Source/queue.c.obj
                0x08004170                vQueueWaitForMessageRestricted
 .text.xTaskCreateStatic
                0x080041d8       0xc0 cmake/stm32cubemx/CMakeFiles/FreeRTOS.dir/__/__/Middlewares/Third_Party/FreeRTOS/Source/tasks.c.obj
                0x080041d8                xTaskCreateStatic
 .text.xTaskCreate
                0x08004298       0x8a cmake/stm32cubemx/CMakeFiles/FreeRTOS.dir/__/__/Middlewares/Third_Party/FreeRTOS/Source/tasks.c.obj
                0x08004298                xTaskCreate
 .text.prvInitialiseNewTask
                0x08004322      0x120 cmake/stm32cubemx/CMakeFiles/FreeRTOS.dir/__/__/Middlewares/Third_Party/FreeRTOS/Source/tasks.c.obj
 *fill*         0x08004442        0x2 
 .text.prvAddNewTaskToReadyList
                0x08004444       0xe0 cmake/stm32cubemx/CMakeFiles/FreeRTOS.dir/__/__/Middlewares/Third_Party/FreeRTOS/Source/tasks.c.obj
 .text.vTaskStartScheduler
                0x08004524       0xd0 cmake/stm32cubemx/CMakeFiles/FreeRTOS.dir/__/__/Middlewares/Third_Party/FreeRTOS/Source/tasks.c.obj
                0x08004524                vTaskStartScheduler
 .text.vTaskSuspendAll
                0x080045f4       0x1c cmake/stm32cubemx/CMakeFiles/FreeRTOS.dir/__/__/Middlewares/Third_Party/FreeRTOS/Source/tasks.c.obj
                0x080045f4                vTaskSuspendAll
 .text.xTaskResumeAll
                0x08004610      0x13c cmake/stm32cubemx/CMakeFiles/FreeRTOS.dir/__/__/Middlewares/Third_Party/FreeRTOS/Source/tasks.c.obj
                0x08004610                xTaskResumeAll
 .text.xTaskGetTickCount
                0x0800474c       0x1c cmake/stm32cubemx/CMakeFiles/FreeRTOS.dir/__/__/Middlewares/Third_Party/FreeRTOS/Source/tasks.c.obj
                0x0800474c                xTaskGetTickCount
 .text.xTaskIncrementTick
                0x08004768      0x174 cmake/stm32cubemx/CMakeFiles/FreeRTOS.dir/__/__/Middlewares/Third_Party/FreeRTOS/Source/tasks.c.obj
                0x08004768                xTaskIncrementTick
 .text.vTaskSwitchContext
                0x080048dc       0xbc cmake/stm32cubemx/CMakeFiles/FreeRTOS.dir/__/__/Middlewares/Third_Party/FreeRTOS/Source/tasks.c.obj
                0x080048dc                vTaskSwitchContext
 .text.vTaskPlaceOnEventList
                0x08004998       0x4c cmake/stm32cubemx/CMakeFiles/FreeRTOS.dir/__/__/Middlewares/Third_Party/FreeRTOS/Source/tasks.c.obj
                0x08004998                vTaskPlaceOnEventList
 .text.vTaskPlaceOnEventListRestricted
                0x080049e4       0x58 cmake/stm32cubemx/CMakeFiles/FreeRTOS.dir/__/__/Middlewares/Third_Party/FreeRTOS/Source/tasks.c.obj
                0x080049e4                vTaskPlaceOnEventListRestricted
 .text.xTaskRemoveFromEventList
                0x08004a3c       0xc8 cmake/stm32cubemx/CMakeFiles/FreeRTOS.dir/__/__/Middlewares/Third_Party/FreeRTOS/Source/tasks.c.obj
                0x08004a3c                xTaskRemoveFromEventList
 .text.vTaskInternalSetTimeOutState
                0x08004b04       0x2c cmake/stm32cubemx/CMakeFiles/FreeRTOS.dir/__/__/Middlewares/Third_Party/FreeRTOS/Source/tasks.c.obj
                0x08004b04                vTaskInternalSetTimeOutState
 .text.xTaskCheckForTimeOut
                0x08004b30       0xc8 cmake/stm32cubemx/CMakeFiles/FreeRTOS.dir/__/__/Middlewares/Third_Party/FreeRTOS/Source/tasks.c.obj
                0x08004b30                xTaskCheckForTimeOut
 .text.vTaskMissedYield
                0x08004bf8       0x18 cmake/stm32cubemx/CMakeFiles/FreeRTOS.dir/__/__/Middlewares/Third_Party/FreeRTOS/Source/tasks.c.obj
                0x08004bf8                vTaskMissedYield
 .text.prvIdleTask
                0x08004c10       0x30 cmake/stm32cubemx/CMakeFiles/FreeRTOS.dir/__/__/Middlewares/Third_Party/FreeRTOS/Source/tasks.c.obj
 .text.prvInitialiseTaskLists
                0x08004c40       0x80 cmake/stm32cubemx/CMakeFiles/FreeRTOS.dir/__/__/Middlewares/Third_Party/FreeRTOS/Source/tasks.c.obj
 .text.prvCheckTasksWaitingTermination
                0x08004cc0       0x5c cmake/stm32cubemx/CMakeFiles/FreeRTOS.dir/__/__/Middlewares/Third_Party/FreeRTOS/Source/tasks.c.obj
 .text.prvDeleteTCB
                0x08004d1c       0x60 cmake/stm32cubemx/CMakeFiles/FreeRTOS.dir/__/__/Middlewares/Third_Party/FreeRTOS/Source/tasks.c.obj
 .text.prvResetNextTaskUnblockTime
                0x08004d7c       0x40 cmake/stm32cubemx/CMakeFiles/FreeRTOS.dir/__/__/Middlewares/Third_Party/FreeRTOS/Source/tasks.c.obj
 .text.xTaskGetSchedulerState
                0x08004dbc       0x3c cmake/stm32cubemx/CMakeFiles/FreeRTOS.dir/__/__/Middlewares/Third_Party/FreeRTOS/Source/tasks.c.obj
                0x08004dbc                xTaskGetSchedulerState
 .text.xTaskPriorityDisinherit
                0x08004df8       0xe0 cmake/stm32cubemx/CMakeFiles/FreeRTOS.dir/__/__/Middlewares/Third_Party/FreeRTOS/Source/tasks.c.obj
                0x08004df8                xTaskPriorityDisinherit
 .text.prvAddCurrentTaskToDelayedList
                0x08004ed8       0xa8 cmake/stm32cubemx/CMakeFiles/FreeRTOS.dir/__/__/Middlewares/Third_Party/FreeRTOS/Source/tasks.c.obj
 .text.xTimerCreateTimerTask
                0x08004f80       0x94 cmake/stm32cubemx/CMakeFiles/FreeRTOS.dir/__/__/Middlewares/Third_Party/FreeRTOS/Source/timers.c.obj
                0x08004f80                xTimerCreateTimerTask
 .text.xTimerGenericCommand
                0x08005014       0x9c cmake/stm32cubemx/CMakeFiles/FreeRTOS.dir/__/__/Middlewares/Third_Party/FreeRTOS/Source/timers.c.obj
                0x08005014                xTimerGenericCommand
 .text.prvProcessExpiredTimer
                0x080050b0       0x9c cmake/stm32cubemx/CMakeFiles/FreeRTOS.dir/__/__/Middlewares/Third_Party/FreeRTOS/Source/timers.c.obj
 .text.prvTimerTask
                0x0800514c       0x26 cmake/stm32cubemx/CMakeFiles/FreeRTOS.dir/__/__/Middlewares/Third_Party/FreeRTOS/Source/timers.c.obj
 *fill*         0x08005172        0x2 
 .text.prvProcessTimerOrBlockTask
                0x08005174       0x9c cmake/stm32cubemx/CMakeFiles/FreeRTOS.dir/__/__/Middlewares/Third_Party/FreeRTOS/Source/timers.c.obj
 .text.prvGetNextExpireTime
                0x08005210       0x44 cmake/stm32cubemx/CMakeFiles/FreeRTOS.dir/__/__/Middlewares/Third_Party/FreeRTOS/Source/timers.c.obj
 .text.prvSampleTimeNow
                0x08005254       0x40 cmake/stm32cubemx/CMakeFiles/FreeRTOS.dir/__/__/Middlewares/Third_Party/FreeRTOS/Source/timers.c.obj
 .text.prvInsertTimerInActiveList
                0x08005294       0x84 cmake/stm32cubemx/CMakeFiles/FreeRTOS.dir/__/__/Middlewares/Third_Party/FreeRTOS/Source/timers.c.obj
 .text.prvProcessReceivedCommands
                0x08005318      0x1d8 cmake/stm32cubemx/CMakeFiles/FreeRTOS.dir/__/__/Middlewares/Third_Party/FreeRTOS/Source/timers.c.obj
 .text.prvSwitchTimerLists
                0x080054f0       0xcc cmake/stm32cubemx/CMakeFiles/FreeRTOS.dir/__/__/Middlewares/Third_Party/FreeRTOS/Source/timers.c.obj
 .text.prvCheckForValidListAndQueue
                0x080055bc       0x80 cmake/stm32cubemx/CMakeFiles/FreeRTOS.dir/__/__/Middlewares/Third_Party/FreeRTOS/Source/timers.c.obj
 .text.__NVIC_SetPriority
                0x0800563c       0x54 cmake/stm32cubemx/CMakeFiles/FreeRTOS.dir/__/__/Middlewares/Third_Party/FreeRTOS/Source/CMSIS_RTOS_V2/cmsis_os2.c.obj
 .text.SysTick_Handler
                0x08005690       0x20 cmake/stm32cubemx/CMakeFiles/FreeRTOS.dir/__/__/Middlewares/Third_Party/FreeRTOS/Source/CMSIS_RTOS_V2/cmsis_os2.c.obj
                0x08005690                SysTick_Handler
 .text.SVC_Setup
                0x080056b0       0x12 cmake/stm32cubemx/CMakeFiles/FreeRTOS.dir/__/__/Middlewares/Third_Party/FreeRTOS/Source/CMSIS_RTOS_V2/cmsis_os2.c.obj
 *fill*         0x080056c2        0x2 
 .text.osKernelInitialize
                0x080056c4       0x44 cmake/stm32cubemx/CMakeFiles/FreeRTOS.dir/__/__/Middlewares/Third_Party/FreeRTOS/Source/CMSIS_RTOS_V2/cmsis_os2.c.obj
                0x080056c4                osKernelInitialize
 .text.osKernelStart
                0x08005708       0x4c cmake/stm32cubemx/CMakeFiles/FreeRTOS.dir/__/__/Middlewares/Third_Party/FreeRTOS/Source/CMSIS_RTOS_V2/cmsis_os2.c.obj
                0x08005708                osKernelStart
 .text.osThreadNew
                0x08005754      0x124 cmake/stm32cubemx/CMakeFiles/FreeRTOS.dir/__/__/Middlewares/Third_Party/FreeRTOS/Source/CMSIS_RTOS_V2/cmsis_os2.c.obj
                0x08005754                osThreadNew
 .text.vApplicationGetIdleTaskMemory
                0x08005878       0x30 cmake/stm32cubemx/CMakeFiles/FreeRTOS.dir/__/__/Middlewares/Third_Party/FreeRTOS/Source/CMSIS_RTOS_V2/cmsis_os2.c.obj
                0x08005878                vApplicationGetIdleTaskMemory
 .text.vApplicationGetTimerTaskMemory
                0x080058a8       0x34 cmake/stm32cubemx/CMakeFiles/FreeRTOS.dir/__/__/Middlewares/Third_Party/FreeRTOS/Source/CMSIS_RTOS_V2/cmsis_os2.c.obj
                0x080058a8                vApplicationGetTimerTaskMemory
 .text.pvPortMalloc
                0x080058dc      0x19c cmake/stm32cubemx/CMakeFiles/FreeRTOS.dir/__/__/Middlewares/Third_Party/FreeRTOS/Source/portable/MemMang/heap_4.c.obj
                0x080058dc                pvPortMalloc
 .text.vPortFree
                0x08005a78       0xc8 cmake/stm32cubemx/CMakeFiles/FreeRTOS.dir/__/__/Middlewares/Third_Party/FreeRTOS/Source/portable/MemMang/heap_4.c.obj
                0x08005a78                vPortFree
 .text.prvHeapInit
                0x08005b40       0xc4 cmake/stm32cubemx/CMakeFiles/FreeRTOS.dir/__/__/Middlewares/Third_Party/FreeRTOS/Source/portable/MemMang/heap_4.c.obj
 .text.prvInsertBlockIntoFreeList
                0x08005c04       0xb0 cmake/stm32cubemx/CMakeFiles/FreeRTOS.dir/__/__/Middlewares/Third_Party/FreeRTOS/Source/portable/MemMang/heap_4.c.obj
 .text.pxPortInitialiseStack
                0x08005cb4       0x68 cmake/stm32cubemx/CMakeFiles/FreeRTOS.dir/__/__/Middlewares/Third_Party/FreeRTOS/Source/portable/GCC/ARM_CM4F/port.c.obj
                0x08005cb4                pxPortInitialiseStack
 .text.prvTaskExitError
                0x08005d1c       0x58 cmake/stm32cubemx/CMakeFiles/FreeRTOS.dir/__/__/Middlewares/Third_Party/FreeRTOS/Source/portable/GCC/ARM_CM4F/port.c.obj
 *fill*         0x08005d74        0xc 
 .text.SVC_Handler
                0x08005d80       0x28 cmake/stm32cubemx/CMakeFiles/FreeRTOS.dir/__/__/Middlewares/Third_Party/FreeRTOS/Source/portable/GCC/ARM_CM4F/port.c.obj
                0x08005d80                SVC_Handler
 .text.prvPortStartFirstTask
                0x08005da8       0x28 cmake/stm32cubemx/CMakeFiles/FreeRTOS.dir/__/__/Middlewares/Third_Party/FreeRTOS/Source/portable/GCC/ARM_CM4F/port.c.obj
 .text.xPortStartScheduler
                0x08005dd0      0x144 cmake/stm32cubemx/CMakeFiles/FreeRTOS.dir/__/__/Middlewares/Third_Party/FreeRTOS/Source/portable/GCC/ARM_CM4F/port.c.obj
                0x08005dd0                xPortStartScheduler
 .text.vPortEnterCritical
                0x08005f14       0x60 cmake/stm32cubemx/CMakeFiles/FreeRTOS.dir/__/__/Middlewares/Third_Party/FreeRTOS/Source/portable/GCC/ARM_CM4F/port.c.obj
                0x08005f14                vPortEnterCritical
 .text.vPortExitCritical
                0x08005f74       0x54 cmake/stm32cubemx/CMakeFiles/FreeRTOS.dir/__/__/Middlewares/Third_Party/FreeRTOS/Source/portable/GCC/ARM_CM4F/port.c.obj
                0x08005f74                vPortExitCritical
 *fill*         0x08005fc8        0x8 
 .text.PendSV_Handler
                0x08005fd0       0x68 cmake/stm32cubemx/CMakeFiles/FreeRTOS.dir/__/__/Middlewares/Third_Party/FreeRTOS/Source/portable/GCC/ARM_CM4F/port.c.obj
                0x08005fd0                PendSV_Handler
 .text.xPortSysTickHandler
                0x08006038       0x44 cmake/stm32cubemx/CMakeFiles/FreeRTOS.dir/__/__/Middlewares/Third_Party/FreeRTOS/Source/portable/GCC/ARM_CM4F/port.c.obj
                0x08006038                xPortSysTickHandler
 .text.vPortSetupTimerInterrupt
                0x0800607c       0x44 cmake/stm32cubemx/CMakeFiles/FreeRTOS.dir/__/__/Middlewares/Third_Party/FreeRTOS/Source/portable/GCC/ARM_CM4F/port.c.obj
                0x0800607c                vPortSetupTimerInterrupt
 .text.vPortEnableVFP
                0x080060c0       0x14 cmake/stm32cubemx/CMakeFiles/FreeRTOS.dir/__/__/Middlewares/Third_Party/FreeRTOS/Source/portable/GCC/ARM_CM4F/port.c.obj
 .text.vPortValidateInterruptPriority
                0x080060d4       0x80 cmake/stm32cubemx/CMakeFiles/FreeRTOS.dir/__/__/Middlewares/Third_Party/FreeRTOS/Source/portable/GCC/ARM_CM4F/port.c.obj
                0x080060d4                vPortValidateInterruptPriority
 .text.main     0x08006154       0x60 CMakeFiles/Source.dir/Core/Src/main.c.obj
                0x08006154                main
 .text.SystemClock_Config
                0x080061b4       0xd0 CMakeFiles/Source.dir/Core/Src/main.c.obj
                0x080061b4                SystemClock_Config
 .text.MX_USART1_UART_Init
                0x08006284       0x54 CMakeFiles/Source.dir/Core/Src/main.c.obj
 .text.MX_USART2_UART_Init
                0x080062d8       0x54 CMakeFiles/Source.dir/Core/Src/main.c.obj
 .text.MX_USART6_UART_Init
                0x0800632c       0x54 CMakeFiles/Source.dir/Core/Src/main.c.obj
 .text.MX_WWDG_Init
                0x08006380       0x40 CMakeFiles/Source.dir/Core/Src/main.c.obj
 .text.MX_DMA_Init
                0x080063c0       0xac CMakeFiles/Source.dir/Core/Src/main.c.obj
 .text.MX_GPIO_Init
                0x0800646c       0xd4 CMakeFiles/Source.dir/Core/Src/main.c.obj
 .text.StartDefaultTask
                0x08006540       0x16 CMakeFiles/Source.dir/Core/Src/main.c.obj
                0x08006540                StartDefaultTask
 *fill*         0x08006556        0x2 
 .text.HAL_TIM_PeriodElapsedCallback
                0x08006558       0x24 CMakeFiles/Source.dir/Core/Src/main.c.obj
                0x08006558                HAL_TIM_PeriodElapsedCallback
 .text.Error_Handler
                0x0800657c       0x24 CMakeFiles/Source.dir/Core/Src/main.c.obj
                0x0800657c                Error_Handler
 .text.NMI_Handler
                0x080065a0        0x8 CMakeFiles/Source.dir/Core/Src/stm32f4xx_it.c.obj
                0x080065a0                NMI_Handler
 .text.HardFault_Handler
                0x080065a8        0x8 CMakeFiles/Source.dir/Core/Src/stm32f4xx_it.c.obj
                0x080065a8                HardFault_Handler
 .text.MemManage_Handler
                0x080065b0        0x8 CMakeFiles/Source.dir/Core/Src/stm32f4xx_it.c.obj
                0x080065b0                MemManage_Handler
 .text.BusFault_Handler
                0x080065b8        0x8 CMakeFiles/Source.dir/Core/Src/stm32f4xx_it.c.obj
                0x080065b8                BusFault_Handler
 .text.UsageFault_Handler
                0x080065c0        0x8 CMakeFiles/Source.dir/Core/Src/stm32f4xx_it.c.obj
                0x080065c0                UsageFault_Handler
 .text.DebugMon_Handler
                0x080065c8        0xc CMakeFiles/Source.dir/Core/Src/stm32f4xx_it.c.obj
                0x080065c8                DebugMon_Handler
 .text.DMA1_Stream5_IRQHandler
                0x080065d4       0x14 CMakeFiles/Source.dir/Core/Src/stm32f4xx_it.c.obj
                0x080065d4                DMA1_Stream5_IRQHandler
 .text.DMA1_Stream6_IRQHandler
                0x080065e8       0x14 CMakeFiles/Source.dir/Core/Src/stm32f4xx_it.c.obj
                0x080065e8                DMA1_Stream6_IRQHandler
 .text.DMA2_Stream1_IRQHandler
                0x080065fc       0x14 CMakeFiles/Source.dir/Core/Src/stm32f4xx_it.c.obj
                0x080065fc                DMA2_Stream1_IRQHandler
 .text.TIM1_TRG_COM_TIM11_IRQHandler
                0x08006610       0x14 CMakeFiles/Source.dir/Core/Src/stm32f4xx_it.c.obj
                0x08006610                TIM1_TRG_COM_TIM11_IRQHandler
 .text.USART1_IRQHandler
                0x08006624       0x14 CMakeFiles/Source.dir/Core/Src/stm32f4xx_it.c.obj
                0x08006624                USART1_IRQHandler
 .text.USART2_IRQHandler
                0x08006638       0x14 CMakeFiles/Source.dir/Core/Src/stm32f4xx_it.c.obj
                0x08006638                USART2_IRQHandler
 .text.USART6_IRQHandler
                0x0800664c       0x14 CMakeFiles/Source.dir/Core/Src/stm32f4xx_it.c.obj
                0x0800664c                USART6_IRQHandler
 .text.DMA2_Stream6_IRQHandler
                0x08006660       0x14 CMakeFiles/Source.dir/Core/Src/stm32f4xx_it.c.obj
                0x08006660                DMA2_Stream6_IRQHandler
 .text.DMA2_Stream2_IRQHandler
                0x08006674       0x14 CMakeFiles/Source.dir/Core/Src/stm32f4xx_it.c.obj
                0x08006674                DMA2_Stream2_IRQHandler
 .text.DMA2_Stream7_IRQHandler
                0x08006688       0x14 CMakeFiles/Source.dir/Core/Src/stm32f4xx_it.c.obj
                0x08006688                DMA2_Stream7_IRQHandler
 .text.HAL_MspInit
                0x0800669c       0x58 CMakeFiles/Source.dir/Core/Src/stm32f4xx_hal_msp.c.obj
                0x0800669c                HAL_MspInit
 .text.HAL_UART_MspInit
                0x080066f4      0x400 CMakeFiles/Source.dir/Core/Src/stm32f4xx_hal_msp.c.obj
                0x080066f4                HAL_UART_MspInit
 .text.HAL_WWDG_MspInit
                0x08006af4       0x40 CMakeFiles/Source.dir/Core/Src/stm32f4xx_hal_msp.c.obj
                0x08006af4                HAL_WWDG_MspInit
 .text.HAL_InitTick
                0x08006b34       0xe4 CMakeFiles/Source.dir/Core/Src/stm32f4xx_hal_timebase_tim.c.obj
                0x08006b34                HAL_InitTick
 .text._sbrk    0x08006c18       0x6c CMakeFiles/Source.dir/Core/Src/sysmem.c.obj
                0x08006c18                _sbrk
 .text._getpid  0x08006c84        0xe CMakeFiles/Source.dir/Core/Src/syscalls.c.obj
                0x08006c84                _getpid
 .text._kill    0x08006c92       0x20 CMakeFiles/Source.dir/Core/Src/syscalls.c.obj
                0x08006c92                _kill
 .text._exit    0x08006cb2       0x16 CMakeFiles/Source.dir/Core/Src/syscalls.c.obj
                0x08006cb2                _exit
 .text._read    0x08006cc8       0x3a CMakeFiles/Source.dir/Core/Src/syscalls.c.obj
                0x08006cc8                _read
 .text._write   0x08006d02       0x38 CMakeFiles/Source.dir/Core/Src/syscalls.c.obj
                0x08006d02                _write
 .text._close   0x08006d3a       0x16 CMakeFiles/Source.dir/Core/Src/syscalls.c.obj
                0x08006d3a                _close
 .text._fstat   0x08006d50       0x1e CMakeFiles/Source.dir/Core/Src/syscalls.c.obj
                0x08006d50                _fstat
 .text._isatty  0x08006d6e       0x14 CMakeFiles/Source.dir/Core/Src/syscalls.c.obj
                0x08006d6e                _isatty
 .text._lseek   0x08006d82       0x18 CMakeFiles/Source.dir/Core/Src/syscalls.c.obj
                0x08006d82                _lseek
 *fill*         0x08006d9a        0x2 
 .text.Reset_Handler
                0x08006d9c       0x50 CMakeFiles/Source.dir/startup_stm32f411xe.s.obj
                0x08006d9c                Reset_Handler
 .text.Default_Handler
                0x08006dec        0x2 CMakeFiles/Source.dir/startup_stm32f411xe.s.obj
                0x08006dec                RTC_Alarm_IRQHandler
                0x08006dec                EXTI2_IRQHandler
                0x08006dec                SPI4_IRQHandler
                0x08006dec                TIM1_CC_IRQHandler
                0x08006dec                DMA2_Stream5_IRQHandler
                0x08006dec                PVD_IRQHandler
                0x08006dec                SDIO_IRQHandler
                0x08006dec                TAMP_STAMP_IRQHandler
                0x08006dec                EXTI3_IRQHandler
                0x08006dec                TIM1_UP_TIM10_IRQHandler
                0x08006dec                I2C3_ER_IRQHandler
                0x08006dec                EXTI0_IRQHandler
                0x08006dec                I2C2_EV_IRQHandler
                0x08006dec                DMA1_Stream2_IRQHandler
                0x08006dec                FPU_IRQHandler
                0x08006dec                SPI1_IRQHandler
                0x08006dec                TIM1_BRK_TIM9_IRQHandler
                0x08006dec                DMA2_Stream3_IRQHandler
                0x08006dec                DMA2_Stream0_IRQHandler
                0x08006dec                TIM4_IRQHandler
                0x08006dec                I2C1_EV_IRQHandler
                0x08006dec                DMA1_Stream1_IRQHandler
                0x08006dec                TIM3_IRQHandler
                0x08006dec                RCC_IRQHandler
                0x08006dec                Default_Handler
                0x08006dec                EXTI15_10_IRQHandler
                0x08006dec                ADC_IRQHandler
                0x08006dec                DMA1_Stream7_IRQHandler
                0x08006dec                SPI5_IRQHandler
                0x08006dec                TIM5_IRQHandler
                0x08006dec                I2C3_EV_IRQHandler
                0x08006dec                EXTI9_5_IRQHandler
                0x08006dec                RTC_WKUP_IRQHandler
                0x08006dec                SPI2_IRQHandler
                0x08006dec                DMA1_Stream0_IRQHandler
                0x08006dec                EXTI4_IRQHandler
                0x08006dec                WWDG_IRQHandler
                0x08006dec                TIM2_IRQHandler
                0x08006dec                OTG_FS_WKUP_IRQHandler
                0x08006dec                EXTI1_IRQHandler
                0x08006dec                I2C2_ER_IRQHandler
                0x08006dec                FLASH_IRQHandler
                0x08006dec                DMA2_Stream4_IRQHandler
                0x08006dec                OTG_FS_IRQHandler
                0x08006dec                SPI3_IRQHandler
                0x08006dec                DMA1_Stream4_IRQHandler
                0x08006dec                I2C1_ER_IRQHandler
                0x08006dec                DMA1_Stream3_IRQHandler
 *fill*         0x08006dee        0x2 
 .text.upper_copy
                0x08006df0       0x70 CMakeFiles/Source.dir/D_/Embedded/Project/Freelance/App/gom/gom_router.c.obj
 .text.is_token
                0x08006e60       0x50 CMakeFiles/Source.dir/D_/Embedded/Project/Freelance/App/gom/gom_router.c.obj
 .text.token_one_of
                0x08006eb0       0x7e CMakeFiles/Source.dir/D_/Embedded/Project/Freelance/App/gom/gom_router.c.obj
 *fill*         0x08006f2e        0x2 
 .text.valid_token
                0x08006f30      0x124 CMakeFiles/Source.dir/D_/Embedded/Project/Freelance/App/gom/gom_router.c.obj
 .text.match_header
                0x08007054       0x9e CMakeFiles/Source.dir/D_/Embedded/Project/Freelance/App/gom/gom_router.c.obj
 *fill*         0x080070f2        0x2 
 .text.find_command
                0x080070f4       0x5c CMakeFiles/Source.dir/D_/Embedded/Project/Freelance/App/gom/gom_router.c.obj
 .text.capabilities
                0x08007150       0x2a CMakeFiles/Source.dir/D_/Embedded/Project/Freelance/App/gom/gom_router.c.obj
 *fill*         0x0800717a        0x6 
 .text.gom_router_init
                0x08007180       0x70 CMakeFiles/Source.dir/D_/Embedded/Project/Freelance/App/gom/gom_router.c.obj
                0x08007180                gom_router_init
 .text.gom_router_set_device
                0x080071f0       0x8c CMakeFiles/Source.dir/D_/Embedded/Project/Freelance/App/gom/gom_router.c.obj
                0x080071f0                gom_router_set_device
 .text.gom_router_mark_configuration_loaded
                0x0800727c       0x3e CMakeFiles/Source.dir/D_/Embedded/Project/Freelance/App/gom/gom_router.c.obj
                0x0800727c                gom_router_mark_configuration_loaded
 *fill*         0x080072ba        0x2 
 .text.gom_router_value_in_limits
                0x080072bc       0xbc CMakeFiles/Source.dir/D_/Embedded/Project/Freelance/App/gom/gom_router.c.obj
                0x080072bc                gom_router_value_in_limits
 .text.gom_router_push_error
                0x08007378       0x98 CMakeFiles/Source.dir/D_/Embedded/Project/Freelance/App/gom/gom_router.c.obj
                0x08007378                gom_router_push_error
 .text.gom_router_pop_error
                0x08007410       0x88 CMakeFiles/Source.dir/D_/Embedded/Project/Freelance/App/gom/gom_router.c.obj
                0x08007410                gom_router_pop_error
 .text.gom_router_execute
                0x08007498      0xc28 CMakeFiles/Source.dir/D_/Embedded/Project/Freelance/App/gom/gom_router.c.obj
                0x08007498                gom_router_execute
 .text.gom_router_status_text
                0x080080c0       0x30 CMakeFiles/Source.dir/D_/Embedded/Project/Freelance/App/gom/gom_router.c.obj
                0x080080c0                gom_router_status_text
 .text.bin_header
                0x080080f0       0x8c CMakeFiles/Source.dir/D_/Embedded/Project/Freelance/App/gom/gom_command_encoder.c.obj
 .text.gom_encode_operation
                0x0800817c      0x1bc CMakeFiles/Source.dir/D_/Embedded/Project/Freelance/App/gom/gom_command_encoder.c.obj
                0x0800817c                gom_encode_operation
 .text.copy_field
                0x08008338       0x3e CMakeFiles/Source.dir/D_/Embedded/Project/Freelance/App/gom/gom_response.c.obj
 *fill*         0x08008376        0x2 
 .text.gom_parse_measurement
                0x08008378      0x108 CMakeFiles/Source.dir/D_/Embedded/Project/Freelance/App/gom/gom_response.c.obj
                0x08008378                gom_parse_measurement
 .text.gom_parse_identity
                0x08008480       0xec CMakeFiles/Source.dir/D_/Embedded/Project/Freelance/App/gom/gom_response.c.obj
                0x08008480                gom_parse_identity
 .text.ring_push
                0x0800856c       0x5c CMakeFiles/Source.dir/D_/Embedded/Project/Freelance/App/gom/gom_firmware.c.obj
 .text.ring_pop
                0x080085c8       0x58 CMakeFiles/Source.dir/D_/Embedded/Project/Freelance/App/gom/gom_firmware.c.obj
 .text.ring_clear
                0x08008620       0x28 CMakeFiles/Source.dir/D_/Embedded/Project/Freelance/App/gom/gom_firmware.c.obj
 .text.expired  0x08008648       0x20 CMakeFiles/Source.dir/D_/Embedded/Project/Freelance/App/gom/gom_firmware.c.obj
 .text.pc_puts  0x08008668       0x44 CMakeFiles/Source.dir/D_/Embedded/Project/Freelance/App/gom/gom_firmware.c.obj
 .text.pc_error
                0x080086ac       0x4c CMakeFiles/Source.dir/D_/Embedded/Project/Freelance/App/gom/gom_firmware.c.obj
 .text.transport_step
                0x080086f8       0xac CMakeFiles/Source.dir/D_/Embedded/Project/Freelance/App/gom/gom_firmware.c.obj
 .text.gom_send
                0x080087a4       0x58 CMakeFiles/Source.dir/D_/Embedded/Project/Freelance/App/gom/gom_firmware.c.obj
 .text.all_outputs_safe
                0x080087fc       0x14 CMakeFiles/Source.dir/D_/Embedded/Project/Freelance/App/gom/gom_firmware.c.obj
 .text.enter_error
                0x08008810       0x48 CMakeFiles/Source.dir/D_/Embedded/Project/Freelance/App/gom/gom_firmware.c.obj
 .text.take_line
                0x08008858       0xb0 CMakeFiles/Source.dir/D_/Embedded/Project/Freelance/App/gom/gom_firmware.c.obj
 .text.set_identity
                0x08008908      0x118 CMakeFiles/Source.dir/D_/Embedded/Project/Freelance/App/gom/gom_firmware.c.obj
 .text.local_command
                0x08008a20      0x110 CMakeFiles/Source.dir/D_/Embedded/Project/Freelance/App/gom/gom_firmware.c.obj
 .text.finish_response
                0x08008b30       0xe4 CMakeFiles/Source.dir/D_/Embedded/Project/Freelance/App/gom/gom_firmware.c.obj
 .text.execute_local
                0x08008c14      0x1c0 CMakeFiles/Source.dir/D_/Embedded/Project/Freelance/App/gom/gom_firmware.c.obj
 .text.start_pc_command
                0x08008dd4      0x154 CMakeFiles/Source.dir/D_/Embedded/Project/Freelance/App/gom/gom_firmware.c.obj
 .text.gom_firmware_init
                0x08008f28       0xc0 CMakeFiles/Source.dir/D_/Embedded/Project/Freelance/App/gom/gom_firmware.c.obj
                0x08008f28                gom_firmware_init
 .text.gom_firmware_step
                0x08008fe8      0x58c CMakeFiles/Source.dir/D_/Embedded/Project/Freelance/App/gom/gom_firmware.c.obj
                0x08008fe8                gom_firmware_step
 .text.gom_firmware_task
                0x08009574        0xe CMakeFiles/Source.dir/D_/Embedded/Project/Freelance/App/gom/gom_firmware.c.obj
                0x08009574                gom_firmware_task
 *fill*         0x08009582        0x2 
 .text.HAL_UART_RxCpltCallback
                0x08009584       0x70 CMakeFiles/Source.dir/D_/Embedded/Project/Freelance/App/gom/gom_firmware.c.obj
                0x08009584                HAL_UART_RxCpltCallback
 .text.HAL_UART_TxCpltCallback
                0x080095f4       0x64 CMakeFiles/Source.dir/D_/Embedded/Project/Freelance/App/gom/gom_firmware.c.obj
                0x080095f4                HAL_UART_TxCpltCallback
 .text.HAL_UART_ErrorCallback
                0x08009658       0x54 CMakeFiles/Source.dir/D_/Embedded/Project/Freelance/App/gom/gom_firmware.c.obj
                0x08009658                HAL_UART_ErrorCallback
 .text.route_mask
                0x080096ac       0x22 CMakeFiles/Source.dir/D_/Embedded/Project/Freelance/App/relay/relay_matrix.c.obj
 .text.relay_matrix_init
                0x080096ce       0x72 CMakeFiles/Source.dir/D_/Embedded/Project/Freelance/App/relay/relay_matrix.c.obj
                0x080096ce                relay_matrix_init
 .text.relay_matrix_emergency_off
                0x08009740       0x70 CMakeFiles/Source.dir/D_/Embedded/Project/Freelance/App/relay/relay_matrix.c.obj
                0x08009740                relay_matrix_emergency_off
 .text.relay_matrix_request
                0x080097b0       0x66 CMakeFiles/Source.dir/D_/Embedded/Project/Freelance/App/relay/relay_matrix.c.obj
                0x080097b0                relay_matrix_request
 .text.relay_matrix_step
                0x08009816      0x16e CMakeFiles/Source.dir/D_/Embedded/Project/Freelance/App/relay/relay_matrix.c.obj
                0x08009816                relay_matrix_step
 .text.relay_matrix_ready
                0x08009984       0x34 CMakeFiles/Source.dir/D_/Embedded/Project/Freelance/App/relay/relay_matrix.c.obj
                0x08009984                relay_matrix_ready
 .text.board_route_request_image
                0x080099b8       0x1e CMakeFiles/Source.dir/D_/Embedded/Project/Freelance/App/board/board_io.c.obj
                0x080099b8                board_route_request_image
 .text.board_route_busy
                0x080099d6       0x16 CMakeFiles/Source.dir/D_/Embedded/Project/Freelance/App/board/board_io.c.obj
                0x080099d6                board_route_busy
 .text.board_route_failed
                0x080099ec       0x16 CMakeFiles/Source.dir/D_/Embedded/Project/Freelance/App/board/board_io.c.obj
                0x080099ec                board_route_failed
 *fill*         0x08009a02        0x2 
 .text.board_shift_register_init
                0x08009a04       0x34 CMakeFiles/Source.dir/D_/Embedded/Project/Freelance/App/board/board_shift_register.c.obj
                0x08009a04                board_shift_register_init
 .text.board_shift_register_request
                0x08009a38       0x30 CMakeFiles/Source.dir/D_/Embedded/Project/Freelance/App/board/board_shift_register.c.obj
                0x08009a38                board_shift_register_request
 .text.board_shift_register_step
                0x08009a68        0xc CMakeFiles/Source.dir/D_/Embedded/Project/Freelance/App/board/board_shift_register.c.obj
                0x08009a68                board_shift_register_step
 .text.board_shift_register_busy
                0x08009a74       0x14 CMakeFiles/Source.dir/D_/Embedded/Project/Freelance/App/board/board_shift_register.c.obj
                0x08009a74                board_shift_register_busy
 .text.board_shift_register_failed
                0x08009a88       0x14 CMakeFiles/Source.dir/D_/Embedded/Project/Freelance/App/board/board_shift_register.c.obj
                0x08009a88                board_shift_register_failed
 .text.log_init
                0x08009a9c        0xc CMakeFiles/Source.dir/D_/Embedded/Project/Freelance/App/log/log.c.obj
                0x08009a9c                log_init
 .text.log_println
                0x08009aa8       0x24 CMakeFiles/Source.dir/D_/Embedded/Project/Freelance/App/log/log.c.obj
                0x08009aa8                log_println
 .text._DoInit  0x08009acc       0xb4 CMakeFiles/Source.dir/D_/Embedded/Project/Freelance/App/log/SEGGER_RTT.c.obj
 .text._WriteBlocking
                0x08009b80       0xba CMakeFiles/Source.dir/D_/Embedded/Project/Freelance/App/log/SEGGER_RTT.c.obj
 .text._WriteNoCheck
                0x08009c3a       0x90 CMakeFiles/Source.dir/D_/Embedded/Project/Freelance/App/log/SEGGER_RTT.c.obj
 .text._GetAvailWriteSpace
                0x08009cca       0x44 CMakeFiles/Source.dir/D_/Embedded/Project/Freelance/App/log/SEGGER_RTT.c.obj
 *fill*         0x08009d0e        0x2 
 .text.SEGGER_RTT_WriteNoLock
                0x08009d10       0xa0 CMakeFiles/Source.dir/D_/Embedded/Project/Freelance/App/log/SEGGER_RTT.c.obj
                0x08009d10                SEGGER_RTT_WriteNoLock
 .text.SEGGER_RTT_Write
                0x08009db0       0x4c CMakeFiles/Source.dir/D_/Embedded/Project/Freelance/App/log/SEGGER_RTT.c.obj
                0x08009db0                SEGGER_RTT_Write
 .text.SEGGER_RTT_WriteString
                0x08009dfc       0x26 CMakeFiles/Source.dir/D_/Embedded/Project/Freelance/App/log/SEGGER_RTT.c.obj
                0x08009dfc                SEGGER_RTT_WriteString
 .text.SEGGER_RTT_Init
                0x08009e22        0xc CMakeFiles/Source.dir/D_/Embedded/Project/Freelance/App/log/SEGGER_RTT.c.obj
                0x08009e22                SEGGER_RTT_Init
 *fill*         0x08009e2e        0x2 
 .text.__udivmoddi4
                0x08009e30      0x320 C:/Program Files (x86)/Arm/GNU Toolchain mingw-w64-i686-arm-none-eabi/bin/../lib/gcc/arm-none-eabi/15.2.1/thumb/v7e-m+fp/hard\libgcc.a(_udivmoddi4.o)
                0x08009e30                __udivmoddi4
 .text.sulp     0x0800a150       0x3c C:/Program Files (x86)/Arm/GNU Toolchain mingw-w64-i686-arm-none-eabi/bin/../lib/gcc/arm-none-eabi/15.2.1/../../../../arm-none-eabi/lib/thumb/v7e-m+fp/hard\libg_nano.a(libc_a-strtod.o)
 *fill*         0x0800a18c        0x4 
 .text._strtod_l
                0x0800a190      0xbe0 C:/Program Files (x86)/Arm/GNU Toolchain mingw-w64-i686-arm-none-eabi/bin/../lib/gcc/arm-none-eabi/15.2.1/../../../../arm-none-eabi/lib/thumb/v7e-m+fp/hard\libg_nano.a(libc_a-strtod.o)
                0x0800a190                _strtod_l
 .text.strtod   0x0800ad70       0x18 C:/Program Files (x86)/Arm/GNU Toolchain mingw-w64-i686-arm-none-eabi/bin/../lib/gcc/arm-none-eabi/15.2.1/../../../../arm-none-eabi/lib/thumb/v7e-m+fp/hard\libg_nano.a(libc_a-strtod.o)
                0x0800ad70                strtod
 .text._strtol_l.isra.0
                0x0800ad88       0xf4 C:/Program Files (x86)/Arm/GNU Toolchain mingw-w64-i686-arm-none-eabi/bin/../lib/gcc/arm-none-eabi/15.2.1/../../../../arm-none-eabi/lib/thumb/v7e-m+fp/hard\libg_nano.a(libc_a-strtol.o)
 .text.strtol   0x0800ae7c       0x14 C:/Program Files (x86)/Arm/GNU Toolchain mingw-w64-i686-arm-none-eabi/bin/../lib/gcc/arm-none-eabi/15.2.1/../../../../arm-none-eabi/lib/thumb/v7e-m+fp/hard\libg_nano.a(libc_a-strtol.o)
                0x0800ae7c                strtol
 .text.std      0x0800ae90       0x6c C:/Program Files (x86)/Arm/GNU Toolchain mingw-w64-i686-arm-none-eabi/bin/../lib/gcc/arm-none-eabi/15.2.1/../../../../arm-none-eabi/lib/thumb/v7e-m+fp/hard\libg_nano.a(libc_a-findfp.o)
 .text.stdio_exit_handler
                0x0800aefc       0x18 C:/Program Files (x86)/Arm/GNU Toolchain mingw-w64-i686-arm-none-eabi/bin/../lib/gcc/arm-none-eabi/15.2.1/../../../../arm-none-eabi/lib/thumb/v7e-m+fp/hard\libg_nano.a(libc_a-findfp.o)
 .text.cleanup_stdio
                0x0800af14       0x40 C:/Program Files (x86)/Arm/GNU Toolchain mingw-w64-i686-arm-none-eabi/bin/../lib/gcc/arm-none-eabi/15.2.1/../../../../arm-none-eabi/lib/thumb/v7e-m+fp/hard\libg_nano.a(libc_a-findfp.o)
 .text.global_stdio_init.part.0
                0x0800af54       0x40 C:/Program Files (x86)/Arm/GNU Toolchain mingw-w64-i686-arm-none-eabi/bin/../lib/gcc/arm-none-eabi/15.2.1/../../../../arm-none-eabi/lib/thumb/v7e-m+fp/hard\libg_nano.a(libc_a-findfp.o)
 .text.__sfp_lock_acquire
                0x0800af94        0xc C:/Program Files (x86)/Arm/GNU Toolchain mingw-w64-i686-arm-none-eabi/bin/../lib/gcc/arm-none-eabi/15.2.1/../../../../arm-none-eabi/lib/thumb/v7e-m+fp/hard\libg_nano.a(libc_a-findfp.o)
                0x0800af94                __sfp_lock_acquire
 .text.__sfp_lock_release
                0x0800afa0        0xc C:/Program Files (x86)/Arm/GNU Toolchain mingw-w64-i686-arm-none-eabi/bin/../lib/gcc/arm-none-eabi/15.2.1/../../../../arm-none-eabi/lib/thumb/v7e-m+fp/hard\libg_nano.a(libc_a-findfp.o)
                0x0800afa0                __sfp_lock_release
 .text.__sinit  0x0800afac       0x30 C:/Program Files (x86)/Arm/GNU Toolchain mingw-w64-i686-arm-none-eabi/bin/../lib/gcc/arm-none-eabi/15.2.1/../../../../arm-none-eabi/lib/thumb/v7e-m+fp/hard\libg_nano.a(libc_a-findfp.o)
                0x0800afac                __sinit
 .text._fwalk_sglue
                0x0800afdc       0x3a C:/Program Files (x86)/Arm/GNU Toolchain mingw-w64-i686-arm-none-eabi/bin/../lib/gcc/arm-none-eabi/15.2.1/../../../../arm-none-eabi/lib/thumb/v7e-m+fp/hard\libg_nano.a(libc_a-fwalk.o)
                0x0800afdc                _fwalk_sglue
 *fill*         0x0800b016        0x2 
 .text.snprintf
                0x0800b018       0x64 C:/Program Files (x86)/Arm/GNU Toolchain mingw-w64-i686-arm-none-eabi/bin/../lib/gcc/arm-none-eabi/15.2.1/../../../../arm-none-eabi/lib/thumb/v7e-m+fp/hard\libg_nano.a(libc_a-snprintf.o)
                0x0800b018                sniprintf
                0x0800b018                snprintf
 .text.__sread  0x0800b07c       0x22 C:/Program Files (x86)/Arm/GNU Toolchain mingw-w64-i686-arm-none-eabi/bin/../lib/gcc/arm-none-eabi/15.2.1/../../../../arm-none-eabi/lib/thumb/v7e-m+fp/hard\libg_nano.a(libc_a-stdio.o)
                0x0800b07c                __sread
 .text.__swrite
                0x0800b09e       0x38 C:/Program Files (x86)/Arm/GNU Toolchain mingw-w64-i686-arm-none-eabi/bin/../lib/gcc/arm-none-eabi/15.2.1/../../../../arm-none-eabi/lib/thumb/v7e-m+fp/hard\libg_nano.a(libc_a-stdio.o)
                0x0800b09e                __swrite
 .text.__sseek  0x0800b0d6       0x26 C:/Program Files (x86)/Arm/GNU Toolchain mingw-w64-i686-arm-none-eabi/bin/../lib/gcc/arm-none-eabi/15.2.1/../../../../arm-none-eabi/lib/thumb/v7e-m+fp/hard\libg_nano.a(libc_a-stdio.o)
                0x0800b0d6                __sseek
 .text.__sclose
                0x0800b0fc        0x8 C:/Program Files (x86)/Arm/GNU Toolchain mingw-w64-i686-arm-none-eabi/bin/../lib/gcc/arm-none-eabi/15.2.1/../../../../arm-none-eabi/lib/thumb/v7e-m+fp/hard\libg_nano.a(libc_a-stdio.o)
                0x0800b0fc                __sclose
 .text.memcmp   0x0800b104       0x20 C:/Program Files (x86)/Arm/GNU Toolchain mingw-w64-i686-arm-none-eabi/bin/../lib/gcc/arm-none-eabi/15.2.1/../../../../arm-none-eabi/lib/thumb/v7e-m+fp/hard\libg_nano.a(libc_a-memcmp.o)
                0x0800b104                memcmp
 .text.memmove  0x0800b124       0x32 C:/Program Files (x86)/Arm/GNU Toolchain mingw-w64-i686-arm-none-eabi/bin/../lib/gcc/arm-none-eabi/15.2.1/../../../../arm-none-eabi/lib/thumb/v7e-m+fp/hard\libg_nano.a(libc_a-memmove.o)
                0x0800b124                memmove
 .text.memset   0x0800b156       0x10 C:/Program Files (x86)/Arm/GNU Toolchain mingw-w64-i686-arm-none-eabi/bin/../lib/gcc/arm-none-eabi/15.2.1/../../../../arm-none-eabi/lib/thumb/v7e-m+fp/hard\libg_nano.a(libc_a-memset.o)
                0x0800b156                memset
 .text.strchr   0x0800b166       0x1c C:/Program Files (x86)/Arm/GNU Toolchain mingw-w64-i686-arm-none-eabi/bin/../lib/gcc/arm-none-eabi/15.2.1/../../../../arm-none-eabi/lib/thumb/v7e-m+fp/hard\libg_nano.a(libc_a-strchr.o)
                0x0800b166                strchr
 .text.strncmp  0x0800b182       0x24 C:/Program Files (x86)/Arm/GNU Toolchain mingw-w64-i686-arm-none-eabi/bin/../lib/gcc/arm-none-eabi/15.2.1/../../../../arm-none-eabi/lib/thumb/v7e-m+fp/hard\libg_nano.a(libc_a-strncmp.o)
                0x0800b182                strncmp
 .text.strpbrk  0x0800b1a6       0x22 C:/Program Files (x86)/Arm/GNU Toolchain mingw-w64-i686-arm-none-eabi/bin/../lib/gcc/arm-none-eabi/15.2.1/../../../../arm-none-eabi/lib/thumb/v7e-m+fp/hard\libg_nano.a(libc_a-strpbrk.o)
                0x0800b1a6                strpbrk
 .text._close_r
                0x0800b1c8       0x20 C:/Program Files (x86)/Arm/GNU Toolchain mingw-w64-i686-arm-none-eabi/bin/../lib/gcc/arm-none-eabi/15.2.1/../../../../arm-none-eabi/lib/thumb/v7e-m+fp/hard\libg_nano.a(libc_a-closer.o)
                0x0800b1c8                _close_r
 .text._lseek_r
                0x0800b1e8       0x24 C:/Program Files (x86)/Arm/GNU Toolchain mingw-w64-i686-arm-none-eabi/bin/../lib/gcc/arm-none-eabi/15.2.1/../../../../arm-none-eabi/lib/thumb/v7e-m+fp/hard\libg_nano.a(libc_a-lseekr.o)
                0x0800b1e8                _lseek_r
 .text._read_r  0x0800b20c       0x24 C:/Program Files (x86)/Arm/GNU Toolchain mingw-w64-i686-arm-none-eabi/bin/../lib/gcc/arm-none-eabi/15.2.1/../../../../arm-none-eabi/lib/thumb/v7e-m+fp/hard\libg_nano.a(libc_a-readr.o)
                0x0800b20c                _read_r
 .text._write_r
                0x0800b230       0x24 C:/Program Files (x86)/Arm/GNU Toolchain mingw-w64-i686-arm-none-eabi/bin/../lib/gcc/arm-none-eabi/15.2.1/../../../../arm-none-eabi/lib/thumb/v7e-m+fp/hard\libg_nano.a(libc_a-writer.o)
                0x0800b230                _write_r
 .text.__errno  0x0800b254        0xc C:/Program Files (x86)/Arm/GNU Toolchain mingw-w64-i686-arm-none-eabi/bin/../lib/gcc/arm-none-eabi/15.2.1/../../../../arm-none-eabi/lib/thumb/v7e-m+fp/hard\libg_nano.a(libc_a-errno.o)
                0x0800b254                __errno
 .text.__libc_init_array
                0x0800b260       0x48 C:/Program Files (x86)/Arm/GNU Toolchain mingw-w64-i686-arm-none-eabi/bin/../lib/gcc/arm-none-eabi/15.2.1/../../../../arm-none-eabi/lib/thumb/v7e-m+fp/hard\libg_nano.a(libc_a-init.o)
                0x0800b260                __libc_init_array
 .text.__retarget_lock_init_recursive
                0x0800b2a8        0x2 C:/Program Files (x86)/Arm/GNU Toolchain mingw-w64-i686-arm-none-eabi/bin/../lib/gcc/arm-none-eabi/15.2.1/../../../../arm-none-eabi/lib/thumb/v7e-m+fp/hard\libg_nano.a(libc_a-lock.o)
                0x0800b2a8                __retarget_lock_init_recursive
 .text.__retarget_lock_acquire_recursive
                0x0800b2aa        0x2 C:/Program Files (x86)/Arm/GNU Toolchain mingw-w64-i686-arm-none-eabi/bin/../lib/gcc/arm-none-eabi/15.2.1/../../../../arm-none-eabi/lib/thumb/v7e-m+fp/hard\libg_nano.a(libc_a-lock.o)
                0x0800b2aa                __retarget_lock_acquire_recursive
 .text.__retarget_lock_release_recursive
                0x0800b2ac        0x2 C:/Program Files (x86)/Arm/GNU Toolchain mingw-w64-i686-arm-none-eabi/bin/../lib/gcc/arm-none-eabi/15.2.1/../../../../arm-none-eabi/lib/thumb/v7e-m+fp/hard\libg_nano.a(libc_a-lock.o)
                0x0800b2ac                __retarget_lock_release_recursive
 .text.memcpy   0x0800b2ae       0x1c C:/Program Files (x86)/Arm/GNU Toolchain mingw-w64-i686-arm-none-eabi/bin/../lib/gcc/arm-none-eabi/15.2.1/../../../../arm-none-eabi/lib/thumb/v7e-m+fp/hard\libg_nano.a(libc_a-memcpy-stub.o)
                0x0800b2ae                memcpy
 *fill*         0x0800b2ca        0x6 
 .text.nan      0x0800b2d0       0x10 C:/Program Files (x86)/Arm/GNU Toolchain mingw-w64-i686-arm-none-eabi/bin/../lib/gcc/arm-none-eabi/15.2.1/../../../../arm-none-eabi/lib/thumb/v7e-m+fp/hard\libg_nano.a(libm_a-s_nan.o)
                0x0800b2d0                nan
 .text._free_r  0x0800b2e0       0x98 C:/Program Files (x86)/Arm/GNU Toolchain mingw-w64-i686-arm-none-eabi/bin/../lib/gcc/arm-none-eabi/15.2.1/../../../../arm-none-eabi/lib/thumb/v7e-m+fp/hard\libg_nano.a(libc_a-freer.o)
                0x0800b2e0                _free_r
 .text.rshift   0x0800b378       0xa0 C:/Program Files (x86)/Arm/GNU Toolchain mingw-w64-i686-arm-none-eabi/bin/../lib/gcc/arm-none-eabi/15.2.1/../../../../arm-none-eabi/lib/thumb/v7e-m+fp/hard\libg_nano.a(libc_a-gdtoa-gethex.o)
 .text.__hexdig_fun
                0x0800b418       0x2a C:/Program Files (x86)/Arm/GNU Toolchain mingw-w64-i686-arm-none-eabi/bin/../lib/gcc/arm-none-eabi/15.2.1/../../../../arm-none-eabi/lib/thumb/v7e-m+fp/hard\libg_nano.a(libc_a-gdtoa-gethex.o)
                0x0800b418                __hexdig_fun
 *fill*         0x0800b442        0x2 
 .text.__gethex
                0x0800b444      0x418 C:/Program Files (x86)/Arm/GNU Toolchain mingw-w64-i686-arm-none-eabi/bin/../lib/gcc/arm-none-eabi/15.2.1/../../../../arm-none-eabi/lib/thumb/v7e-m+fp/hard\libg_nano.a(libc_a-gdtoa-gethex.o)
                0x0800b444                __gethex
 .text.L_shift  0x0800b85c       0x24 C:/Program Files (x86)/Arm/GNU Toolchain mingw-w64-i686-arm-none-eabi/bin/../lib/gcc/arm-none-eabi/15.2.1/../../../../arm-none-eabi/lib/thumb/v7e-m+fp/hard\libg_nano.a(libc_a-gdtoa-hexnan.o)
 .text.__match  0x0800b880       0x2a C:/Program Files (x86)/Arm/GNU Toolchain mingw-w64-i686-arm-none-eabi/bin/../lib/gcc/arm-none-eabi/15.2.1/../../../../arm-none-eabi/lib/thumb/v7e-m+fp/hard\libg_nano.a(libc_a-gdtoa-hexnan.o)
                0x0800b880                __match
 .text.__hexnan
                0x0800b8aa      0x138 C:/Program Files (x86)/Arm/GNU Toolchain mingw-w64-i686-arm-none-eabi/bin/../lib/gcc/arm-none-eabi/15.2.1/../../../../arm-none-eabi/lib/thumb/v7e-m+fp/hard\libg_nano.a(libc_a-gdtoa-hexnan.o)
                0x0800b8aa                __hexnan
 *fill*         0x0800b9e2        0x2 
 .text.sbrk_aligned
                0x0800b9e4       0x44 C:/Program Files (x86)/Arm/GNU Toolchain mingw-w64-i686-arm-none-eabi/bin/../lib/gcc/arm-none-eabi/15.2.1/../../../../arm-none-eabi/lib/thumb/v7e-m+fp/hard\libg_nano.a(libc_a-mallocr.o)
 .text._malloc_r
                0x0800ba28       0xf8 C:/Program Files (x86)/Arm/GNU Toolchain mingw-w64-i686-arm-none-eabi/bin/../lib/gcc/arm-none-eabi/15.2.1/../../../../arm-none-eabi/lib/thumb/v7e-m+fp/hard\libg_nano.a(libc_a-mallocr.o)
                0x0800ba28                _malloc_r
 .text.__ascii_mbtowc
                0x0800bb20       0x24 C:/Program Files (x86)/Arm/GNU Toolchain mingw-w64-i686-arm-none-eabi/bin/../lib/gcc/arm-none-eabi/15.2.1/../../../../arm-none-eabi/lib/thumb/v7e-m+fp/hard\libg_nano.a(libc_a-mbtowc_r.o)
                0x0800bb20                __ascii_mbtowc
 .text.__malloc_lock
                0x0800bb44        0xc C:/Program Files (x86)/Arm/GNU Toolchain mingw-w64-i686-arm-none-eabi/bin/../lib/gcc/arm-none-eabi/15.2.1/../../../../arm-none-eabi/lib/thumb/v7e-m+fp/hard\libg_nano.a(libc_a-mlock.o)
                0x0800bb44                __malloc_lock
 .text.__malloc_unlock
                0x0800bb50        0xc C:/Program Files (x86)/Arm/GNU Toolchain mingw-w64-i686-arm-none-eabi/bin/../lib/gcc/arm-none-eabi/15.2.1/../../../../arm-none-eabi/lib/thumb/v7e-m+fp/hard\libg_nano.a(libc_a-mlock.o)
                0x0800bb50                __malloc_unlock
 .text._Balloc  0x0800bb5c       0x7c C:/Program Files (x86)/Arm/GNU Toolchain mingw-w64-i686-arm-none-eabi/bin/../lib/gcc/arm-none-eabi/15.2.1/../../../../arm-none-eabi/lib/thumb/v7e-m+fp/hard\libg_nano.a(libc_a-mprec.o)
                0x0800bb5c                _Balloc
 .text._Bfree   0x0800bbd8       0x44 C:/Program Files (x86)/Arm/GNU Toolchain mingw-w64-i686-arm-none-eabi/bin/../lib/gcc/arm-none-eabi/15.2.1/../../../../arm-none-eabi/lib/thumb/v7e-m+fp/hard\libg_nano.a(libc_a-mprec.o)
                0x0800bbd8                _Bfree
 .text.__multadd
                0x0800bc1c       0x8c C:/Program Files (x86)/Arm/GNU Toolchain mingw-w64-i686-arm-none-eabi/bin/../lib/gcc/arm-none-eabi/15.2.1/../../../../arm-none-eabi/lib/thumb/v7e-m+fp/hard\libg_nano.a(libc_a-mprec.o)
                0x0800bc1c                __multadd
 .text.__s2b    0x0800bca8       0x94 C:/Program Files (x86)/Arm/GNU Toolchain mingw-w64-i686-arm-none-eabi/bin/../lib/gcc/arm-none-eabi/15.2.1/../../../../arm-none-eabi/lib/thumb/v7e-m+fp/hard\libg_nano.a(libc_a-mprec.o)
                0x0800bca8                __s2b
 .text.__hi0bits
                0x0800bd3c       0x3c C:/Program Files (x86)/Arm/GNU Toolchain mingw-w64-i686-arm-none-eabi/bin/../lib/gcc/arm-none-eabi/15.2.1/../../../../arm-none-eabi/lib/thumb/v7e-m+fp/hard\libg_nano.a(libc_a-mprec.o)
                0x0800bd3c                __hi0bits
 .text.__lo0bits
                0x0800bd78       0x5c C:/Program Files (x86)/Arm/GNU Toolchain mingw-w64-i686-arm-none-eabi/bin/../lib/gcc/arm-none-eabi/15.2.1/../../../../arm-none-eabi/lib/thumb/v7e-m+fp/hard\libg_nano.a(libc_a-mprec.o)
                0x0800bd78                __lo0bits
 .text.__i2b    0x0800bdd4       0x2c C:/Program Files (x86)/Arm/GNU Toolchain mingw-w64-i686-arm-none-eabi/bin/../lib/gcc/arm-none-eabi/15.2.1/../../../../arm-none-eabi/lib/thumb/v7e-m+fp/hard\libg_nano.a(libc_a-mprec.o)
                0x0800bdd4                __i2b
 .text.__multiply
                0x0800be00      0x16c C:/Program Files (x86)/Arm/GNU Toolchain mingw-w64-i686-arm-none-eabi/bin/../lib/gcc/arm-none-eabi/15.2.1/../../../../arm-none-eabi/lib/thumb/v7e-m+fp/hard\libg_nano.a(libc_a-mprec.o)
                0x0800be00                __multiply
 .text.__pow5mult
                0x0800bf6c       0xb8 C:/Program Files (x86)/Arm/GNU Toolchain mingw-w64-i686-arm-none-eabi/bin/../lib/gcc/arm-none-eabi/15.2.1/../../../../arm-none-eabi/lib/thumb/v7e-m+fp/hard\libg_nano.a(libc_a-mprec.o)
                0x0800bf6c                __pow5mult
 .text.__lshift
                0x0800c024       0xe4 C:/Program Files (x86)/Arm/GNU Toolchain mingw-w64-i686-arm-none-eabi/bin/../lib/gcc/arm-none-eabi/15.2.1/../../../../arm-none-eabi/lib/thumb/v7e-m+fp/hard\libg_nano.a(libc_a-mprec.o)
                0x0800c024                __lshift
 .text.__mcmp   0x0800c108       0x36 C:/Program Files (x86)/Arm/GNU Toolchain mingw-w64-i686-arm-none-eabi/bin/../lib/gcc/arm-none-eabi/15.2.1/../../../../arm-none-eabi/lib/thumb/v7e-m+fp/hard\libg_nano.a(libc_a-mprec.o)
                0x0800c108                __mcmp
 *fill*         0x0800c13e        0x2 
 .text.__mdiff  0x0800c140      0x130 C:/Program Files (x86)/Arm/GNU Toolchain mingw-w64-i686-arm-none-eabi/bin/../lib/gcc/arm-none-eabi/15.2.1/../../../../arm-none-eabi/lib/thumb/v7e-m+fp/hard\libg_nano.a(libc_a-mprec.o)
                0x0800c140                __mdiff
 .text.__ulp    0x0800c270       0x4c C:/Program Files (x86)/Arm/GNU Toolchain mingw-w64-i686-arm-none-eabi/bin/../lib/gcc/arm-none-eabi/15.2.1/../../../../arm-none-eabi/lib/thumb/v7e-m+fp/hard\libg_nano.a(libc_a-mprec.o)
                0x0800c270                __ulp
 .text.__b2d    0x0800c2bc       0x92 C:/Program Files (x86)/Arm/GNU Toolchain mingw-w64-i686-arm-none-eabi/bin/../lib/gcc/arm-none-eabi/15.2.1/../../../../arm-none-eabi/lib/thumb/v7e-m+fp/hard\libg_nano.a(libc_a-mprec.o)
                0x0800c2bc                __b2d
 *fill*         0x0800c34e        0x2 
 .text.__d2b    0x0800c350       0xb0 C:/Program Files (x86)/Arm/GNU Toolchain mingw-w64-i686-arm-none-eabi/bin/../lib/gcc/arm-none-eabi/15.2.1/../../../../arm-none-eabi/lib/thumb/v7e-m+fp/hard\libg_nano.a(libc_a-mprec.o)
                0x0800c350                __d2b
 .text.__ratio  0x0800c400       0x62 C:/Program Files (x86)/Arm/GNU Toolchain mingw-w64-i686-arm-none-eabi/bin/../lib/gcc/arm-none-eabi/15.2.1/../../../../arm-none-eabi/lib/thumb/v7e-m+fp/hard\libg_nano.a(libc_a-mprec.o)
                0x0800c400                __ratio
 .text.__copybits
                0x0800c462       0x46 C:/Program Files (x86)/Arm/GNU Toolchain mingw-w64-i686-arm-none-eabi/bin/../lib/gcc/arm-none-eabi/15.2.1/../../../../arm-none-eabi/lib/thumb/v7e-m+fp/hard\libg_nano.a(libc_a-mprec.o)
                0x0800c462                __copybits
 .text.__any_on
                0x0800c4a8       0x42 C:/Program Files (x86)/Arm/GNU Toolchain mingw-w64-i686-arm-none-eabi/bin/../lib/gcc/arm-none-eabi/15.2.1/../../../../arm-none-eabi/lib/thumb/v7e-m+fp/hard\libg_nano.a(libc_a-mprec.o)
                0x0800c4a8                __any_on
 .text.__ascii_wctomb
                0x0800c4ea       0x1a C:/Program Files (x86)/Arm/GNU Toolchain mingw-w64-i686-arm-none-eabi/bin/../lib/gcc/arm-none-eabi/15.2.1/../../../../arm-none-eabi/lib/thumb/v7e-m+fp/hard\libg_nano.a(libc_a-wctomb_r.o)
                0x0800c4ea                __ascii_wctomb
 .text.__ssputs_r
                0x0800c504       0xc0 C:/Program Files (x86)/Arm/GNU Toolchain mingw-w64-i686-arm-none-eabi/bin/../lib/gcc/arm-none-eabi/15.2.1/../../../../arm-none-eabi/lib/thumb/v7e-m+fp/hard\libg_nano.a(libc_a-nano-svfprintf.o)
                0x0800c504                __ssputs_r
 .text._svfprintf_r
                0x0800c5c4      0x1f0 C:/Program Files (x86)/Arm/GNU Toolchain mingw-w64-i686-arm-none-eabi/bin/../lib/gcc/arm-none-eabi/15.2.1/../../../../arm-none-eabi/lib/thumb/v7e-m+fp/hard\libg_nano.a(libc_a-nano-svfprintf.o)
                0x0800c5c4                _svfiprintf_r
                0x0800c5c4                _svfprintf_r
 .text._printf_common
                0x0800c7b4       0xea C:/Program Files (x86)/Arm/GNU Toolchain mingw-w64-i686-arm-none-eabi/bin/../lib/gcc/arm-none-eabi/15.2.1/../../../../arm-none-eabi/lib/thumb/v7e-m+fp/hard\libg_nano.a(libc_a-nano-vfprintf_i.o)
                0x0800c7b4                _printf_common
 *fill*         0x0800c89e        0x2 
 .text._printf_i
                0x0800c8a0      0x254 C:/Program Files (x86)/Arm/GNU Toolchain mingw-w64-i686-arm-none-eabi/bin/../lib/gcc/arm-none-eabi/15.2.1/../../../../arm-none-eabi/lib/thumb/v7e-m+fp/hard\libg_nano.a(libc_a-nano-vfprintf_i.o)
                0x0800c8a0                _printf_i
 .text.__sflush_r
                0x0800caf4      0x100 C:/Program Files (x86)/Arm/GNU Toolchain mingw-w64-i686-arm-none-eabi/bin/../lib/gcc/arm-none-eabi/15.2.1/../../../../arm-none-eabi/lib/thumb/v7e-m+fp/hard\libg_nano.a(libc_a-fflush.o)
                0x0800caf4                __sflush_r
 .text._fflush_r
                0x0800cbf4       0x50 C:/Program Files (x86)/Arm/GNU Toolchain mingw-w64-i686-arm-none-eabi/bin/../lib/gcc/arm-none-eabi/15.2.1/../../../../arm-none-eabi/lib/thumb/v7e-m+fp/hard\libg_nano.a(libc_a-fflush.o)
                0x0800cbf4                _fflush_r
 .text._sbrk_r  0x0800cc44       0x20 C:/Program Files (x86)/Arm/GNU Toolchain mingw-w64-i686-arm-none-eabi/bin/../lib/gcc/arm-none-eabi/15.2.1/../../../../arm-none-eabi/lib/thumb/v7e-m+fp/hard\libg_nano.a(libc_a-sbrkr.o)
                0x0800cc44                _sbrk_r
 .text.__assert_func
                0x0800cc64       0x3c C:/Program Files (x86)/Arm/GNU Toolchain mingw-w64-i686-arm-none-eabi/bin/../lib/gcc/arm-none-eabi/15.2.1/../../../../arm-none-eabi/lib/thumb/v7e-m+fp/hard\libg_nano.a(libc_a-assert.o)
                0x0800cc64                __assert_func
 .text._calloc_r
                0x0800cca0       0x28 C:/Program Files (x86)/Arm/GNU Toolchain mingw-w64-i686-arm-none-eabi/bin/../lib/gcc/arm-none-eabi/15.2.1/../../../../arm-none-eabi/lib/thumb/v7e-m+fp/hard\libg_nano.a(libc_a-callocr.o)
                0x0800cca0                _calloc_r
 .text.malloc   0x0800ccc8       0x10 C:/Program Files (x86)/Arm/GNU Toolchain mingw-w64-i686-arm-none-eabi/bin/../lib/gcc/arm-none-eabi/15.2.1/../../../../arm-none-eabi/lib/thumb/v7e-m+fp/hard\libg_nano.a(libc_a-malloc.o)
                0x0800ccc8                malloc
 .text._realloc_r
                0x0800ccd8       0x5c C:/Program Files (x86)/Arm/GNU Toolchain mingw-w64-i686-arm-none-eabi/bin/../lib/gcc/arm-none-eabi/15.2.1/../../../../arm-none-eabi/lib/thumb/v7e-m+fp/hard\libg_nano.a(libc_a-reallocr.o)
                0x0800ccd8                _realloc_r
 .text.fprintf  0x0800cd34       0x24 C:/Program Files (x86)/Arm/GNU Toolchain mingw-w64-i686-arm-none-eabi/bin/../lib/gcc/arm-none-eabi/15.2.1/../../../../arm-none-eabi/lib/thumb/v7e-m+fp/hard\libg_nano.a(libc_a-fprintf.o)
                0x0800cd34                fiprintf
                0x0800cd34                fprintf
 .text.abort    0x0800cd58        0xe C:/Program Files (x86)/Arm/GNU Toolchain mingw-w64-i686-arm-none-eabi/bin/../lib/gcc/arm-none-eabi/15.2.1/../../../../arm-none-eabi/lib/thumb/v7e-m+fp/hard\libg_nano.a(libc_a-abort.o)
                0x0800cd58                abort
 .text._malloc_usable_size_r
                0x0800cd66       0x10 C:/Program Files (x86)/Arm/GNU Toolchain mingw-w64-i686-arm-none-eabi/bin/../lib/gcc/arm-none-eabi/15.2.1/../../../../arm-none-eabi/lib/thumb/v7e-m+fp/hard\libg_nano.a(libc_a-msizer.o)
                0x0800cd66                _malloc_usable_size_r
 .text.__sfputc_r
                0x0800cd76       0x2a C:/Program Files (x86)/Arm/GNU Toolchain mingw-w64-i686-arm-none-eabi/bin/../lib/gcc/arm-none-eabi/15.2.1/../../../../arm-none-eabi/lib/thumb/v7e-m+fp/hard\libg_nano.a(libc_a-nano-vfprintf.o)
 .text.__sfputs_r
                0x0800cda0       0x24 C:/Program Files (x86)/Arm/GNU Toolchain mingw-w64-i686-arm-none-eabi/bin/../lib/gcc/arm-none-eabi/15.2.1/../../../../arm-none-eabi/lib/thumb/v7e-m+fp/hard\libg_nano.a(libc_a-nano-vfprintf.o)
                0x0800cda0                __sfputs_r
 .text._vfprintf_r
                0x0800cdc4      0x228 C:/Program Files (x86)/Arm/GNU Toolchain mingw-w64-i686-arm-none-eabi/bin/../lib/gcc/arm-none-eabi/15.2.1/../../../../arm-none-eabi/lib/thumb/v7e-m+fp/hard\libg_nano.a(libc_a-nano-vfprintf.o)
                0x0800cdc4                _vfprintf_r
                0x0800cdc4                _vfiprintf_r
 .text.__swbuf_r
                0x0800cfec       0x7a C:/Program Files (x86)/Arm/GNU Toolchain mingw-w64-i686-arm-none-eabi/bin/../lib/gcc/arm-none-eabi/15.2.1/../../../../arm-none-eabi/lib/thumb/v7e-m+fp/hard\libg_nano.a(libc_a-wbuf.o)
                0x0800cfec                __swbuf_r
 *fill*         0x0800d066        0x2 
 .text.__swsetup_r
                0x0800d068       0xa8 C:/Program Files (x86)/Arm/GNU Toolchain mingw-w64-i686-arm-none-eabi/bin/../lib/gcc/arm-none-eabi/15.2.1/../../../../arm-none-eabi/lib/thumb/v7e-m+fp/hard\libg_nano.a(libc_a-wsetup.o)
                0x0800d068                __swsetup_r
 .text._raise_r
                0x0800d110       0x50 C:/Program Files (x86)/Arm/GNU Toolchain mingw-w64-i686-arm-none-eabi/bin/../lib/gcc/arm-none-eabi/15.2.1/../../../../arm-none-eabi/lib/thumb/v7e-m+fp/hard\libg_nano.a(libc_a-signal.o)
                0x0800d110                _raise_r
 .text.raise    0x0800d160       0x10 C:/Program Files (x86)/Arm/GNU Toolchain mingw-w64-i686-arm-none-eabi/bin/../lib/gcc/arm-none-eabi/15.2.1/../../../../arm-none-eabi/lib/thumb/v7e-m+fp/hard\libg_nano.a(libc_a-signal.o)
                0x0800d160                raise
 .text._kill_r  0x0800d170       0x24 C:/Program Files (x86)/Arm/GNU Toolchain mingw-w64-i686-arm-none-eabi/bin/../lib/gcc/arm-none-eabi/15.2.1/../../../../arm-none-eabi/lib/thumb/v7e-m+fp/hard\libg_nano.a(libc_a-signalr.o)
                0x0800d170                _kill_r
 .text._getpid_r
                0x0800d194        0x4 C:/Program Files (x86)/Arm/GNU Toolchain mingw-w64-i686-arm-none-eabi/bin/../lib/gcc/arm-none-eabi/15.2.1/../../../../arm-none-eabi/lib/thumb/v7e-m+fp/hard\libg_nano.a(libc_a-signalr.o)
                0x0800d194                _getpid_r
 .text.__swhatbuf_r
                0x0800d198       0x48 C:/Program Files (x86)/Arm/GNU Toolchain mingw-w64-i686-arm-none-eabi/bin/../lib/gcc/arm-none-eabi/15.2.1/../../../../arm-none-eabi/lib/thumb/v7e-m+fp/hard\libg_nano.a(libc_a-makebuf.o)
                0x0800d198                __swhatbuf_r
 .text.__smakebuf_r
                0x0800d1e0       0x72 C:/Program Files (x86)/Arm/GNU Toolchain mingw-w64-i686-arm-none-eabi/bin/../lib/gcc/arm-none-eabi/15.2.1/../../../../arm-none-eabi/lib/thumb/v7e-m+fp/hard\libg_nano.a(libc_a-makebuf.o)
                0x0800d1e0                __smakebuf_r
 *fill*         0x0800d252        0x2 
 .text._fstat_r
                0x0800d254       0x24 C:/Program Files (x86)/Arm/GNU Toolchain mingw-w64-i686-arm-none-eabi/bin/../lib/gcc/arm-none-eabi/15.2.1/../../../../arm-none-eabi/lib/thumb/v7e-m+fp/hard\libg_nano.a(libc_a-fstatr.o)
                0x0800d254                _fstat_r
 .text._isatty_r
                0x0800d278       0x20 C:/Program Files (x86)/Arm/GNU Toolchain mingw-w64-i686-arm-none-eabi/bin/../lib/gcc/arm-none-eabi/15.2.1/../../../../arm-none-eabi/lib/thumb/v7e-m+fp/hard\libg_nano.a(libc_a-isattyr.o)
                0x0800d278                _isatty_r
 .text.__fixdfdi
                0x0800d298       0x30 C:/Program Files (x86)/Arm/GNU Toolchain mingw-w64-i686-arm-none-eabi/bin/../lib/gcc/arm-none-eabi/15.2.1/thumb/v7e-m+fp/hard\libgcc.a(_fixdfdi.o)
                0x0800d298                __fixdfdi
                0x0800d298                __aeabi_d2lz
 .text.__fixunsdfdi
                0x0800d2c8       0x3c C:/Program Files (x86)/Arm/GNU Toolchain mingw-w64-i686-arm-none-eabi/bin/../lib/gcc/arm-none-eabi/15.2.1/thumb/v7e-m+fp/hard\libgcc.a(_fixunsdfdi.o)
                0x0800d2c8                __fixunsdfdi
                0x0800d2c8                __aeabi_d2ulz
 *(.glue_7)
 .glue_7        0x0800d304        0x0 linker stubs
 *(.glue_7t)
 .glue_7t       0x0800d304        0x0 linker stubs
 *(.eh_frame)
 .eh_frame      0x0800d304        0x0 C:/Program Files (x86)/Arm/GNU Toolchain mingw-w64-i686-arm-none-eabi/bin/../lib/gcc/arm-none-eabi/15.2.1/thumb/v7e-m+fp/hard/crtbegin.o
 *(.init)
 .init          0x0800d304        0x4 C:/Program Files (x86)/Arm/GNU Toolchain mingw-w64-i686-arm-none-eabi/bin/../lib/gcc/arm-none-eabi/15.2.1/thumb/v7e-m+fp/hard/crti.o
                0x0800d304                _init
 .init          0x0800d308        0x8 C:/Program Files (x86)/Arm/GNU Toolchain mingw-w64-i686-arm-none-eabi/bin/../lib/gcc/arm-none-eabi/15.2.1/thumb/v7e-m+fp/hard/crtn.o
 *(.fini)
 .fini          0x0800d310        0x4 C:/Program Files (x86)/Arm/GNU Toolchain mingw-w64-i686-arm-none-eabi/bin/../lib/gcc/arm-none-eabi/15.2.1/thumb/v7e-m+fp/hard/crti.o
                0x0800d310                _fini
 .fini          0x0800d314        0x8 C:/Program Files (x86)/Arm/GNU Toolchain mingw-w64-i686-arm-none-eabi/bin/../lib/gcc/arm-none-eabi/15.2.1/thumb/v7e-m+fp/hard/crtn.o
                0x0800d31c                        . = ALIGN (0x4)
                0x0800d31c                        _etext = .

.vfp11_veneer   0x0800d31c        0x0
 .vfp11_veneer  0x0800d31c        0x0 linker stubs

.v4_bx          0x0800d31c        0x0
 .v4_bx         0x0800d31c        0x0 linker stubs

.iplt           0x0800d31c        0x0
 .iplt          0x0800d31c        0x0 C:/Program Files (x86)/Arm/GNU Toolchain mingw-w64-i686-arm-none-eabi/bin/../lib/gcc/arm-none-eabi/15.2.1/thumb/v7e-m+fp/hard/crtbegin.o

.rodata         0x0800d320     0x1ba0
                0x0800d320                        . = ALIGN (0x4)
 *(.rodata)
 .rodata        0x0800d320        0x5 cmake/stm32cubemx/CMakeFiles/FreeRTOS.dir/__/__/Middlewares/Third_Party/FreeRTOS/Source/tasks.c.obj
 *fill*         0x0800d325        0x3 
 .rodata        0x0800d328        0xd cmake/stm32cubemx/CMakeFiles/FreeRTOS.dir/__/__/Middlewares/Third_Party/FreeRTOS/Source/timers.c.obj
 *fill*         0x0800d335        0x3 
 .rodata        0x0800d338       0x5e CMakeFiles/Source.dir/Core/Src/main.c.obj
 *fill*         0x0800d396        0x2 
 .rodata        0x0800d398      0x5ca CMakeFiles/Source.dir/D_/Embedded/Project/Freelance/App/gom/gom_router.c.obj
 *fill*         0x0800d962        0x2 
 .rodata        0x0800d964      0x40e CMakeFiles/Source.dir/D_/Embedded/Project/Freelance/App/gom/gom_command_encoder.c.obj
 *fill*         0x0800dd72        0x2 
 .rodata        0x0800dd74      0x279 CMakeFiles/Source.dir/D_/Embedded/Project/Freelance/App/gom/gom_firmware.c.obj
 *fill*         0x0800dfed        0x3 
 .rodata        0x0800dff0        0x3 CMakeFiles/Source.dir/D_/Embedded/Project/Freelance/App/log/log.c.obj
 *fill*         0x0800dff3        0x1 
 .rodata        0x0800dff4        0x9 CMakeFiles/Source.dir/D_/Embedded/Project/Freelance/App/log/SEGGER_RTT.c.obj
 *(.rodata*)
 *fill*         0x0800dffd        0x3 
 .rodata.AHBPrescTable
                0x0800e000       0x10 cmake/stm32cubemx/CMakeFiles/STM32_Drivers.dir/__/__/Core/Src/system_stm32f4xx.c.obj
                0x0800e000                AHBPrescTable
 .rodata.APBPrescTable
                0x0800e010        0x8 cmake/stm32cubemx/CMakeFiles/STM32_Drivers.dir/__/__/Core/Src/system_stm32f4xx.c.obj
                0x0800e010                APBPrescTable
 .rodata.flagBitshiftOffset.0
                0x0800e018        0x8 cmake/stm32cubemx/CMakeFiles/STM32_Drivers.dir/__/__/Drivers/STM32F4xx_HAL_Driver/Src/stm32f4xx_hal_dma.c.obj
 .rodata.defaultTask_attributes
                0x0800e020       0x24 CMakeFiles/Source.dir/Core/Src/main.c.obj
                0x0800e020                defaultTask_attributes
 *fill*         0x0800e044        0x4 
 .rodata.commands
                0x0800e048      0x988 CMakeFiles/Source.dir/D_/Embedded/Project/Freelance/App/gom/gom_router.c.obj
 .rodata.text.0
                0x0800e9d0       0x20 CMakeFiles/Source.dir/D_/Embedded/Project/Freelance/App/gom/gom_router.c.obj
 .rodata.wire   0x0800e9f0       0xf4 CMakeFiles/Source.dir/D_/Embedded/Project/Freelance/App/gom/gom_command_encoder.c.obj
 .rodata.cfg.0  0x0800eae4        0xc CMakeFiles/Source.dir/D_/Embedded/Project/Freelance/App/gom/gom_firmware.c.obj
 .rodata._aInitStr.0
                0x0800eaf0       0x11 CMakeFiles/Source.dir/D_/Embedded/Project/Freelance/App/log/SEGGER_RTT.c.obj
 .rodata._strtod_l.str1.1
                0x0800eb01      0x168 C:/Program Files (x86)/Arm/GNU Toolchain mingw-w64-i686-arm-none-eabi/bin/../lib/gcc/arm-none-eabi/15.2.1/../../../../arm-none-eabi/lib/thumb/v7e-m+fp/hard\libg_nano.a(libc_a-strtod.o)
                                  0xf (size before relaxing)
 *fill*         0x0800ec69        0x3 
 .rodata.fpinan.0
                0x0800ec6c       0x14 C:/Program Files (x86)/Arm/GNU Toolchain mingw-w64-i686-arm-none-eabi/bin/../lib/gcc/arm-none-eabi/15.2.1/../../../../arm-none-eabi/lib/thumb/v7e-m+fp/hard\libg_nano.a(libc_a-strtod.o)