Archive member included to satisfy reference by file (symbol)

/usr/lib/gcc/arm-none-eabi/13.2.1/../../../arm-none-eabi/lib/thumb/v7e-m+fp/hard/libm.a(libm_a-s_modf.o)
                              CMakeFiles/Source.dir/home/nguyentiem/Embedded/Freelance/GOM_Router/App/thirdparty/scpi-parser/libscpi/src/utils.c.obj (modf)
/usr/lib/gcc/arm-none-eabi/13.2.1/../../../arm-none-eabi/lib/thumb/v7e-m+fp/hard/libm.a(libm_a-s_frexp.o)
                              CMakeFiles/Source.dir/home/nguyentiem/Embedded/Freelance/GOM_Router/App/thirdparty/scpi-parser/libscpi/src/utils.c.obj (frexp)
/usr/lib/gcc/arm-none-eabi/13.2.1/../../../arm-none-eabi/lib/thumb/v7e-m+fp/hard/libm.a(libm_a-s_fpclassify.o)
                              /usr/lib/gcc/arm-none-eabi/13.2.1/../../../arm-none-eabi/lib/thumb/v7e-m+fp/hard/libm.a(libm_a-s_modf.o) (__fpclassifyd)
/usr/lib/gcc/arm-none-eabi/13.2.1/thumb/v7e-m+fp/hard/libgcc.a(_arm_muldf3.o)
                              CMakeFiles/Source.dir/home/nguyentiem/Embedded/Freelance/GOM_Router/App/scpi/router_scpi.c.obj (__aeabi_dmul)
/usr/lib/gcc/arm-none-eabi/13.2.1/thumb/v7e-m+fp/hard/libgcc.a(_arm_addsubdf3.o)
                              /usr/lib/gcc/arm-none-eabi/13.2.1/../../../arm-none-eabi/lib/thumb/v7e-m+fp/hard/libm.a(libm_a-s_modf.o) (__aeabi_dsub)
/usr/lib/gcc/arm-none-eabi/13.2.1/thumb/v7e-m+fp/hard/libgcc.a(_arm_muldivdf3.o)
                              CMakeFiles/Source.dir/home/nguyentiem/Embedded/Freelance/GOM_Router/App/thirdparty/scpi-parser/libscpi/src/utils.c.obj (__aeabi_ddiv)
/usr/lib/gcc/arm-none-eabi/13.2.1/thumb/v7e-m+fp/hard/libgcc.a(_arm_cmpdf2.o)
                              CMakeFiles/Source.dir/home/nguyentiem/Embedded/Freelance/GOM_Router/App/thirdparty/scpi-parser/libscpi/src/units.c.obj (__aeabi_dcmpeq)
/usr/lib/gcc/arm-none-eabi/13.2.1/thumb/v7e-m+fp/hard/libgcc.a(_arm_unorddf2.o)
                              CMakeFiles/Source.dir/home/nguyentiem/Embedded/Freelance/GOM_Router/App/scpi/router_scpi.c.obj (__aeabi_dcmpun)
/usr/lib/gcc/arm-none-eabi/13.2.1/thumb/v7e-m+fp/hard/libgcc.a(_arm_fixdfsi.o)
                              CMakeFiles/Source.dir/home/nguyentiem/Embedded/Freelance/GOM_Router/App/thirdparty/scpi-parser/libscpi/src/utils.c.obj (__aeabi_d2iz)
/usr/lib/gcc/arm-none-eabi/13.2.1/thumb/v7e-m+fp/hard/libgcc.a(_arm_truncdfsf2.o)
                              CMakeFiles/Source.dir/home/nguyentiem/Embedded/Freelance/GOM_Router/App/thirdparty/scpi-parser/libscpi/src/utils.c.obj (__aeabi_d2f)
/usr/lib/gcc/arm-none-eabi/13.2.1/thumb/v7e-m+fp/hard/libgcc.a(_aeabi_uldivmod.o)
                              cmake/stm32cubemx/CMakeFiles/STM32_Drivers.dir/__/__/Drivers/STM32F4xx_HAL_Driver/Src/stm32f4xx_hal_rcc.c.obj (__aeabi_uldivmod)
/usr/lib/gcc/arm-none-eabi/13.2.1/thumb/v7e-m+fp/hard/libgcc.a(_udivmoddi4.o)
                              /usr/lib/gcc/arm-none-eabi/13.2.1/thumb/v7e-m+fp/hard/libgcc.a(_aeabi_uldivmod.o) (__udivmoddi4)
/usr/lib/gcc/arm-none-eabi/13.2.1/thumb/v7e-m+fp/hard/libgcc.a(_dvmd_tls.o)
                              /usr/lib/gcc/arm-none-eabi/13.2.1/thumb/v7e-m+fp/hard/libgcc.a(_aeabi_uldivmod.o) (__aeabi_ldiv0)
/usr/lib/gcc/arm-none-eabi/13.2.1/../../../arm-none-eabi/lib/thumb/v7e-m+fp/hard/libg_nano.a(libc_a-strtoll.o)
                              CMakeFiles/Source.dir/home/nguyentiem/Embedded/Freelance/GOM_Router/App/thirdparty/scpi-parser/libscpi/src/utils.c.obj (strtoll)
/usr/lib/gcc/arm-none-eabi/13.2.1/../../../arm-none-eabi/lib/thumb/v7e-m+fp/hard/libg_nano.a(libc_a-strchr.o)
                              CMakeFiles/Source.dir/home/nguyentiem/Embedded/Freelance/GOM_Router/App/gom/gom_firmware.c.obj (strchr)
/usr/lib/gcc/arm-none-eabi/13.2.1/../../../arm-none-eabi/lib/thumb/v7e-m+fp/hard/libg_nano.a(libc_a-strcpy.o)
                              CMakeFiles/Source.dir/home/nguyentiem/Embedded/Freelance/GOM_Router/App/thirdparty/scpi-parser/libscpi/src/utils.c.obj (strcpy)
/usr/lib/gcc/arm-none-eabi/13.2.1/../../../arm-none-eabi/lib/thumb/v7e-m+fp/hard/libg_nano.a(libc_a-impure.o)
                              /usr/lib/gcc/arm-none-eabi/13.2.1/../../../arm-none-eabi/lib/thumb/v7e-m+fp/hard/libg_nano.a(libc_a-strtoll.o) (_impure_ptr)
/usr/lib/gcc/arm-none-eabi/13.2.1/../../../arm-none-eabi/lib/thumb/v7e-m+fp/hard/libg_nano.a(libc_a-strtoul.o)
                              CMakeFiles/Source.dir/home/nguyentiem/Embedded/Freelance/GOM_Router/App/thirdparty/scpi-parser/libscpi/src/utils.c.obj (strtoul)
/usr/lib/gcc/arm-none-eabi/13.2.1/../../../arm-none-eabi/lib/thumb/v7e-m+fp/hard/libg_nano.a(libc_a-init.o)
                              /usr/lib/gcc/arm-none-eabi/13.2.1/../../../arm-none-eabi/lib/thumb/v7e-m+fp/hard/crt0.o (__libc_init_array)
/usr/lib/gcc/arm-none-eabi/13.2.1/../../../arm-none-eabi/lib/thumb/v7e-m+fp/hard/libg_nano.a(libc_a-strncasecmp.o)
                              CMakeFiles/Source.dir/home/nguyentiem/Embedded/Freelance/GOM_Router/App/thirdparty/scpi-parser/libscpi/src/utils.c.obj (strncasecmp)
[...]
Memory Configuration

Name             Origin             Length             Attributes
RAM              0x20000000         0x00020000         xrw
FLASH            0x08000000         0x00080000         xr
*default*        0x00000000         0xffffffff

Linker script and memory map

LOAD /usr/lib/gcc/arm-none-eabi/13.2.1/thumb/v7e-m+fp/hard/crti.o
LOAD /usr/lib/gcc/arm-none-eabi/13.2.1/thumb/v7e-m+fp/hard/crtbegin.o
LOAD /usr/lib/gcc/arm-none-eabi/13.2.1/../../../arm-none-eabi/lib/thumb/v7e-m+fp/hard/crt0.o
LOAD cmake/stm32cubemx/CMakeFiles/STM32_Drivers.dir/__/__/Core/Src/system_stm32f4xx.c.obj
LOAD cmake/stm32cubemx/CMakeFiles/STM32_Drivers.dir/__/__/Drivers/STM32F4xx_HAL_Driver/Src/stm32f4xx_hal_tim.c.obj
LOAD cmake/stm32cubemx/CMakeFiles/STM32_Drivers.dir/__/__/Drivers/STM32F4xx_HAL_Driver/Src/stm32f4xx_hal_tim_ex.c.obj
LOAD cmake/stm32cubemx/CMakeFiles/STM32_Drivers.dir/__/__/Drivers/STM32F4xx_HAL_Driver/Src/stm32f4xx_hal_rcc.c.obj
LOAD cmake/stm32cubemx/CMakeFiles/STM32_Drivers.dir/__/__/Drivers/STM32F4xx_HAL_Driver/Src/stm32f4xx_hal_rcc_ex.c.obj
LOAD cmake/stm32cubemx/CMakeFiles/STM32_Drivers.dir/__/__/Drivers/STM32F4xx_HAL_Driver/Src/stm32f4xx_hal_flash.c.obj
LOAD cmake/stm32cubemx/CMakeFiles/STM32_Drivers.dir/__/__/Drivers/STM32F4xx_HAL_Driver/Src/stm32f4xx_hal_flash_ex.c.obj
LOAD cmake/stm32cubemx/CMakeFiles/STM32_Drivers.dir/__/__/Drivers/STM32F4xx_HAL_Driver/Src/stm32f4xx_hal_flash_ramfunc.c.obj
LOAD cmake/stm32cubemx/CMakeFiles/STM32_Drivers.dir/__/__/Drivers/STM32F4xx_HAL_Driver/Src/stm32f4xx_hal_gpio.c.obj
LOAD cmake/stm32cubemx/CMakeFiles/STM32_Drivers.dir/__/__/Drivers/STM32F4xx_HAL_Driver/Src/stm32f4xx_hal_dma_ex.c.obj
LOAD cmake/stm32cubemx/CMakeFiles/STM32_Drivers.dir/__/__/Drivers/STM32F4xx_HAL_Driver/Src/stm32f4xx_hal_dma.c.obj
LOAD cmake/stm32cubemx/CMakeFiles/STM32_Drivers.dir/__/__/Drivers/STM32F4xx_HAL_Driver/Src/stm32f4xx_hal_pwr.c.obj
LOAD cmake/stm32cubemx/CMakeFiles/STM32_Drivers.dir/__/__/Drivers/STM32F4xx_HAL_Driver/Src/stm32f4xx_hal_pwr_ex.c.obj
LOAD cmake/stm32cubemx/CMakeFiles/STM32_Drivers.dir/__/__/Drivers/STM32F4xx_HAL_Driver/Src/stm32f4xx_hal_cortex.c.obj
LOAD cmake/stm32cubemx/CMakeFiles/STM32_Drivers.dir/__/__/Drivers/STM32F4xx_HAL_Driver/Src/stm32f4xx_hal.c.obj
LOAD cmake/stm32cubemx/CMakeFiles/STM32_Drivers.dir/__/__/Drivers/STM32F4xx_HAL_Driver/Src/stm32f4xx_hal_exti.c.obj
LOAD cmake/stm32cubemx/CMakeFiles/STM32_Drivers.dir/__/__/Drivers/STM32F4xx_HAL_Driver/Src/stm32f4xx_hal_uart.c.obj
LOAD cmake/stm32cubemx/CMakeFiles/STM32_Drivers.dir/__/__/Drivers/STM32F4xx_HAL_Driver/Src/stm32f4xx_hal_wwdg.c.obj
LOAD cmake/stm32cubemx/CMakeFiles/FreeRTOS.dir/__/__/Middlewares/Third_Party/FreeRTOS/Source/croutine.c.obj
LOAD cmake/stm32cubemx/CMakeFiles/FreeRTOS.dir/__/__/Middlewares/Third_Party/FreeRTOS/Source/event_groups.c.obj
LOAD cmake/stm32cubemx/CMakeFiles/FreeRTOS.dir/__/__/Middlewares/Third_Party/FreeRTOS/Source/list.c.obj
LOAD cmake/stm32cubemx/CMakeFiles/FreeRTOS.dir/__/__/Middlewares/Third_Party/FreeRTOS/Source/queue.c.obj
LOAD cmake/stm32cubemx/CMakeFiles/FreeRTOS.dir/__/__/Middlewares/Third_Party/FreeRTOS/Source/stream_buffer.c.obj
LOAD cmake/stm32cubemx/CMakeFiles/FreeRTOS.dir/__/__/Middlewares/Third_Party/FreeRTOS/Source/tasks.c.obj
LOAD cmake/stm32cubemx/CMakeFiles/FreeRTOS.dir/__/__/Middlewares/Third_Party/FreeRTOS/Source/timers.c.obj
LOAD cmake/stm32cubemx/CMakeFiles/FreeRTOS.dir/__/__/Middlewares/Third_Party/FreeRTOS/Source/CMSIS_RTOS_V2/cmsis_os2.c.obj
LOAD cmake/stm32cubemx/CMakeFiles/FreeRTOS.dir/__/__/Middlewares/Third_Party/FreeRTOS/Source/portable/GCC/ARM_CM4F/port.c.obj
LOAD CMakeFiles/Source.dir/Core/Src/main.c.obj
LOAD CMakeFiles/Source.dir/Core/Src/freertos.c.obj
LOAD CMakeFiles/Source.dir/Core/Src/stm32f4xx_it.c.obj
LOAD CMakeFiles/Source.dir/Core/Src/stm32f4xx_hal_msp.c.obj
LOAD CMakeFiles/Source.dir/Core/Src/stm32f4xx_hal_timebase_tim.c.obj
LOAD CMakeFiles/Source.dir/Core/Src/sysmem.c.obj
LOAD CMakeFiles/Source.dir/Core/Src/syscalls.c.obj
LOAD CMakeFiles/Source.dir/startup_stm32f411xe.s.obj
LOAD CMakeFiles/Source.dir/home/nguyentiem/Embedded/Freelance/GOM_Router/App/gom/gom_firmware.c.obj
LOAD CMakeFiles/Source.dir/home/nguyentiem/Embedded/Freelance/GOM_Router/App/app/router_application.c.obj
LOAD CMakeFiles/Source.dir/home/nguyentiem/Embedded/Freelance/GOM_Router/App/scpi/router_scpi.c.obj
LOAD CMakeFiles/Source.dir/home/nguyentiem/Embedded/Freelance/GOM_Router/App/relay/relay_matrix.c.obj
LOAD CMakeFiles/Source.dir/home/nguyentiem/Embedded/Freelance/GOM_Router/App/board/board_io.c.obj
LOAD CMakeFiles/Source.dir/home/nguyentiem/Embedded/Freelance/GOM_Router/App/board/board_shift_register.c.obj
LOAD CMakeFiles/Source.dir/home/nguyentiem/Embedded/Freelance/GOM_Router/App/log/log.c.obj
LOAD CMakeFiles/Source.dir/home/nguyentiem/Embedded/Freelance/GOM_Router/App/log/SEGGER_RTT.c.obj
LOAD CMakeFiles/Source.dir/home/nguyentiem/Embedded/Freelance/GOM_Router/App/thirdparty/scpi-parser/libscpi/src/error.c.obj
LOAD CMakeFiles/Source.dir/home/nguyentiem/Embedded/Freelance/GOM_Router/App/thirdparty/scpi-parser/libscpi/src/fifo.c.obj
LOAD CMakeFiles/Source.dir/home/nguyentiem/Embedded/Freelance/GOM_Router/App/thirdparty/scpi-parser/libscpi/src/ieee488.c.obj
LOAD CMakeFiles/Source.dir/home/nguyentiem/Embedded/Freelance/GOM_Router/App/thirdparty/scpi-parser/libscpi/src/minimal.c.obj
LOAD CMakeFiles/Source.dir/home/nguyentiem/Embedded/Freelance/GOM_Router/App/thirdparty/scpi-parser/libscpi/src/parser.c.obj
LOAD CMakeFiles/Source.dir/home/nguyentiem/Embedded/Freelance/GOM_Router/App/thirdparty/scpi-parser/libscpi/src/units.c.obj
LOAD CMakeFiles/Source.dir/home/nguyentiem/Embedded/Freelance/GOM_Router/App/thirdparty/scpi-parser/libscpi/src/utils.c.obj
LOAD CMakeFiles/Source.dir/home/nguyentiem/Embedded/Freelance/GOM_Router/App/thirdparty/scpi-parser/libscpi/src/lexer.c.obj
LOAD CMakeFiles/Source.dir/home/nguyentiem/Embedded/Freelance/GOM_Router/App/thirdparty/scpi-parser/libscpi/src/expression.c.obj
LOAD /usr/lib/gcc/arm-none-eabi/13.2.1/../../../arm-none-eabi/lib/thumb/v7e-m+fp/hard/libm.a
START GROUP
LOAD /usr/lib/gcc/arm-none-eabi/13.2.1/thumb/v7e-m+fp/hard/libgcc.a
LOAD /usr/lib/gcc/arm-none-eabi/13.2.1/../../../arm-none-eabi/lib/thumb/v7e-m+fp/hard/libg_nano.a
LOAD /usr/lib/gcc/arm-none-eabi/13.2.1/../../../arm-none-eabi/lib/thumb/v7e-m+fp/hard/libc_nano.a
END GROUP
START GROUP
LOAD /usr/lib/gcc/arm-none-eabi/13.2.1/thumb/v7e-m+fp/hard/libgcc.a
LOAD /usr/lib/gcc/arm-none-eabi/13.2.1/../../../arm-none-eabi/lib/thumb/v7e-m+fp/hard/libc_nano.a
END GROUP
LOAD /usr/lib/gcc/arm-none-eabi/13.2.1/thumb/v7e-m+fp/hard/crtend.o
LOAD /usr/lib/gcc/arm-none-eabi/13.2.1/thumb/v7e-m+fp/hard/crtn.o
                0x20020000                        _estack = (ORIGIN (RAM) + LENGTH (RAM))
                0x2001fc00                        _sstack = (_estack - _Min_Stack_Size)
                0x00000200                        _Min_Heap_Size = 0x200
                0x00000400                        _Min_Stack_Size = 0x400

.isr_vector     0x08000000      0x198
                0x08000000                        . = ALIGN (0x4)
 *(.isr_vector)
 .isr_vector    0x08000000      0x198 CMakeFiles/Source.dir/startup_stm32f411xe.s.obj
                0x08000000                g_pfnVectors
                0x08000198                        . = ALIGN (0x4)

.text           0x080001c0     0xee3c
                0x080001c0                        . = ALIGN (0x4)
 *(.text)
 .text          0x080001c0       0x88 /usr/lib/gcc/arm-none-eabi/13.2.1/thumb/v7e-m+fp/hard/crtbegin.o
 .text          0x08000248       0xb0 /usr/lib/gcc/arm-none-eabi/13.2.1/../../../arm-none-eabi/lib/thumb/v7e-m+fp/hard/libm.a(libm_a-s_modf.o)
                0x08000248                modf
 .text          0x080002f8       0x64 /usr/lib/gcc/arm-none-eabi/13.2.1/../../../arm-none-eabi/lib/thumb/v7e-m+fp/hard/libm.a(libm_a-s_frexp.o)
                0x080002f8                frexp
 .text          0x0800035c       0x5c /usr/lib/gcc/arm-none-eabi/13.2.1/../../../arm-none-eabi/lib/thumb/v7e-m+fp/hard/libm.a(libm_a-s_fpclassify.o)
                0x0800035c                __fpclassifyd
 .text          0x080003b8      0x378 /usr/lib/gcc/arm-none-eabi/13.2.1/thumb/v7e-m+fp/hard/libgcc.a(_arm_addsubdf3.o)
                0x080003b8                __aeabi_drsub
                0x080003c0                __aeabi_dsub
                0x080003c0                __subdf3
                0x080003c4                __adddf3
                0x080003c4                __aeabi_dadd
                0x0800063c                __aeabi_ui2d
                0x0800063c                __floatunsidf
                0x0800065c                __floatsidf
                0x0800065c                __aeabi_i2d
                0x08000680                __extendsfdf2
                0x08000680                __aeabi_f2d
                0x080006c4                __aeabi_ul2d
                0x080006c4                __floatundidf
                0x080006d4                __floatdidf
                0x080006d4                __aeabi_l2d
 .text          0x08000730      0x424 /usr/lib/gcc/arm-none-eabi/13.2.1/thumb/v7e-m+fp/hard/libgcc.a(_arm_muldivdf3.o)
                0x08000730                __aeabi_dmul
                0x08000730                __muldf3
                0x08000984                __aeabi_ddiv
                0x08000984                __divdf3
 .text          0x08000b54      0x110 /usr/lib/gcc/arm-none-eabi/13.2.1/thumb/v7e-m+fp/hard/libgcc.a(_arm_cmpdf2.o)
                0x08000b54                __gtdf2
                0x08000b54                __gedf2
                0x08000b5c                __ltdf2
                0x08000b5c                __ledf2
                0x08000b64                __cmpdf2
                0x08000b64                __eqdf2
                0x08000b64                __nedf2
                0x08000be0                __aeabi_cdrcmple
                0x08000bf0                __aeabi_cdcmple
                0x08000bf0                __aeabi_cdcmpeq
                0x08000c00                __aeabi_dcmpeq
                0x08000c14                __aeabi_dcmplt
                0x08000c28                __aeabi_dcmple
                0x08000c3c                __aeabi_dcmpge
                0x08000c50                __aeabi_dcmpgt
 .text          0x08000c64       0x2c /usr/lib/gcc/arm-none-eabi/13.2.1/thumb/v7e-m+fp/hard/libgcc.a(_arm_unorddf2.o)
                0x08000c64                __aeabi_dcmpun
                0x08000c64                __unorddf2
 .text          0x08000c90       0x50 /usr/lib/gcc/arm-none-eabi/13.2.1/thumb/v7e-m+fp/hard/libgcc.a(_arm_fixdfsi.o)
                0x08000c90                __fixdfsi
                0x08000c90                __aeabi_d2iz
 .text          0x08000ce0       0x30 /usr/lib/gcc/arm-none-eabi/13.2.1/thumb/v7e-m+fp/hard/libgcc.a(_aeabi_uldivmod.o)
                0x08000ce0                __aeabi_uldivmod
 .text          0x08000d10      0x2bc /usr/lib/gcc/arm-none-eabi/13.2.1/thumb/v7e-m+fp/hard/libgcc.a(_udivmoddi4.o)
                0x08000d10                __udivmoddi4
 .text          0x08000fcc        0x4 /usr/lib/gcc/arm-none-eabi/13.2.1/thumb/v7e-m+fp/hard/libgcc.a(_dvmd_tls.o)
                0x08000fcc                __aeabi_ldiv0
                0x08000fcc                __aeabi_idiv0
 .text          0x08000fd0      0x1b0 /usr/lib/gcc/arm-none-eabi/13.2.1/../../../arm-none-eabi/lib/thumb/v7e-m+fp/hard/libg_nano.a(libc_a-strtoll.o)
                0x0800114c                _strtoll_r
                0x08001150                strtoll_l
                0x08001168                strtoll
 .text          0x08001180       0xd0 /usr/lib/gcc/arm-none-eabi/13.2.1/../../../arm-none-eabi/lib/thumb/v7e-m+fp/hard/libg_nano.a(libc_a-strchr.o)
                0x08001180                strchr
 .text          0x08001250       0xbc /usr/lib/gcc/arm-none-eabi/13.2.1/../../../arm-none-eabi/lib/thumb/v7e-m+fp/hard/libg_nano.a(libc_a-strcpy.o)
                0x08001250                strcpy
 .text          0x0800130c      0x168 /usr/lib/gcc/arm-none-eabi/13.2.1/../../../arm-none-eabi/lib/thumb/v7e-m+fp/hard/libg_nano.a(libc_a-strtoul.o)
                0x08001440                _strtoul_r
                0x08001444                strtoul_l
                0x0800145c                strtoul
 .text          0x08001474       0x50 /usr/lib/gcc/arm-none-eabi/13.2.1/../../../arm-none-eabi/lib/thumb/v7e-m+fp/hard/libg_nano.a(libc_a-init.o)
                0x08001474                __libc_init_array
 .text          0x080014c4       0x54 /usr/lib/gcc/arm-none-eabi/13.2.1/../../../arm-none-eabi/lib/thumb/v7e-m+fp/hard/libg_nano.a(libc_a-strncasecmp.o)
                0x080014c4                strncasecmp
 .text          0x08001518      0x1c8 /usr/lib/gcc/arm-none-eabi/13.2.1/../../../arm-none-eabi/lib/thumb/v7e-m+fp/hard/libg_nano.a(libc_a-strtoull.o)
                0x080016ac                _strtoull_r
                0x080016b0                strtoull_l
                0x080016c8                strtoull
 *fill*         0x080016e0       0x20 
 .text          0x08001700       0xd8 /usr/lib/gcc/arm-none-eabi/13.2.1/../../../arm-none-eabi/lib/thumb/v7e-m+fp/hard/libg_nano.a(libc_a-strlen.o)
                0x08001700                strlen
 .text          0x080017d8       0xa4 /usr/lib/gcc/arm-none-eabi/13.2.1/../../../arm-none-eabi/lib/thumb/v7e-m+fp/hard/libg_nano.a(libc_a-memset.o)
                0x080017d8                memset
 .text          0x0800187c        0xc /usr/lib/gcc/arm-none-eabi/13.2.1/../../../arm-none-eabi/lib/thumb/v7e-m+fp/hard/libg_nano.a(libc_a-errno.o)
                0x0800187c                __errno
 .text          0x08001888      0x100 /usr/lib/gcc/arm-none-eabi/13.2.1/../../../arm-none-eabi/lib/thumb/v7e-m+fp/hard/libg_nano.a(libc_a-memmove.o)
                0x08001888                memmove
 .text          0x08001988      0x16c /usr/lib/gcc/arm-none-eabi/13.2.1/../../../arm-none-eabi/lib/thumb/v7e-m+fp/hard/libg_nano.a(libc_a-strtol.o)
                0x08001ac0                _strtol_r
                0x08001ac4                strtol_l
                0x08001adc                strtol
 .text          0x08001af4      0x134 /usr/lib/gcc/arm-none-eabi/13.2.1/../../../arm-none-eabi/lib/thumb/v7e-m+fp/hard/libg_nano.a(libc_a-memcpy.o)
                0x08001af4                memcpy
 .text          0x08001c28       0x68 /usr/lib/gcc/arm-none-eabi/13.2.1/../../../arm-none-eabi/lib/thumb/v7e-m+fp/hard/libg_nano.a(libc_a-strncpy.o)
                0x08001c28                strncpy
 .text          0x08001c90       0x24 /usr/lib/gcc/arm-none-eabi/13.2.1/../../../arm-none-eabi/lib/thumb/v7e-m+fp/hard/libg_nano.a(libc_a-strnlen.o)
                0x08001c90                strnlen
 *(.text*)
 .text.SystemInit
                0x08001cb4       0x24 cmake/stm32cubemx/CMakeFiles/STM32_Drivers.dir/__/__/Core/Src/system_stm32f4xx.c.obj
                0x08001cb4                SystemInit
 .text.HAL_TIM_Base_Init
                0x08001cd8       0x9e cmake/stm32cubemx/CMakeFiles/STM32_Drivers.dir/__/__/Drivers/STM32F4xx_HAL_Driver/Src/stm32f4xx_hal_tim.c.obj
                0x08001cd8                HAL_TIM_Base_Init
 .text.HAL_TIM_Base_MspInit
                0x08001d76       0x14 cmake/stm32cubemx/CMakeFiles/STM32_Drivers.dir/__/__/Drivers/STM32F4xx_HAL_Driver/Src/stm32f4xx_hal_tim.c.obj
                0x08001d76                HAL_TIM_Base_MspInit
 *fill*         0x08001d8a        0x2 
 .text.HAL_TIM_Base_Start_IT
                0x08001d8c       0xc4 cmake/stm32cubemx/CMakeFiles/STM32_Drivers.dir/__/__/Drivers/STM32F4xx_HAL_Driver/Src/stm32f4xx_hal_tim.c.obj
                0x08001d8c                HAL_TIM_Base_Start_IT
 .text.HAL_TIM_IRQHandler
                0x08001e50      0x1e0 cmake/stm32cubemx/CMakeFiles/STM32_Drivers.dir/__/__/Drivers/STM32F4xx_HAL_Driver/Src/stm32f4xx_hal_tim.c.obj
                0x08001e50                HAL_TIM_IRQHandler
 .text.HAL_TIM_OC_DelayElapsedCallback
                0x08002030       0x14 cmake/stm32cubemx/CMakeFiles/STM32_Drivers.dir/__/__/Drivers/STM32F4xx_HAL_Driver/Src/stm32f4xx_hal_tim.c.obj
                0x08002030                HAL_TIM_OC_DelayElapsedCallback
 .text.HAL_TIM_IC_CaptureCallback
                0x08002044       0x14 cmake/stm32cubemx/CMakeFiles/STM32_Drivers.dir/__/__/Drivers/STM32F4xx_HAL_Driver/Src/stm32f4xx_hal_tim.c.obj
                0x08002044                HAL_TIM_IC_CaptureCallback
 .text.HAL_TIM_PWM_PulseFinishedCallback
                0x08002058       0x14 cmake/stm32cubemx/CMakeFiles/STM32_Drivers.dir/__/__/Drivers/STM32F4xx_HAL_Driver/Src/stm32f4xx_hal_tim.c.obj
                0x08002058                HAL_TIM_PWM_PulseFinishedCallback
 .text.HAL_TIM_TriggerCallback
                0x0800206c       0x14 cmake/stm32cubemx/CMakeFiles/STM32_Drivers.dir/__/__/Drivers/STM32F4xx_HAL_Driver/Src/stm32f4xx_hal_tim.c.obj
                0x0800206c                HAL_TIM_TriggerCallback
 .text.TIM_Base_SetConfig
                0x08002080      0x10c cmake/stm32cubemx/CMakeFiles/STM32_Drivers.dir/__/__/Drivers/STM32F4xx_HAL_Driver/Src/stm32f4xx_hal_tim.c.obj
                0x08002080                TIM_Base_SetConfig
 .text.HAL_TIMEx_CommutCallback
                0x0800218c       0x14 cmake/stm32cubemx/CMakeFiles/STM32_Drivers.dir/__/__/Drivers/STM32F4xx_HAL_Driver/Src/stm32f4xx_hal_tim_ex.c.obj
                0x0800218c                HAL_TIMEx_CommutCallback
 .text.HAL_TIMEx_BreakCallback
                0x080021a0       0x14 cmake/stm32cubemx/CMakeFiles/STM32_Drivers.dir/__/__/Drivers/STM32F4xx_HAL_Driver/Src/stm32f4xx_hal_tim_ex.c.obj
                0x080021a0                HAL_TIMEx_BreakCallback
 .text.HAL_RCC_OscConfig
                0x080021b4      0x4f0 cmake/stm32cubemx/CMakeFiles/STM32_Drivers.dir/__/__/Drivers/STM32F4xx_HAL_Driver/Src/stm32f4xx_hal_rcc.c.obj
                0x080021b4                HAL_RCC_OscConfig
 .text.HAL_RCC_ClockConfig
                0x080026a4      0x1cc cmake/stm32cubemx/CMakeFiles/STM32_Drivers.dir/__/__/Drivers/STM32F4xx_HAL_Driver/Src/stm32f4xx_hal_rcc.c.obj
                0x080026a4                HAL_RCC_ClockConfig
 .text.HAL_RCC_GetSysClockFreq
                0x08002870      0x18c cmake/stm32cubemx/CMakeFiles/STM32_Drivers.dir/__/__/Drivers/STM32F4xx_HAL_Driver/Src/stm32f4xx_hal_rcc.c.obj
                0x08002870                HAL_RCC_GetSysClockFreq
 .text.HAL_RCC_GetHCLKFreq
                0x080029fc       0x18 cmake/stm32cubemx/CMakeFiles/STM32_Drivers.dir/__/__/Drivers/STM32F4xx_HAL_Driver/Src/stm32f4xx_hal_rcc.c.obj
                0x080029fc                HAL_RCC_GetHCLKFreq
 .text.HAL_RCC_GetPCLK1Freq
                0x08002a14       0x28 cmake/stm32cubemx/CMakeFiles/STM32_Drivers.dir/__/__/Drivers/STM32F4xx_HAL_Driver/Src/stm32f4xx_hal_rcc.c.obj
                0x08002a14                HAL_RCC_GetPCLK1Freq
 .text.HAL_RCC_GetPCLK2Freq
                0x08002a3c       0x28 cmake/stm32cubemx/CMakeFiles/STM32_Drivers.dir/__/__/Drivers/STM32F4xx_HAL_Driver/Src/stm32f4xx_hal_rcc.c.obj
                0x08002a3c                HAL_RCC_GetPCLK2Freq
 .text.HAL_RCC_GetClockConfig
                0x08002a64       0x64 cmake/stm32cubemx/CMakeFiles/STM32_Drivers.dir/__/__/Drivers/STM32F4xx_HAL_Driver/Src/stm32f4xx_hal_rcc.c.obj
                0x08002a64                HAL_RCC_GetClockConfig
 .text.HAL_GPIO_Init
                0x08002ac8      0x308 cmake/stm32cubemx/CMakeFiles/STM32_Drivers.dir/__/__/Drivers/STM32F4xx_HAL_Driver/Src/stm32f4xx_hal_gpio.c.obj
                0x08002ac8                HAL_GPIO_Init
 .text.HAL_GPIO_WritePin
                0x08002dd0       0x32 cmake/stm32cubemx/CMakeFiles/STM32_Drivers.dir/__/__/Drivers/STM32F4xx_HAL_Driver/Src/stm32f4xx_hal_gpio.c.obj
                0x08002dd0                HAL_GPIO_WritePin
 *fill*         0x08002e02        0x2 
 .text.HAL_DMA_Init
                0x08002e04      0x15c cmake/stm32cubemx/CMakeFiles/STM32_Drivers.dir/__/__/Drivers/STM32F4xx_HAL_Driver/Src/stm32f4xx_hal_dma.c.obj
                0x08002e04                HAL_DMA_Init
 .text.HAL_DMA_Abort
                0x08002f60       0xe0 cmake/stm32cubemx/CMakeFiles/STM32_Drivers.dir/__/__/Drivers/STM32F4xx_HAL_Driver/Src/stm32f4xx_hal_dma.c.obj
                0x08002f60                HAL_DMA_Abort
 .text.HAL_DMA_Abort_IT
                0x08003040       0x44 cmake/stm32cubemx/CMakeFiles/STM32_Drivers.dir/__/__/Drivers/STM32F4xx_HAL_Driver/Src/stm32f4xx_hal_dma.c.obj
                0x08003040                HAL_DMA_Abort_IT
 .text.HAL_DMA_IRQHandler
                0x08003084      0x314 cmake/stm32cubemx/CMakeFiles/STM32_Drivers.dir/__/__/Drivers/STM32F4xx_HAL_Driver/Src/stm32f4xx_hal_dma.c.obj
                0x08003084                HAL_DMA_IRQHandler
 .text.DMA_CalcBaseAndBitshift
                0x08003398       0x6c cmake/stm32cubemx/CMakeFiles/STM32_Drivers.dir/__/__/Drivers/STM32F4xx_HAL_Driver/Src/stm32f4xx_hal_dma.c.obj
 .text.DMA_CheckFifoParam
                0x08003404       0xf8 cmake/stm32cubemx/CMakeFiles/STM32_Drivers.dir/__/__/Drivers/STM32F4xx_HAL_Driver/Src/stm32f4xx_hal_dma.c.obj
 .text.__NVIC_SetPriorityGrouping
                0x080034fc       0x48 cmake/stm32cubemx/CMakeFiles/STM32_Drivers.dir/__/__/Drivers/STM32F4xx_HAL_Driver/Src/stm32f4xx_hal_cortex.c.obj
 .text.__NVIC_GetPriorityGrouping
                0x08003544       0x1c cmake/stm32cubemx/CMakeFiles/STM32_Drivers.dir/__/__/Drivers/STM32F4xx_HAL_Driver/Src/stm32f4xx_hal_cortex.c.obj
 .text.__NVIC_EnableIRQ
                0x08003560       0x3c cmake/stm32cubemx/CMakeFiles/STM32_Drivers.dir/__/__/Drivers/STM32F4xx_HAL_Driver/Src/stm32f4xx_hal_cortex.c.obj
 .text.__NVIC_SetPriority
                0x0800359c       0x54 cmake/stm32cubemx/CMakeFiles/STM32_Drivers.dir/__/__/Drivers/STM32F4xx_HAL_Driver/Src/stm32f4xx_hal_cortex.c.obj
 .text.NVIC_EncodePriority
                0x080035f0       0x66 cmake/stm32cubemx/CMakeFiles/STM32_Drivers.dir/__/__/Drivers/STM32F4xx_HAL_Driver/Src/stm32f4xx_hal_cortex.c.obj
 .text.HAL_NVIC_SetPriorityGrouping
                0x08003656       0x16 cmake/stm32cubemx/CMakeFiles/STM32_Drivers.dir/__/__/Drivers/STM32F4xx_HAL_Driver/Src/stm32f4xx_hal_cortex.c.obj
                0x08003656                HAL_NVIC_SetPriorityGrouping
 .text.HAL_NVIC_SetPriority
                0x0800366c       0x38 cmake/stm32cubemx/CMakeFiles/STM32_Drivers.dir/__/__/Drivers/STM32F4xx_HAL_Driver/Src/stm32f4xx_hal_cortex.c.obj
                0x0800366c                HAL_NVIC_SetPriority
 .text.HAL_NVIC_EnableIRQ
                0x080036a4       0x1c cmake/stm32cubemx/CMakeFiles/STM32_Drivers.dir/__/__/Drivers/STM32F4xx_HAL_Driver/Src/stm32f4xx_hal_cortex.c.obj
                0x080036a4                HAL_NVIC_EnableIRQ
 .text.HAL_Init
                0x080036c0       0x44 cmake/stm32cubemx/CMakeFiles/STM32_Drivers.dir/__/__/Drivers/STM32F4xx_HAL_Driver/Src/stm32f4xx_hal.c.obj
                0x080036c0                HAL_Init
 .text.HAL_IncTick
                0x08003704       0x28 cmake/stm32cubemx/CMakeFiles/STM32_Drivers.dir/__/__/Drivers/STM32F4xx_HAL_Driver/Src/stm32f4xx_hal.c.obj
                0x08003704                HAL_IncTick
 .text.HAL_GetTick
                0x0800372c       0x18 cmake/stm32cubemx/CMakeFiles/STM32_Drivers.dir/__/__/Drivers/STM32F4xx_HAL_Driver/Src/stm32f4xx_hal.c.obj
                0x0800372c                HAL_GetTick
 .text.HAL_UART_Init
                0x08003744       0xa0 cmake/stm32cubemx/CMakeFiles/STM32_Drivers.dir/__/__/Drivers/STM32F4xx_HAL_Driver/Src/stm32f4xx_hal_uart.c.obj
                0x08003744                HAL_UART_Init
 .text.HAL_UART_Transmit_IT
                0x080037e4       0x6c cmake/stm32cubemx/CMakeFiles/STM32_Drivers.dir/__/__/Drivers/STM32F4xx_HAL_Driver/Src/stm32f4xx_hal_uart.c.obj
                0x080037e4                HAL_UART_Transmit_IT
 .text.HAL_UART_Receive_IT
                0x08003850       0x4a cmake/stm32cubemx/CMakeFiles/STM32_Drivers.dir/__/__/Drivers/STM32F4xx_HAL_Driver/Src/stm32f4xx_hal_uart.c.obj
                0x08003850                HAL_UART_Receive_IT
 *fill*         0x0800389a        0x2 
 .text.HAL_UART_IRQHandler
                0x0800389c      0x554 cmake/stm32cubemx/CMakeFiles/STM32_Drivers.dir/__/__/Drivers/STM32F4xx_HAL_Driver/Src/stm32f4xx_hal_uart.c.obj
                0x0800389c                HAL_UART_IRQHandler
 .text.HAL_UARTEx_RxEventCallback
                0x08003df0       0x18 cmake/stm32cubemx/CMakeFiles/STM32_Drivers.dir/__/__/Drivers/STM32F4xx_HAL_Driver/Src/stm32f4xx_hal_uart.c.obj
                0x08003df0                HAL_UARTEx_RxEventCallback
 .text.UART_Start_Receive_IT
                0x08003e08       0x74 cmake/stm32cubemx/CMakeFiles/STM32_Drivers.dir/__/__/Drivers/STM32F4xx_HAL_Driver/Src/stm32f4xx_hal_uart.c.obj
                0x08003e08                UART_Start_Receive_IT
 .text.UART_EndRxTransfer
                0x08003e7c       0xc6 cmake/stm32cubemx/CMakeFiles/STM32_Drivers.dir/__/__/Drivers/STM32F4xx_HAL_Driver/Src/stm32f4xx_hal_uart.c.obj
 .text.UART_DMAAbortOnError
                0x08003f42       0x22 cmake/stm32cubemx/CMakeFiles/STM32_Drivers.dir/__/__/Drivers/STM32F4xx_HAL_Driver/Src/stm32f4xx_hal_uart.c.obj
 .text.UART_Transmit_IT
                0x08003f64       0xa0 cmake/stm32cubemx/CMakeFiles/STM32_Drivers.dir/__/__/Drivers/STM32F4xx_HAL_Driver/Src/stm32f4xx_hal_uart.c.obj
 .text.UART_EndTransmit_IT
                0x08004004       0x30 cmake/stm32cubemx/CMakeFiles/STM32_Drivers.dir/__/__/Drivers/STM32F4xx_HAL_Driver/Src/stm32f4xx_hal_uart.c.obj
 .text.UART_Receive_IT
                0x08004034      0x17c cmake/stm32cubemx/CMakeFiles/STM32_Drivers.dir/__/__/Drivers/STM32F4xx_HAL_Driver/Src/stm32f4xx_hal_uart.c.obj
 .text.UART_SetConfig
                0x080041b0      0x4e8 cmake/stm32cubemx/CMakeFiles/STM32_Drivers.dir/__/__/Drivers/STM32F4xx_HAL_Driver/Src/stm32f4xx_hal_uart.c.obj
 .text.HAL_WWDG_Init
                0x08004698       0x48 cmake/stm32cubemx/CMakeFiles/STM32_Drivers.dir/__/__/Drivers/STM32F4xx_HAL_Driver/Src/stm32f4xx_hal_wwdg.c.obj
                0x08004698                HAL_WWDG_Init
 .text.HAL_WWDG_Refresh
                0x080046e0       0x20 cmake/stm32cubemx/CMakeFiles/STM32_Drivers.dir/__/__/Drivers/STM32F4xx_HAL_Driver/Src/stm32f4xx_hal_wwdg.c.obj
                0x080046e0                HAL_WWDG_Refresh
 .text.vListInitialise
                0x08004700       0x40 cmake/stm32cubemx/CMakeFiles/FreeRTOS.dir/__/__/Middlewares/Third_Party/FreeRTOS/Source/list.c.obj
                0x08004700                vListInitialise
 .text.vListInitialiseItem
                0x08004740       0x1a cmake/stm32cubemx/CMakeFiles/FreeRTOS.dir/__/__/Middlewares/Third_Party/FreeRTOS/Source/list.c.obj
                0x08004740                vListInitialiseItem
 .text.vListInsertEnd
                0x0800475a       0x48 cmake/stm32cubemx/CMakeFiles/FreeRTOS.dir/__/__/Middlewares/Third_Party/FreeRTOS/Source/list.c.obj
                0x0800475a                vListInsertEnd
 .text.vListInsert
                0x080047a2       0x72 cmake/stm32cubemx/CMakeFiles/FreeRTOS.dir/__/__/Middlewares/Third_Party/FreeRTOS/Source/list.c.obj
                0x080047a2                vListInsert
 .text.uxListRemove
                0x08004814       0x54 cmake/stm32cubemx/CMakeFiles/FreeRTOS.dir/__/__/Middlewares/Third_Party/FreeRTOS/Source/list.c.obj
                0x08004814                uxListRemove
 .text.xQueueGenericReset
                0x08004868       0xd4 cmake/stm32cubemx/CMakeFiles/FreeRTOS.dir/__/__/Middlewares/Third_Party/FreeRTOS/Source/queue.c.obj
                0x08004868                xQueueGenericReset
 .text.xQueueGenericCreateStatic
                0x0800493c       0xf2 cmake/stm32cubemx/CMakeFiles/FreeRTOS.dir/__/__/Middlewares/Third_Party/FreeRTOS/Source/queue.c.obj
                0x0800493c                xQueueGenericCreateStatic
 .text.prvInitialiseNewQueue
                0x08004a2e       0x46 cmake/stm32cubemx/CMakeFiles/FreeRTOS.dir/__/__/Middlewares/Third_Party/FreeRTOS/Source/queue.c.obj
 .text.xQueueGenericSend
                0x08004a74      0x204 cmake/stm32cubemx/CMakeFiles/FreeRTOS.dir/__/__/Middlewares/Third_Party/FreeRTOS/Source/queue.c.obj
                0x08004a74                xQueueGenericSend
 .text.xQueueGenericSendFromISR
                0x08004c78      0x13c cmake/stm32cubemx/CMakeFiles/FreeRTOS.dir/__/__/Middlewares/Third_Party/FreeRTOS/Source/queue.c.obj
                0x08004c78                xQueueGenericSendFromISR
 .text.xQueueReceive
                0x08004db4      0x1c4 cmake/stm32cubemx/CMakeFiles/FreeRTOS.dir/__/__/Middlewares/Third_Party/FreeRTOS/Source/queue.c.obj
                0x08004db4                xQueueReceive
 .text.prvCopyDataToQueue
                0x08004f78       0xd4 cmake/stm32cubemx/CMakeFiles/FreeRTOS.dir/__/__/Middlewares/Third_Party/FreeRTOS/Source/queue.c.obj
 .text.prvCopyDataFromQueue
                0x0800504c       0x4c cmake/stm32cubemx/CMakeFiles/FreeRTOS.dir/__/__/Middlewares/Third_Party/FreeRTOS/Source/queue.c.obj
 .text.prvUnlockQueue
                0x08005098       0xa4 cmake/stm32cubemx/CMakeFiles/FreeRTOS.dir/__/__/Middlewares/Third_Party/FreeRTOS/Source/queue.c.obj
 .text.prvIsQueueEmpty
                0x0800513c       0x2c cmake/stm32cubemx/CMakeFiles/FreeRTOS.dir/__/__/Middlewares/Third_Party/FreeRTOS/Source/queue.c.obj
 .text.prvIsQueueFull
                0x08005168       0x30 cmake/stm32cubemx/CMakeFiles/FreeRTOS.dir/__/__/Middlewares/Third_Party/FreeRTOS/Source/queue.c.obj
 .text.vQueueAddToRegistry
                0x08005198       0x54 cmake/stm32cubemx/CMakeFiles/FreeRTOS.dir/__/__/Middlewares/Third_Party/FreeRTOS/Source/queue.c.obj
                0x08005198                vQueueAddToRegistry
 .text.vQueueWaitForMessageRestricted
                0x080051ec       0x68 cmake/stm32cubemx/CMakeFiles/FreeRTOS.dir/__/__/Middlewares/Third_Party/FreeRTOS/Source/queue.c.obj
                0x080051ec                vQueueWaitForMessageRestricted
 .text.xTaskCreateStatic
                0x08005254       0xb8 cmake/stm32cubemx/CMakeFiles/FreeRTOS.dir/__/__/Middlewares/Third_Party/FreeRTOS/Source/tasks.c.obj
                0x08005254                xTaskCreateStatic
 .text.prvInitialiseNewTask
                0x0800530c      0x120 cmake/stm32cubemx/CMakeFiles/FreeRTOS.dir/__/__/Middlewares/Third_Party/FreeRTOS/Source/tasks.c.obj
 .text.prvAddNewTaskToReadyList
                0x0800542c       0xe0 cmake/stm32cubemx/CMakeFiles/FreeRTOS.dir/__/__/Middlewares/Third_Party/FreeRTOS/Source/tasks.c.obj
 .text.vTaskDelay
                0x0800550c       0x6c cmake/stm32cubemx/CMakeFiles/FreeRTOS.dir/__/__/Middlewares/Third_Party/FreeRTOS/Source/tasks.c.obj
                0x0800550c                vTaskDelay
 .text.vTaskStartScheduler
                0x08005578       0xd0 cmake/stm32cubemx/CMakeFiles/FreeRTOS.dir/__/__/Middlewares/Third_Party/FreeRTOS/Source/tasks.c.obj
                0x08005578                vTaskStartScheduler
 .text.vTaskSuspendAll
                0x08005648       0x1c cmake/stm32cubemx/CMakeFiles/FreeRTOS.dir/__/__/Middlewares/Third_Party/FreeRTOS/Source/tasks.c.obj
                0x08005648                vTaskSuspendAll
 .text.xTaskResumeAll
                0x08005664      0x13c cmake/stm32cubemx/CMakeFiles/FreeRTOS.dir/__/__/Middlewares/Third_Party/FreeRTOS/Source/tasks.c.obj
                0x08005664                xTaskResumeAll
 .text.xTaskGetTickCount
                0x080057a0       0x20 cmake/stm32cubemx/CMakeFiles/FreeRTOS.dir/__/__/Middlewares/Third_Party/FreeRTOS/Source/tasks.c.obj
                0x080057a0                xTaskGetTickCount
 .text.xTaskIncrementTick
                0x080057c0      0x174 cmake/stm32cubemx/CMakeFiles/FreeRTOS.dir/__/__/Middlewares/Third_Party/FreeRTOS/Source/tasks.c.obj
                0x080057c0                xTaskIncrementTick
 .text.vTaskSwitchContext
                0x08005934       0xbc cmake/stm32cubemx/CMakeFiles/FreeRTOS.dir/__/__/Middlewares/Third_Party/FreeRTOS/Source/tasks.c.obj
                0x08005934                vTaskSwitchContext
 .text.vTaskPlaceOnEventList
                0x080059f0       0x4c cmake/stm32cubemx/CMakeFiles/FreeRTOS.dir/__/__/Middlewares/Third_Party/FreeRTOS/Source/tasks.c.obj
                0x080059f0                vTaskPlaceOnEventList
 .text.vTaskPlaceOnEventListRestricted
                0x08005a3c       0x58 cmake/stm32cubemx/CMakeFiles/FreeRTOS.dir/__/__/Middlewares/Third_Party/FreeRTOS/Source/tasks.c.obj
                0x08005a3c                vTaskPlaceOnEventListRestricted
 .text.xTaskRemoveFromEventList
                0x08005a94       0xc8 cmake/stm32cubemx/CMakeFiles/FreeRTOS.dir/__/__/Middlewares/Third_Party/FreeRTOS/Source/tasks.c.obj
                0x08005a94                xTaskRemoveFromEventList
 .text.vTaskInternalSetTimeOutState
                0x08005b5c       0x2c cmake/stm32cubemx/CMakeFiles/FreeRTOS.dir/__/__/Middlewares/Third_Party/FreeRTOS/Source/tasks.c.obj
                0x08005b5c                vTaskInternalSetTimeOutState
 .text.xTaskCheckForTimeOut
                0x08005b88       0xc8 cmake/stm32cubemx/CMakeFiles/FreeRTOS.dir/__/__/Middlewares/Third_Party/FreeRTOS/Source/tasks.c.obj
                0x08005b88                xTaskCheckForTimeOut
 .text.vTaskMissedYield
                0x08005c50       0x18 cmake/stm32cubemx/CMakeFiles/FreeRTOS.dir/__/__/Middlewares/Third_Party/FreeRTOS/Source/tasks.c.obj
                0x08005c50                vTaskMissedYield
 .text.prvIdleTask
                0x08005c68       0x30 cmake/stm32cubemx/CMakeFiles/FreeRTOS.dir/__/__/Middlewares/Third_Party/FreeRTOS/Source/tasks.c.obj
 .text.prvInitialiseTaskLists
                0x08005c98       0x80 cmake/stm32cubemx/CMakeFiles/FreeRTOS.dir/__/__/Middlewares/Third_Party/FreeRTOS/Source/tasks.c.obj
 .text.prvCheckTasksWaitingTermination
                0x08005d18       0x5c cmake/stm32cubemx/CMakeFiles/FreeRTOS.dir/__/__/Middlewares/Third_Party/FreeRTOS/Source/tasks.c.obj
 .text.prvDeleteTCB
                0x08005d74       0x14 cmake/stm32cubemx/CMakeFiles/FreeRTOS.dir/__/__/Middlewares/Third_Party/FreeRTOS/Source/tasks.c.obj
 .text.prvResetNextTaskUnblockTime
                0x08005d88       0x40 cmake/stm32cubemx/CMakeFiles/FreeRTOS.dir/__/__/Middlewares/Third_Party/FreeRTOS/Source/tasks.c.obj
 .text.xTaskGetSchedulerState
                0x08005dc8       0x3c cmake/stm32cubemx/CMakeFiles/FreeRTOS.dir/__/__/Middlewares/Third_Party/FreeRTOS/Source/tasks.c.obj
                0x08005dc8                xTaskGetSchedulerState
 .text.xTaskPriorityDisinherit
                0x08005e04       0xe0 cmake/stm32cubemx/CMakeFiles/FreeRTOS.dir/__/__/Middlewares/Third_Party/FreeRTOS/Source/tasks.c.obj
                0x08005e04                xTaskPriorityDisinherit
 .text.prvAddCurrentTaskToDelayedList
                0x08005ee4       0xa8 cmake/stm32cubemx/CMakeFiles/FreeRTOS.dir/__/__/Middlewares/Third_Party/FreeRTOS/Source/tasks.c.obj
 .text.xTimerCreateTimerTask
                0x08005f8c       0x94 cmake/stm32cubemx/CMakeFiles/FreeRTOS.dir/__/__/Middlewares/Third_Party/FreeRTOS/Source/timers.c.obj
                0x08005f8c                xTimerCreateTimerTask
 .text.xTimerGenericCommand
                0x08006020       0x9c cmake/stm32cubemx/CMakeFiles/FreeRTOS.dir/__/__/Middlewares/Third_Party/FreeRTOS/Source/timers.c.obj
                0x08006020                xTimerGenericCommand
 .text.prvProcessExpiredTimer
                0x080060bc       0x9c cmake/stm32cubemx/CMakeFiles/FreeRTOS.dir/__/__/Middlewares/Third_Party/FreeRTOS/Source/timers.c.obj
 .text.prvTimerTask
                0x08006158       0x26 cmake/stm32cubemx/CMakeFiles/FreeRTOS.dir/__/__/Middlewares/Third_Party/FreeRTOS/Source/timers.c.obj
 *fill*         0x0800617e        0x2 
 .text.prvProcessTimerOrBlockTask
                0x08006180       0x9c cmake/stm32cubemx/CMakeFiles/FreeRTOS.dir/__/__/Middlewares/Third_Party/FreeRTOS/Source/timers.c.obj
 .text.prvGetNextExpireTime
                0x0800621c       0x48 cmake/stm32cubemx/CMakeFiles/FreeRTOS.dir/__/__/Middlewares/Third_Party/FreeRTOS/Source/timers.c.obj
 .text.prvSampleTimeNow
                0x08006264       0x40 cmake/stm32cubemx/CMakeFiles/FreeRTOS.dir/__/__/Middlewares/Third_Party/FreeRTOS/Source/timers.c.obj
 .text.prvInsertTimerInActiveList
                0x080062a4       0x84 cmake/stm32cubemx/CMakeFiles/FreeRTOS.dir/__/__/Middlewares/Third_Party/FreeRTOS/Source/timers.c.obj
 .text.prvProcessReceivedCommands
                0x08006328      0x1b4 cmake/stm32cubemx/CMakeFiles/FreeRTOS.dir/__/__/Middlewares/Third_Party/FreeRTOS/Source/timers.c.obj
 .text.prvSwitchTimerLists
                0x080064dc       0xcc cmake/stm32cubemx/CMakeFiles/FreeRTOS.dir/__/__/Middlewares/Third_Party/FreeRTOS/Source/timers.c.obj
 .text.prvCheckForValidListAndQueue
                0x080065a8       0x80 cmake/stm32cubemx/CMakeFiles/FreeRTOS.dir/__/__/Middlewares/Third_Party/FreeRTOS/Source/timers.c.obj
 .text.__NVIC_SetPriority
                0x08006628       0x54 cmake/stm32cubemx/CMakeFiles/FreeRTOS.dir/__/__/Middlewares/Third_Party/FreeRTOS/Source/CMSIS_RTOS_V2/cmsis_os2.c.obj
 .text.SysTick_Handler
                0x0800667c       0x20 cmake/stm32cubemx/CMakeFiles/FreeRTOS.dir/__/__/Middlewares/Third_Party/FreeRTOS/Source/CMSIS_RTOS_V2/cmsis_os2.c.obj
                0x0800667c                SysTick_Handler
 .text.SVC_Setup
                0x0800669c       0x12 cmake/stm32cubemx/CMakeFiles/FreeRTOS.dir/__/__/Middlewares/Third_Party/FreeRTOS/Source/CMSIS_RTOS_V2/cmsis_os2.c.obj
 *fill*         0x080066ae        0x2 
 .text.osKernelInitialize
                0x080066b0       0x48 cmake/stm32cubemx/CMakeFiles/FreeRTOS.dir/__/__/Middlewares/Third_Party/FreeRTOS/Source/CMSIS_RTOS_V2/cmsis_os2.c.obj
                0x080066b0                osKernelInitialize
 .text.osKernelStart
                0x080066f8       0x4c cmake/stm32cubemx/CMakeFiles/FreeRTOS.dir/__/__/Middlewares/Third_Party/FreeRTOS/Source/CMSIS_RTOS_V2/cmsis_os2.c.obj
                0x080066f8                osKernelStart
 .text.osThreadNew
                0x08006744       0xf8 cmake/stm32cubemx/CMakeFiles/FreeRTOS.dir/__/__/Middlewares/Third_Party/FreeRTOS/Source/CMSIS_RTOS_V2/cmsis_os2.c.obj
                0x08006744                osThreadNew
 .text.osDelay  0x0800683c       0x36 cmake/stm32cubemx/CMakeFiles/FreeRTOS.dir/__/__/Middlewares/Third_Party/FreeRTOS/Source/CMSIS_RTOS_V2/cmsis_os2.c.obj
                0x0800683c                osDelay
 *fill*         0x08006872        0x2 
 .text.pxPortInitialiseStack
                0x08006874       0x68 cmake/stm32cubemx/CMakeFiles/FreeRTOS.dir/__/__/Middlewares/Third_Party/FreeRTOS/Source/portable/GCC/ARM_CM4F/port.c.obj
                0x08006874                pxPortInitialiseStack
 .text.prvTaskExitError
                0x080068dc       0x5c cmake/stm32cubemx/CMakeFiles/FreeRTOS.dir/__/__/Middlewares/Third_Party/FreeRTOS/Source/portable/GCC/ARM_CM4F/port.c.obj
 *fill*         0x08006938        0x8 
 .text.SVC_Handler
                0x08006940       0x28 cmake/stm32cubemx/CMakeFiles/FreeRTOS.dir/__/__/Middlewares/Third_Party/FreeRTOS/Source/portable/GCC/ARM_CM4F/port.c.obj
                0x08006940                SVC_Handler
 .text.prvPortStartFirstTask
                0x08006968       0x28 cmake/stm32cubemx/CMakeFiles/FreeRTOS.dir/__/__/Middlewares/Third_Party/FreeRTOS/Source/portable/GCC/ARM_CM4F/port.c.obj
 .text.xPortStartScheduler
                0x08006990      0x148 cmake/stm32cubemx/CMakeFiles/FreeRTOS.dir/__/__/Middlewares/Third_Party/FreeRTOS/Source/portable/GCC/ARM_CM4F/port.c.obj
                0x08006990                xPortStartScheduler
 .text.vPortEnterCritical
                0x08006ad8       0x64 cmake/stm32cubemx/CMakeFiles/FreeRTOS.dir/__/__/Middlewares/Third_Party/FreeRTOS/Source/portable/GCC/ARM_CM4F/port.c.obj
                0x08006ad8                vPortEnterCritical
 .text.vPortExitCritical
                0x08006b3c       0x54 cmake/stm32cubemx/CMakeFiles/FreeRTOS.dir/__/__/Middlewares/Third_Party/FreeRTOS/Source/portable/GCC/ARM_CM4F/port.c.obj
                0x08006b3c                vPortExitCritical
 .text.PendSV_Handler
                0x08006b90       0x68 cmake/stm32cubemx/CMakeFiles/FreeRTOS.dir/__/__/Middlewares/Third_Party/FreeRTOS/Source/portable/GCC/ARM_CM4F/port.c.obj
                0x08006b90                PendSV_Handler
 .text.xPortSysTickHandler
                0x08006bf8       0x44 cmake/stm32cubemx/CMakeFiles/FreeRTOS.dir/__/__/Middlewares/Third_Party/FreeRTOS/Source/portable/GCC/ARM_CM4F/port.c.obj
                0x08006bf8                xPortSysTickHandler
 .text.vPortSetupTimerInterrupt
                0x08006c3c       0x48 cmake/stm32cubemx/CMakeFiles/FreeRTOS.dir/__/__/Middlewares/Third_Party/FreeRTOS/Source/portable/GCC/ARM_CM4F/port.c.obj
                0x08006c3c                vPortSetupTimerInterrupt
 .text.vPortEnableVFP
                0x08006c84       0x14 cmake/stm32cubemx/CMakeFiles/FreeRTOS.dir/__/__/Middlewares/Third_Party/FreeRTOS/Source/portable/GCC/ARM_CM4F/port.c.obj
 .text.vPortValidateInterruptPriority
                0x08006c98       0x84 cmake/stm32cubemx/CMakeFiles/FreeRTOS.dir/__/__/Middlewares/Third_Party/FreeRTOS/Source/portable/GCC/ARM_CM4F/port.c.obj
                0x08006c98                vPortValidateInterruptPriority
 .text.vApplicationGetIdleTaskMemory
                0x08006d1c       0x34 CMakeFiles/Source.dir/Core/Src/main.c.obj
                0x08006d1c                vApplicationGetIdleTaskMemory
 .text.vApplicationGetTimerTaskMemory
                0x08006d50       0x34 CMakeFiles/Source.dir/Core/Src/main.c.obj
                0x08006d50                vApplicationGetTimerTaskMemory
 .text.main     0x08006d84       0x5c CMakeFiles/Source.dir/Core/Src/main.c.obj
                0x08006d84                main
 .text.SystemClock_Config
                0x08006de0       0xd0 CMakeFiles/Source.dir/Core/Src/main.c.obj
                0x08006de0                SystemClock_Config
 .text.MX_USART1_UART_Init
                0x08006eb0       0x54 CMakeFiles/Source.dir/Core/Src/main.c.obj
 .text.MX_USART2_UART_Init
                0x08006f04       0x54 CMakeFiles/Source.dir/Core/Src/main.c.obj
 .text.MX_USART6_UART_Init
                0x08006f58       0x54 CMakeFiles/Source.dir/Core/Src/main.c.obj
 .text.MX_WWDG_Init
                0x08006fac       0x40 CMakeFiles/Source.dir/Core/Src/main.c.obj
 .text.MX_DMA_Init
                0x08006fec       0xac CMakeFiles/Source.dir/Core/Src/main.c.obj
 .text.MX_GPIO_Init
                0x08007098       0xdc CMakeFiles/Source.dir/Core/Src/main.c.obj
 .text.StartDefaultTask
                0x08007174       0x16 CMakeFiles/Source.dir/Core/Src/main.c.obj
                0x08007174                StartDefaultTask
 *fill*         0x0800718a        0x2 
 .text.HAL_TIM_PeriodElapsedCallback
                0x0800718c       0x24 CMakeFiles/Source.dir/Core/Src/main.c.obj
                0x0800718c                HAL_TIM_PeriodElapsedCallback
 .text.Error_Handler
                0x080071b0       0x20 CMakeFiles/Source.dir/Core/Src/main.c.obj
                0x080071b0                Error_Handler
 .text.NMI_Handler
                0x080071d0        0x8 CMakeFiles/Source.dir/Core/Src/stm32f4xx_it.c.obj
                0x080071d0                NMI_Handler
 .text.HardFault_Handler
                0x080071d8        0x8 CMakeFiles/Source.dir/Core/Src/stm32f4xx_it.c.obj
                0x080071d8                HardFault_Handler
 .text.MemManage_Handler
                0x080071e0        0x8 CMakeFiles/Source.dir/Core/Src/stm32f4xx_it.c.obj
                0x080071e0                MemManage_Handler
 .text.BusFault_Handler
                0x080071e8        0x8 CMakeFiles/Source.dir/Core/Src/stm32f4xx_it.c.obj
                0x080071e8                BusFault_Handler
 .text.UsageFault_Handler
                0x080071f0        0x8 CMakeFiles/Source.dir/Core/Src/stm32f4xx_it.c.obj
                0x080071f0                UsageFault_Handler
 .text.DebugMon_Handler
                0x080071f8        0xe CMakeFiles/Source.dir/Core/Src/stm32f4xx_it.c.obj
                0x080071f8                DebugMon_Handler
 *fill*         0x08007206        0x2 
 .text.DMA1_Stream5_IRQHandler
                0x08007208       0x14 CMakeFiles/Source.dir/Core/Src/stm32f4xx_it.c.obj
                0x08007208                DMA1_Stream5_IRQHandler
 .text.DMA1_Stream6_IRQHandler
                0x0800721c       0x14 CMakeFiles/Source.dir/Core/Src/stm32f4xx_it.c.obj
                0x0800721c                DMA1_Stream6_IRQHandler
 .text.DMA2_Stream1_IRQHandler
                0x08007230       0x14 CMakeFiles/Source.dir/Core/Src/stm32f4xx_it.c.obj
                0x08007230                DMA2_Stream1_IRQHandler
 .text.TIM1_TRG_COM_TIM11_IRQHandler
                0x08007244       0x14 CMakeFiles/Source.dir/Core/Src/stm32f4xx_it.c.obj
                0x08007244                TIM1_TRG_COM_TIM11_IRQHandler
 .text.USART1_IRQHandler
                0x08007258       0x14 CMakeFiles/Source.dir/Core/Src/stm32f4xx_it.c.obj
                0x08007258                USART1_IRQHandler
 .text.USART2_IRQHandler
                0x0800726c       0x14 CMakeFiles/Source.dir/Core/Src/stm32f4xx_it.c.obj
                0x0800726c                USART2_IRQHandler
 .text.USART6_IRQHandler
                0x08007280       0x14 CMakeFiles/Source.dir/Core/Src/stm32f4xx_it.c.obj
                0x08007280                USART6_IRQHandler
 .text.DMA2_Stream6_IRQHandler
                0x08007294       0x14 CMakeFiles/Source.dir/Core/Src/stm32f4xx_it.c.obj
                0x08007294                DMA2_Stream6_IRQHandler
 .text.DMA2_Stream2_IRQHandler
                0x080072a8       0x14 CMakeFiles/Source.dir/Core/Src/stm32f4xx_it.c.obj
                0x080072a8                DMA2_Stream2_IRQHandler
 .text.DMA2_Stream7_IRQHandler
                0x080072bc       0x14 CMakeFiles/Source.dir/Core/Src/stm32f4xx_it.c.obj
                0x080072bc                DMA2_Stream7_IRQHandler
 .text.HAL_MspInit
                0x080072d0       0x58 CMakeFiles/Source.dir/Core/Src/stm32f4xx_hal_msp.c.obj
                0x080072d0                HAL_MspInit
 .text.HAL_UART_MspInit
                0x08007328      0x400 CMakeFiles/Source.dir/Core/Src/stm32f4xx_hal_msp.c.obj
                0x08007328                HAL_UART_MspInit
 .text.HAL_WWDG_MspInit
                0x08007728       0x44 CMakeFiles/Source.dir/Core/Src/stm32f4xx_hal_msp.c.obj
                0x08007728                HAL_WWDG_MspInit
 .text.HAL_InitTick
                0x0800776c       0xe4 CMakeFiles/Source.dir/Core/Src/stm32f4xx_hal_timebase_tim.c.obj
                0x0800776c                HAL_InitTick
 .text.Reset_Handler
                0x08007850       0x50 CMakeFiles/Source.dir/startup_stm32f411xe.s.obj
                0x08007850                Reset_Handler
 .text.Default_Handler
                0x080078a0        0x2 CMakeFiles/Source.dir/startup_stm32f411xe.s.obj
                0x080078a0                RTC_Alarm_IRQHandler
                0x080078a0                EXTI2_IRQHandler
                0x080078a0                SPI4_IRQHandler
                0x080078a0                TIM1_CC_IRQHandler
                0x080078a0                DMA2_Stream5_IRQHandler
                0x080078a0                PVD_IRQHandler
                0x080078a0                SDIO_IRQHandler
                0x080078a0                TAMP_STAMP_IRQHandler
                0x080078a0                EXTI3_IRQHandler
                0x080078a0                TIM1_UP_TIM10_IRQHandler
                0x080078a0                I2C3_ER_IRQHandler
                0x080078a0                EXTI0_IRQHandler
                0x080078a0                I2C2_EV_IRQHandler
                0x080078a0                DMA1_Stream2_IRQHandler
                0x080078a0                FPU_IRQHandler
                0x080078a0                SPI1_IRQHandler
                0x080078a0                TIM1_BRK_TIM9_IRQHandler
                0x080078a0                DMA2_Stream3_IRQHandler
                0x080078a0                DMA2_Stream0_IRQHandler
                0x080078a0                TIM4_IRQHandler
                0x080078a0                I2C1_EV_IRQHandler
                0x080078a0                DMA1_Stream1_IRQHandler
                0x080078a0                TIM3_IRQHandler
                0x080078a0                RCC_IRQHandler
                0x080078a0                Default_Handler
                0x080078a0                EXTI15_10_IRQHandler
                0x080078a0                ADC_IRQHandler
                0x080078a0                DMA1_Stream7_IRQHandler
                0x080078a0                SPI5_IRQHandler
                0x080078a0                TIM5_IRQHandler
                0x080078a0                I2C3_EV_IRQHandler
                0x080078a0                EXTI9_5_IRQHandler
                0x080078a0                RTC_WKUP_IRQHandler
                0x080078a0                SPI2_IRQHandler
                0x080078a0                DMA1_Stream0_IRQHandler
                0x080078a0                EXTI4_IRQHandler
                0x080078a0                WWDG_IRQHandler
                0x080078a0                TIM2_IRQHandler
                0x080078a0                OTG_FS_WKUP_IRQHandler
                0x080078a0                EXTI1_IRQHandler
                0x080078a0                I2C2_ER_IRQHandler
                0x080078a0                FLASH_IRQHandler
                0x080078a0                DMA2_Stream4_IRQHandler
                0x080078a0                OTG_FS_IRQHandler
                0x080078a0                SPI3_IRQHandler
                0x080078a0                DMA1_Stream4_IRQHandler
                0x080078a0                I2C1_ER_IRQHandler
                0x080078a0                DMA1_Stream3_IRQHandler
 .text.ring_push
                0x080078a2       0x5e CMakeFiles/Source.dir/home/nguyentiem/Embedded/Freelance/GOM_Router/App/gom/gom_firmware.c.obj
 .text.ring_pop
                0x08007900       0x5a CMakeFiles/Source.dir/home/nguyentiem/Embedded/Freelance/GOM_Router/App/gom/gom_firmware.c.obj
 .text.ring_clear
                0x0800795a       0x2a CMakeFiles/Source.dir/home/nguyentiem/Embedded/Freelance/GOM_Router/App/gom/gom_firmware.c.obj
 .text.elapsed  0x08007984       0x22 CMakeFiles/Source.dir/home/nguyentiem/Embedded/Freelance/GOM_Router/App/gom/gom_firmware.c.obj
 *fill*         0x080079a6        0x2 
 .text.take_line
                0x080079a8       0xb8 CMakeFiles/Source.dir/home/nguyentiem/Embedded/Freelance/GOM_Router/App/gom/gom_firmware.c.obj
 .text.start_pc_tx
                0x08007a60       0xb0 CMakeFiles/Source.dir/home/nguyentiem/Embedded/Freelance/GOM_Router/App/gom/gom_firmware.c.obj
 .text.gom_firmware_pc_write
                0x08007b10       0x58 CMakeFiles/Source.dir/home/nguyentiem/Embedded/Freelance/GOM_Router/App/gom/gom_firmware.c.obj
                0x08007b10                gom_firmware_pc_write
 .text.gom_send
                0x08007b68       0x60 CMakeFiles/Source.dir/home/nguyentiem/Embedded/Freelance/GOM_Router/App/gom/gom_firmware.c.obj
 .text.safe_open
                0x08007bc8       0x28 CMakeFiles/Source.dir/home/nguyentiem/Embedded/Freelance/GOM_Router/App/gom/gom_firmware.c.obj
 .text.complete
                0x08007bf0       0x30 CMakeFiles/Source.dir/home/nguyentiem/Embedded/Freelance/GOM_Router/App/gom/gom_firmware.c.obj
 .text.copy_text
                0x08007c20       0x3e CMakeFiles/Source.dir/home/nguyentiem/Embedded/Freelance/GOM_Router/App/gom/gom_firmware.c.obj
 .text.append_text
                0x08007c5e       0x5c CMakeFiles/Source.dir/home/nguyentiem/Embedded/Freelance/GOM_Router/App/gom/gom_firmware.c.obj
 *fill*         0x08007cba        0x2 
 .text.encode_operation
                0x08007cbc      0x270 CMakeFiles/Source.dir/home/nguyentiem/Embedded/Freelance/GOM_Router/App/gom/gom_firmware.c.obj
 .text.begin_safe_recovery
                0x08007f2c       0x38 CMakeFiles/Source.dir/home/nguyentiem/Embedded/Freelance/GOM_Router/App/gom/gom_firmware.c.obj
 .text.boot_finish_channel
                0x08007f64       0x84 CMakeFiles/Source.dir/home/nguyentiem/Embedded/Freelance/GOM_Router/App/gom/gom_firmware.c.obj
 .text.gom_firmware_init
                0x08007fe8       0xcc CMakeFiles/Source.dir/home/nguyentiem/Embedded/Freelance/GOM_Router/App/gom/gom_firmware.c.obj
                0x08007fe8                gom_firmware_init
 .text.gom_firmware_ready
                0x080080b4       0x38 CMakeFiles/Source.dir/home/nguyentiem/Embedded/Freelance/GOM_Router/App/gom/gom_firmware.c.obj
                0x080080b4                gom_firmware_ready
 .text.gom_firmware_select_channel
                0x080080ec       0x6c CMakeFiles/Source.dir/home/nguyentiem/Embedded/Freelance/GOM_Router/App/gom/gom_firmware.c.obj
                0x080080ec                gom_firmware_select_channel
 .text.gom_firmware_open_all
                0x08008158       0x28 CMakeFiles/Source.dir/home/nguyentiem/Embedded/Freelance/GOM_Router/App/gom/gom_firmware.c.obj
                0x08008158                gom_firmware_open_all
 .text.gom_firmware_selected_channel
                0x08008180       0x18 CMakeFiles/Source.dir/home/nguyentiem/Embedded/Freelance/GOM_Router/App/gom/gom_firmware.c.obj
                0x08008180                gom_firmware_selected_channel
 .text.gom_firmware_set_timeout
                0x08008198       0x34 CMakeFiles/Source.dir/home/nguyentiem/Embedded/Freelance/GOM_Router/App/gom/gom_firmware.c.obj
                0x08008198                gom_firmware_set_timeout
 .text.gom_firmware_timeout
                0x080081cc       0x18 CMakeFiles/Source.dir/home/nguyentiem/Embedded/Freelance/GOM_Router/App/gom/gom_firmware.c.obj
                0x080081cc                gom_firmware_timeout
 .text.gom_firmware_submit
                0x080081e4       0xa4 CMakeFiles/Source.dir/home/nguyentiem/Embedded/Freelance/GOM_Router/App/gom/gom_firmware.c.obj
                0x080081e4                gom_firmware_submit
 .text.gom_firmware_take_pc_line
                0x08008288       0x44 CMakeFiles/Source.dir/home/nguyentiem/Embedded/Freelance/GOM_Router/App/gom/gom_firmware.c.obj
                0x08008288                gom_firmware_take_pc_line
 .text.gom_firmware_step
                0x080082cc      0x480 CMakeFiles/Source.dir/home/nguyentiem/Embedded/Freelance/GOM_Router/App/gom/gom_firmware.c.obj
                0x080082cc                gom_firmware_step
 .text.HAL_UART_RxCpltCallback
                0x0800874c       0x68 CMakeFiles/Source.dir/home/nguyentiem/Embedded/Freelance/GOM_Router/App/gom/gom_firmware.c.obj
                0x0800874c                HAL_UART_RxCpltCallback
 .text.HAL_UART_TxCpltCallback
                0x080087b4       0x68 CMakeFiles/Source.dir/home/nguyentiem/Embedded/Freelance/GOM_Router/App/gom/gom_firmware.c.obj
                0x080087b4                HAL_UART_TxCpltCallback
 .text.HAL_UART_ErrorCallback
                0x0800881c       0x50 CMakeFiles/Source.dir/home/nguyentiem/Embedded/Freelance/GOM_Router/App/gom/gom_firmware.c.obj
                0x0800881c                HAL_UART_ErrorCallback
 .text.router_application_init
                0x0800886c       0x18 CMakeFiles/Source.dir/home/nguyentiem/Embedded/Freelance/GOM_Router/App/app/router_application.c.obj
                0x0800886c                router_application_init
 .text.router_application_create_task
                0x08008884       0x50 CMakeFiles/Source.dir/home/nguyentiem/Embedded/Freelance/GOM_Router/App/app/router_application.c.obj
                0x08008884                router_application_create_task
 .text.router_application_task
                0x080088d4       0x50 CMakeFiles/Source.dir/home/nguyentiem/Embedded/Freelance/GOM_Router/App/app/router_application.c.obj
                0x080088d4                router_application_task
 *fill*         0x08008924        0x4 
 .text.parse_response_number
                0x08008928      0x250 CMakeFiles/Source.dir/home/nguyentiem/Embedded/Freelance/GOM_Router/App/scpi/router_scpi.c.obj
 .text.scpi_write
                0x08008b78       0x28 CMakeFiles/Source.dir/home/nguyentiem/Embedded/Freelance/GOM_Router/App/scpi/router_scpi.c.obj
 .text.scpi_flush
                0x08008ba0       0x16 CMakeFiles/Source.dir/home/nguyentiem/Embedded/Freelance/GOM_Router/App/scpi/router_scpi.c.obj
 .text.scpi_error
                0x08008bb6       0x18 CMakeFiles/Source.dir/home/nguyentiem/Embedded/Freelance/GOM_Router/App/scpi/router_scpi.c.obj
 .text.scpi_control
                0x08008bce       0x1e CMakeFiles/Source.dir/home/nguyentiem/Embedded/Freelance/GOM_Router/App/scpi/router_scpi.c.obj
 .text.scpi_reset
                0x08008bec       0x16 CMakeFiles/Source.dir/home/nguyentiem/Embedded/Freelance/GOM_Router/App/scpi/router_scpi.c.obj
 *fill*         0x08008c02        0x2 
 .text.reject_busy
                0x08008c04       0x40 CMakeFiles/Source.dir/home/nguyentiem/Embedded/Freelance/GOM_Router/App/scpi/router_scpi.c.obj
 .text.submit   0x08008c44       0x54 CMakeFiles/Source.dir/home/nguyentiem/Embedded/Freelance/GOM_Router/App/scpi/router_scpi.c.obj
 .text.cmd_router_idn
                0x08008c98       0x20 CMakeFiles/Source.dir/home/nguyentiem/Embedded/Freelance/GOM_Router/App/scpi/router_scpi.c.obj
 .text.cmd_router_test
                0x08008cb8       0x26 CMakeFiles/Source.dir/home/nguyentiem/Embedded/Freelance/GOM_Router/App/scpi/router_scpi.c.obj
 .text.cmd_route_channel
                0x08008cde       0x70 CMakeFiles/Source.dir/home/nguyentiem/Embedded/Freelance/GOM_Router/App/scpi/router_scpi.c.obj
 .text.cmd_route_channel_q
                0x08008d4e       0x20 CMakeFiles/Source.dir/home/nguyentiem/Embedded/Freelance/GOM_Router/App/scpi/router_scpi.c.obj
 .text.cmd_route_open_all
                0x08008d6e       0x16 CMakeFiles/Source.dir/home/nguyentiem/Embedded/Freelance/GOM_Router/App/scpi/router_scpi.c.obj
 .text.cmd_timeout
                0x08008d84       0x50 CMakeFiles/Source.dir/home/nguyentiem/Embedded/Freelance/GOM_Router/App/scpi/router_scpi.c.obj
 .text.cmd_timeout_q
                0x08008dd4       0x22 CMakeFiles/Source.dir/home/nguyentiem/Embedded/Freelance/GOM_Router/App/scpi/router_scpi.c.obj
 .text.cmd_idn  0x08008df6       0x30 CMakeFiles/Source.dir/home/nguyentiem/Embedded/Freelance/GOM_Router/App/scpi/router_scpi.c.obj
 .text.cmd_device_error
                0x08008e26       0x34 CMakeFiles/Source.dir/home/nguyentiem/Embedded/Freelance/GOM_Router/App/scpi/router_scpi.c.obj
 .text.cmd_read
                0x08008e5a       0x34 CMakeFiles/Source.dir/home/nguyentiem/Embedded/Freelance/GOM_Router/App/scpi/router_scpi.c.obj
 *fill*         0x08008e8e        0x2 
 .text.cmd_function
                0x08008e90       0xa0 CMakeFiles/Source.dir/home/nguyentiem/Embedded/Freelance/GOM_Router/App/scpi/router_scpi.c.obj
 .text.cmd_function_q
                0x08008f30       0x34 CMakeFiles/Source.dir/home/nguyentiem/Embedded/Freelance/GOM_Router/App/scpi/router_scpi.c.obj
 .text.cmd_auto
                0x08008f64       0x78 CMakeFiles/Source.dir/home/nguyentiem/Embedded/Freelance/GOM_Router/App/scpi/router_scpi.c.obj
 .text.cmd_auto_q
                0x08008fdc       0x34 CMakeFiles/Source.dir/home/nguyentiem/Embedded/Freelance/GOM_Router/App/scpi/router_scpi.c.obj
 .text.cmd_range
                0x08009010       0xcc CMakeFiles/Source.dir/home/nguyentiem/Embedded/Freelance/GOM_Router/App/scpi/router_scpi.c.obj
 .text.cmd_range_q
                0x080090dc       0x34 CMakeFiles/Source.dir/home/nguyentiem/Embedded/Freelance/GOM_Router/App/scpi/router_scpi.c.obj
 .text.cmd_speed
                0x08009110       0x8c CMakeFiles/Source.dir/home/nguyentiem/Embedded/Freelance/GOM_Router/App/scpi/router_scpi.c.obj
 .text.cmd_speed_q
                0x0800919c       0x34 CMakeFiles/Source.dir/home/nguyentiem/Embedded/Freelance/GOM_Router/App/scpi/router_scpi.c.obj
 .text.cmd_relative_state
                0x080091d0       0x78 CMakeFiles/Source.dir/home/nguyentiem/Embedded/Freelance/GOM_Router/App/scpi/router_scpi.c.obj
 .text.cmd_relative_data
                0x08009248       0x88 CMakeFiles/Source.dir/home/nguyentiem/Embedded/Freelance/GOM_Router/App/scpi/router_scpi.c.obj
 .text.router_scpi_init
                0x080092d0       0x70 CMakeFiles/Source.dir/home/nguyentiem/Embedded/Freelance/GOM_Router/App/scpi/router_scpi.c.obj
                0x080092d0                router_scpi_init
 .text.router_scpi_input
                0x08009340       0x74 CMakeFiles/Source.dir/home/nguyentiem/Embedded/Freelance/GOM_Router/App/scpi/router_scpi.c.obj
                0x08009340                router_scpi_input
 *fill*         0x080093b4        0x4 
 .text.router_scpi_gom_complete
                0x080093b8      0x10c CMakeFiles/Source.dir/home/nguyentiem/Embedded/Freelance/GOM_Router/App/scpi/router_scpi.c.obj
                0x080093b8                router_scpi_gom_complete
 .text.route_mask
                0x080094c4       0x24 CMakeFiles/Source.dir/home/nguyentiem/Embedded/Freelance/GOM_Router/App/relay/relay_matrix.c.obj
 .text.relay_matrix_init
                0x080094e8       0x72 CMakeFiles/Source.dir/home/nguyentiem/Embedded/Freelance/GOM_Router/App/relay/relay_matrix.c.obj
                0x080094e8                relay_matrix_init
 .text.relay_matrix_emergency_off
                0x0800955a       0x70 CMakeFiles/Source.dir/home/nguyentiem/Embedded/Freelance/GOM_Router/App/relay/relay_matrix.c.obj
                0x0800955a                relay_matrix_emergency_off
 .text.relay_matrix_request
                0x080095ca       0x68 CMakeFiles/Source.dir/home/nguyentiem/Embedded/Freelance/GOM_Router/App/relay/relay_matrix.c.obj
                0x080095ca                relay_matrix_request
 .text.relay_matrix_step
                0x08009632      0x16e CMakeFiles/Source.dir/home/nguyentiem/Embedded/Freelance/GOM_Router/App/relay/relay_matrix.c.obj
                0x08009632                relay_matrix_step
 .text.relay_matrix_ready
                0x080097a0       0x36 CMakeFiles/Source.dir/home/nguyentiem/Embedded/Freelance/GOM_Router/App/relay/relay_matrix.c.obj
                0x080097a0                relay_matrix_ready
 .text.board_route_request_image
                0x080097d6       0x1e CMakeFiles/Source.dir/home/nguyentiem/Embedded/Freelance/GOM_Router/App/board/board_io.c.obj
                0x080097d6                board_route_request_image
 .text.board_route_busy
                0x080097f4       0x16 CMakeFiles/Source.dir/home/nguyentiem/Embedded/Freelance/GOM_Router/App/board/board_io.c.obj
                0x080097f4                board_route_busy
 .text.board_route_failed
                0x0800980a       0x16 CMakeFiles/Source.dir/home/nguyentiem/Embedded/Freelance/GOM_Router/App/board/board_io.c.obj
                0x0800980a                board_route_failed
 .text.board_shift_register_init
                0x08009820       0x38 CMakeFiles/Source.dir/home/nguyentiem/Embedded/Freelance/GOM_Router/App/board/board_shift_register.c.obj
                0x08009820                board_shift_register_init
 .text.board_shift_register_request
                0x08009858       0x4c CMakeFiles/Source.dir/home/nguyentiem/Embedded/Freelance/GOM_Router/App/board/board_shift_register.c.obj
                0x08009858                board_shift_register_request
 .text.board_shift_register_step
                0x080098a4       0xa0 CMakeFiles/Source.dir/home/nguyentiem/Embedded/Freelance/GOM_Router/App/board/board_shift_register.c.obj
                0x080098a4                board_shift_register_step
 .text.board_shift_register_busy
                0x08009944       0x18 CMakeFiles/Source.dir/home/nguyentiem/Embedded/Freelance/GOM_Router/App/board/board_shift_register.c.obj
                0x08009944                board_shift_register_busy
 .text.board_shift_register_failed
                0x0800995c       0x18 CMakeFiles/Source.dir/home/nguyentiem/Embedded/Freelance/GOM_Router/App/board/board_shift_register.c.obj
                0x0800995c                board_shift_register_failed
 .text.log_init
                0x08009974        0xc CMakeFiles/Source.dir/home/nguyentiem/Embedded/Freelance/GOM_Router/App/log/log.c.obj
                0x08009974                log_init
 .text.log_println
                0x08009980       0x24 CMakeFiles/Source.dir/home/nguyentiem/Embedded/Freelance/GOM_Router/App/log/log.c.obj
                0x08009980                log_println
 .text._DoInit  0x080099a4       0xb4 CMakeFiles/Source.dir/home/nguyentiem/Embedded/Freelance/GOM_Router/App/log/SEGGER_RTT.c.obj
 .text._WriteBlocking
                0x08009a58       0xba CMakeFiles/Source.dir/home/nguyentiem/Embedded/Freelance/GOM_Router/App/log/SEGGER_RTT.c.obj
 .text._WriteNoCheck
                0x08009b12       0x90 CMakeFiles/Source.dir/home/nguyentiem/Embedded/Freelance/GOM_Router/App/log/SEGGER_RTT.c.obj
 .text._GetAvailWriteSpace
                0x08009ba2       0x46 CMakeFiles/Source.dir/home/nguyentiem/Embedded/Freelance/GOM_Router/App/log/SEGGER_RTT.c.obj
 .text.SEGGER_RTT_WriteNoLock
                0x08009be8       0xa0 CMakeFiles/Source.dir/home/nguyentiem/Embedded/Freelance/GOM_Router/App/log/SEGGER_RTT.c.obj
                0x08009be8                SEGGER_RTT_WriteNoLock
 .text.SEGGER_RTT_Write
                0x08009c88       0x4c CMakeFiles/Source.dir/home/nguyentiem/Embedded/Freelance/GOM_Router/App/log/SEGGER_RTT.c.obj
                0x08009c88                SEGGER_RTT_Write
 .text.SEGGER_RTT_WriteString
                0x08009cd4       0x26 CMakeFiles/Source.dir/home/nguyentiem/Embedded/Freelance/GOM_Router/App/log/SEGGER_RTT.c.obj
                0x08009cd4                SEGGER_RTT_WriteString
 .text.SEGGER_RTT_Init
                0x08009cfa        0xc CMakeFiles/Source.dir/home/nguyentiem/Embedded/Freelance/GOM_Router/App/log/SEGGER_RTT.c.obj
                0x08009cfa                SEGGER_RTT_Init
 .text.SCPI_ErrorInit
                0x08009d06       0x26 CMakeFiles/Source.dir/home/nguyentiem/Embedded/Freelance/GOM_Router/App/thirdparty/scpi-parser/libscpi/src/error.c.obj
                0x08009d06                SCPI_ErrorInit
 .text.SCPI_ErrorEmitEmpty
                0x08009d2c       0x56 CMakeFiles/Source.dir/home/nguyentiem/Embedded/Freelance/GOM_Router/App/thirdparty/scpi-parser/libscpi/src/error.c.obj
 .text.SCPI_ErrorEmit
                0x08009d82       0x40 CMakeFiles/Source.dir/home/nguyentiem/Embedded/Freelance/GOM_Router/App/thirdparty/scpi-parser/libscpi/src/error.c.obj
 .text.SCPI_ErrorClear
                0x08009dc2       0x46 CMakeFiles/Source.dir/home/nguyentiem/Embedded/Freelance/GOM_Router/App/thirdparty/scpi-parser/libscpi/src/error.c.obj
                0x08009dc2                SCPI_ErrorClear
 .text.SCPI_ErrorPop
                0x08009e08       0x42 CMakeFiles/Source.dir/home/nguyentiem/Embedded/Freelance/GOM_Router/App/thirdparty/scpi-parser/libscpi/src/error.c.obj
                0x08009e08                SCPI_ErrorPop
 .text.SCPI_ErrorCount
                0x08009e4a       0x28 CMakeFiles/Source.dir/home/nguyentiem/Embedded/Freelance/GOM_Router/App/thirdparty/scpi-parser/libscpi/src/error.c.obj
                0x08009e4a                SCPI_ErrorCount
 .text.SCPI_ErrorAddInternal
                0x08009e72       0xa2 CMakeFiles/Source.dir/home/nguyentiem/Embedded/Freelance/GOM_Router/App/thirdparty/scpi-parser/libscpi/src/error.c.obj
 .text.SCPI_ErrorPushEx
                0x08009f14       0xec CMakeFiles/Source.dir/home/nguyentiem/Embedded/Freelance/GOM_Router/App/thirdparty/scpi-parser/libscpi/src/error.c.obj
                0x08009f14                SCPI_ErrorPushEx
 .text.SCPI_ErrorPush
                0x0800a000       0x22 CMakeFiles/Source.dir/home/nguyentiem/Embedded/Freelance/GOM_Router/App/thirdparty/scpi-parser/libscpi/src/error.c.obj
                0x0800a000                SCPI_ErrorPush
 *fill*         0x0800a022        0x2 
 .text.SCPI_ErrorTranslate
                0x0800a024     0x106c CMakeFiles/Source.dir/home/nguyentiem/Embedded/Freelance/GOM_Router/App/thirdparty/scpi-parser/libscpi/src/error.c.obj
                0x0800a024                SCPI_ErrorTranslate
 .text.fifo_init
                0x0800b090       0x38 CMakeFiles/Source.dir/home/nguyentiem/Embedded/Freelance/GOM_Router/App/thirdparty/scpi-parser/libscpi/src/fifo.c.obj
                0x0800b090                fifo_init
 .text.fifo_clear
                0x0800b0c8       0x26 CMakeFiles/Source.dir/home/nguyentiem/Embedded/Freelance/GOM_Router/App/thirdparty/scpi-parser/libscpi/src/fifo.c.obj
                0x0800b0c8                fifo_clear
 .text.fifo_is_empty
                0x0800b0ee       0x24 CMakeFiles/Source.dir/home/nguyentiem/Embedded/Freelance/GOM_Router/App/thirdparty/scpi-parser/libscpi/src/fifo.c.obj
                0x0800b0ee                fifo_is_empty
 .text.fifo_is_full
                0x0800b112       0x2a CMakeFiles/Source.dir/home/nguyentiem/Embedded/Freelance/GOM_Router/App/thirdparty/scpi-parser/libscpi/src/fifo.c.obj
                0x0800b112                fifo_is_full
 .text.fifo_add
                0x0800b13c       0x76 CMakeFiles/Source.dir/home/nguyentiem/Embedded/Freelance/GOM_Router/App/thirdparty/scpi-parser/libscpi/src/fifo.c.obj
                0x0800b13c                fifo_add
 .text.fifo_remove
                0x0800b1b2       0x72 CMakeFiles/Source.dir/home/nguyentiem/Embedded/Freelance/GOM_Router/App/thirdparty/scpi-parser/libscpi/src/fifo.c.obj
                0x0800b1b2                fifo_remove
 .text.fifo_remove_last
                0x0800b224       0x7c CMakeFiles/Source.dir/home/nguyentiem/Embedded/Freelance/GOM_Router/App/thirdparty/scpi-parser/libscpi/src/fifo.c.obj
                0x0800b224                fifo_remove_last
 .text.fifo_count
                0x0800b2a0       0x22 CMakeFiles/Source.dir/home/nguyentiem/Embedded/Freelance/GOM_Router/App/thirdparty/scpi-parser/libscpi/src/fifo.c.obj
                0x0800b2a0                fifo_count
 .text.SCPI_RegGet
                0x0800b2c2       0x32 CMakeFiles/Source.dir/home/nguyentiem/Embedded/Freelance/GOM_Router/App/thirdparty/scpi-parser/libscpi/src/ieee488.c.obj
                0x0800b2c2                SCPI_RegGet
 .text.writeControl
                0x0800b2f4       0x44 CMakeFiles/Source.dir/home/nguyentiem/Embedded/Freelance/GOM_Router/App/thirdparty/scpi-parser/libscpi/src/ieee488.c.obj
 .text.SCPI_RegSet
                0x0800b338      0x23c CMakeFiles/Source.dir/home/nguyentiem/Embedded/Freelance/GOM_Router/App/thirdparty/scpi-parser/libscpi/src/ieee488.c.obj
                0x0800b338                SCPI_RegSet
 .text.SCPI_RegSetBits
                0x0800b574       0x36 CMakeFiles/Source.dir/home/nguyentiem/Embedded/Freelance/GOM_Router/App/thirdparty/scpi-parser/libscpi/src/ieee488.c.obj
                0x0800b574                SCPI_RegSetBits
 .text.SCPI_RegClearBits
                0x0800b5aa       0x3e CMakeFiles/Source.dir/home/nguyentiem/Embedded/Freelance/GOM_Router/App/thirdparty/scpi-parser/libscpi/src/ieee488.c.obj
                0x0800b5aa                SCPI_RegClearBits
 .text.SCPI_CoreCls
                0x0800b5e8       0x4c CMakeFiles/Source.dir/home/nguyentiem/Embedded/Freelance/GOM_Router/App/thirdparty/scpi-parser/libscpi/src/ieee488.c.obj
                0x0800b5e8                SCPI_CoreCls
 .text.SCPI_CoreEse
                0x0800b634       0x3a CMakeFiles/Source.dir/home/nguyentiem/Embedded/Freelance/GOM_Router/App/thirdparty/scpi-parser/libscpi/src/ieee488.c.obj
                0x0800b634                SCPI_CoreEse
 .text.SCPI_CoreEseQ
                0x0800b66e       0x24 CMakeFiles/Source.dir/home/nguyentiem/Embedded/Freelance/GOM_Router/App/thirdparty/scpi-parser/libscpi/src/ieee488.c.obj
                0x0800b66e                SCPI_CoreEseQ
 .text.SCPI_CoreEsrQ
                0x0800b692       0x2e CMakeFiles/Source.dir/home/nguyentiem/Embedded/Freelance/GOM_Router/App/thirdparty/scpi-parser/libscpi/src/ieee488.c.obj
                0x0800b692                SCPI_CoreEsrQ
 .text.SCPI_CoreOpc
                0x0800b6c0       0x1c CMakeFiles/Source.dir/home/nguyentiem/Embedded/Freelance/GOM_Router/App/thirdparty/scpi-parser/libscpi/src/ieee488.c.obj
                0x0800b6c0                SCPI_CoreOpc
 .text.SCPI_CoreOpcQ
                0x0800b6dc       0x1a CMakeFiles/Source.dir/home/nguyentiem/Embedded/Freelance/GOM_Router/App/thirdparty/scpi-parser/libscpi/src/ieee488.c.obj
                0x0800b6dc                SCPI_CoreOpcQ
 .text.SCPI_CoreRst
                0x0800b6f6       0x38 CMakeFiles/Source.dir/home/nguyentiem/Embedded/Freelance/GOM_Router/App/thirdparty/scpi-parser/libscpi/src/ieee488.c.obj
                0x0800b6f6                SCPI_CoreRst
 .text.SCPI_CoreSre
                0x0800b72e       0x3a CMakeFiles/Source.dir/home/nguyentiem/Embedded/Freelance/GOM_Router/App/thirdparty/scpi-parser/libscpi/src/ieee488.c.obj
                0x0800b72e                SCPI_CoreSre
 .text.SCPI_CoreSreQ
                0x0800b768       0x24 CMakeFiles/Source.dir/home/nguyentiem/Embedded/Freelance/GOM_Router/App/thirdparty/scpi-parser/libscpi/src/ieee488.c.obj
                0x0800b768                SCPI_CoreSreQ
 .text.SCPI_CoreStbQ
                0x0800b78c       0x24 CMakeFiles/Source.dir/home/nguyentiem/Embedded/Freelance/GOM_Router/App/thirdparty/scpi-parser/libscpi/src/ieee488.c.obj
                0x0800b78c                SCPI_CoreStbQ
 .text.SCPI_SystemErrorNextQ
                0x0800b7b0       0x38 CMakeFiles/Source.dir/home/nguyentiem/Embedded/Freelance/GOM_Router/App/thirdparty/scpi-parser/libscpi/src/minimal.c.obj
                0x0800b7b0                SCPI_SystemErrorNextQ
 .text.writeData
                0x0800b7e8       0x34 CMakeFiles/Source.dir/home/nguyentiem/Embedded/Freelance/GOM_Router/App/thirdparty/scpi-parser/libscpi/src/parser.c.obj
 .text.flushData
                0x0800b81c       0x38 CMakeFiles/Source.dir/home/nguyentiem/Embedded/Freelance/GOM_Router/App/thirdparty/scpi-parser/libscpi/src/parser.c.obj
 .text.writeDelimiter
                0x0800b854       0x2c CMakeFiles/Source.dir/home/nguyentiem/Embedded/Freelance/GOM_Router/App/thirdparty/scpi-parser/libscpi/src/parser.c.obj
 .text.writeNewLine
                0x0800b880       0x3c CMakeFiles/Source.dir/home/nguyentiem/Embedded/Freelance/GOM_Router/App/thirdparty/scpi-parser/libscpi/src/parser.c.obj
 .text.writeSemicolon
                0x0800b8bc       0x2c CMakeFiles/Source.dir/home/nguyentiem/Embedded/Freelance/GOM_Router/App/thirdparty/scpi-parser/libscpi/src/parser.c.obj
 .text.processCommand
                0x0800b8e8      0x108 CMakeFiles/Source.dir/home/nguyentiem/Embedded/Freelance/GOM_Router/App/thirdparty/scpi-parser/libscpi/src/parser.c.obj
 .text.findCommandHeader
                0x0800b9f0       0x70 CMakeFiles/Source.dir/home/nguyentiem/Embedded/Freelance/GOM_Router/App/thirdparty/scpi-parser/libscpi/src/parser.c.obj
 .text.SCPI_Parse
                0x0800ba60      0x158 CMakeFiles/Source.dir/home/nguyentiem/Embedded/Freelance/GOM_Router/App/thirdparty/scpi-parser/libscpi/src/parser.c.obj
                0x0800ba60                SCPI_Parse
 .text.SCPI_Init
                0x0800bbb8       0x72 CMakeFiles/Source.dir/home/nguyentiem/Embedded/Freelance/GOM_Router/App/thirdparty/scpi-parser/libscpi/src/parser.c.obj
                0x0800bbb8                SCPI_Init
 .text.SCPI_InitHeap
                0x0800bc2a       0x22 CMakeFiles/Source.dir/home/nguyentiem/Embedded/Freelance/GOM_Router/App/thirdparty/scpi-parser/libscpi/src/parser.c.obj
                0x0800bc2a                SCPI_InitHeap
 .text.SCPI_Input
                0x0800bc4c      0x14a CMakeFiles/Source.dir/home/nguyentiem/Embedded/Freelance/GOM_Router/App/thirdparty/scpi-parser/libscpi/src/parser.c.obj
                0x0800bc4c                SCPI_Input
 .text.SCPI_ResultCharacters
                0x0800bd96       0x44 CMakeFiles/Source.dir/home/nguyentiem/Embedded/Freelance/GOM_Router/App/thirdparty/scpi-parser/libscpi/src/parser.c.obj
                0x0800bd96                SCPI_ResultCharacters
 *fill*         0x0800bdda        0x2 
 .text.getBasePrefix
                0x0800bddc       0x48 CMakeFiles/Source.dir/home/nguyentiem/Embedded/Freelance/GOM_Router/App/thirdparty/scpi-parser/libscpi/src/parser.c.obj
 .text.resultUInt32BaseSign
                0x0800be24       0x8e CMakeFiles/Source.dir/home/nguyentiem/Embedded/Freelance/GOM_Router/App/thirdparty/scpi-parser/libscpi/src/parser.c.obj
 .text.SCPI_ResultInt32
                0x0800beb2       0x20 CMakeFiles/Source.dir/home/nguyentiem/Embedded/Freelance/GOM_Router/App/thirdparty/scpi-parser/libscpi/src/parser.c.obj
                0x0800beb2                SCPI_ResultInt32
 .text.SCPI_ResultUInt32Base
                0x0800bed2       0x26 CMakeFiles/Source.dir/home/nguyentiem/Embedded/Freelance/GOM_Router/App/thirdparty/scpi-parser/libscpi/src/parser.c.obj
                0x0800bed2                SCPI_ResultUInt32Base
 .text.SCPI_ResultDouble
                0x0800bef8       0x5a CMakeFiles/Source.dir/home/nguyentiem/Embedded/Freelance/GOM_Router/App/thirdparty/scpi-parser/libscpi/src/parser.c.obj
                0x0800bef8                SCPI_ResultDouble
 *fill*         0x0800bf52        0x2 
 .text.SCPI_ResultError
                0x0800bf54      0x240 CMakeFiles/Source.dir/home/nguyentiem/Embedded/Freelance/GOM_Router/App/thirdparty/scpi-parser/libscpi/src/parser.c.obj
                0x0800bf54                SCPI_ResultError
 .text.invalidateToken
                0x0800c194       0x28 CMakeFiles/Source.dir/home/nguyentiem/Embedded/Freelance/GOM_Router/App/thirdparty/scpi-parser/libscpi/src/parser.c.obj
 .text.SCPI_Parameter
                0x0800c1bc       0xd8 CMakeFiles/Source.dir/home/nguyentiem/Embedded/Freelance/GOM_Router/App/thirdparty/scpi-parser/libscpi/src/parser.c.obj
                0x0800c1bc                SCPI_Parameter
 .text.SCPI_ParamIsNumber
                0x0800c294       0x3c CMakeFiles/Source.dir/home/nguyentiem/Embedded/Freelance/GOM_Router/App/thirdparty/scpi-parser/libscpi/src/parser.c.obj
                0x0800c294                SCPI_ParamIsNumber
 .text.ParamSignToUInt32
                0x0800c2d0       0xe8 CMakeFiles/Source.dir/home/nguyentiem/Embedded/Freelance/GOM_Router/App/thirdparty/scpi-parser/libscpi/src/parser.c.obj
 .text.ParamSignToUInt64
                0x0800c3b8       0xe8 CMakeFiles/Source.dir/home/nguyentiem/Embedded/Freelance/GOM_Router/App/thirdparty/scpi-parser/libscpi/src/parser.c.obj
 .text.SCPI_ParamToUInt64
                0x0800c4a0       0x22 CMakeFiles/Source.dir/home/nguyentiem/Embedded/Freelance/GOM_Router/App/thirdparty/scpi-parser/libscpi/src/parser.c.obj
                0x0800c4a0                SCPI_ParamToUInt64
 *fill*         0x0800c4c2        0x2 
 .text.SCPI_ParamToDouble
                0x0800c4c4       0x8c CMakeFiles/Source.dir/home/nguyentiem/Embedded/Freelance/GOM_Router/App/thirdparty/scpi-parser/libscpi/src/parser.c.obj
                0x0800c4c4                SCPI_ParamToDouble
 .text.SCPI_ParamDouble
                0x0800c550       0x98 CMakeFiles/Source.dir/home/nguyentiem/Embedded/Freelance/GOM_Router/App/thirdparty/scpi-parser/libscpi/src/parser.c.obj
                0x0800c550                SCPI_ParamDouble
 .text.ParamSignUInt32
                0x0800c5e8       0xa4 CMakeFiles/Source.dir/home/nguyentiem/Embedded/Freelance/GOM_Router/App/thirdparty/scpi-parser/libscpi/src/parser.c.obj
 .text.SCPI_ParamInt32
                0x0800c68c       0x24 CMakeFiles/Source.dir/home/nguyentiem/Embedded/Freelance/GOM_Router/App/thirdparty/scpi-parser/libscpi/src/parser.c.obj
                0x0800c68c                SCPI_ParamInt32
 .text.SCPI_ParamToChoice
                0x0800c6b0       0xc8 CMakeFiles/Source.dir/home/nguyentiem/Embedded/Freelance/GOM_Router/App/thirdparty/scpi-parser/libscpi/src/parser.c.obj
                0x0800c6b0                SCPI_ParamToChoice
 .text.SCPI_ParamChoice
                0x0800c778       0x60 CMakeFiles/Source.dir/home/nguyentiem/Embedded/Freelance/GOM_Router/App/thirdparty/scpi-parser/libscpi/src/parser.c.obj
                0x0800c778                SCPI_ParamChoice
 .text.scpiParser_parseProgramData
                0x0800c7d8       0xec CMakeFiles/Source.dir/home/nguyentiem/Embedded/Freelance/GOM_Router/App/thirdparty/scpi-parser/libscpi/src/parser.c.obj
                0x0800c7d8                scpiParser_parseProgramData
 .text.scpiParser_parseAllProgramData
                0x0800c8c4       0xa0 CMakeFiles/Source.dir/home/nguyentiem/Embedded/Freelance/GOM_Router/App/thirdparty/scpi-parser/libscpi/src/parser.c.obj
                0x0800c8c4                scpiParser_parseAllProgramData
 .text.scpiParser_detectProgramMessageUnit
                0x0800c964      0x134 CMakeFiles/Source.dir/home/nguyentiem/Embedded/Freelance/GOM_Router/App/thirdparty/scpi-parser/libscpi/src/parser.c.obj
                0x0800c964                scpiParser_detectProgramMessageUnit
 .text.scpi_decimal_to_double
                0x0800ca98      0x250 CMakeFiles/Source.dir/home/nguyentiem/Embedded/Freelance/GOM_Router/App/thirdparty/scpi-parser/libscpi/src/utils.c.obj
 .text.strnpbrk
                0x0800cce8       0x60 CMakeFiles/Source.dir/home/nguyentiem/Embedded/Freelance/GOM_Router/App/thirdparty/scpi-parser/libscpi/src/utils.c.obj
                0x0800cce8                strnpbrk
 .text.UInt32ToStrBaseSign
                0x0800cd48      0x140 CMakeFiles/Source.dir/home/nguyentiem/Embedded/Freelance/GOM_Router/App/thirdparty/scpi-parser/libscpi/src/utils.c.obj
                0x0800cd48                UInt32ToStrBaseSign
 .text.SCPI_DoubleToStr
                0x0800ce88       0x2e CMakeFiles/Source.dir/home/nguyentiem/Embedded/Freelance/GOM_Router/App/thirdparty/scpi-parser/libscpi/src/utils.c.obj
                0x0800ce88                SCPI_DoubleToStr
 .text.strBaseToInt32
                0x0800ceb6       0x32 CMakeFiles/Source.dir/home/nguyentiem/Embedded/Freelance/GOM_Router/App/thirdparty/scpi-parser/libscpi/src/utils.c.obj
                0x0800ceb6                strBaseToInt32
 .text.strBaseToUInt32
                0x0800cee8       0x32 CMakeFiles/Source.dir/home/nguyentiem/Embedded/Freelance/GOM_Router/App/thirdparty/scpi-parser/libscpi/src/utils.c.obj
                0x0800cee8                strBaseToUInt32
 .text.strBaseToInt64
                0x0800cf1a       0x36 CMakeFiles/Source.dir/home/nguyentiem/Embedded/Freelance/GOM_Router/App/thirdparty/scpi-parser/libscpi/src/utils.c.obj
                0x0800cf1a                strBaseToInt64
 .text.strBaseToUInt64
                0x0800cf50       0x36 CMakeFiles/Source.dir/home/nguyentiem/Embedded/Freelance/GOM_Router/App/thirdparty/scpi-parser/libscpi/src/utils.c.obj
                0x0800cf50                strBaseToUInt64
 .text.strToDouble
                0x0800cf86       0x32 CMakeFiles/Source.dir/home/nguyentiem/Embedded/Freelance/GOM_Router/App/thirdparty/scpi-parser/libscpi/src/utils.c.obj
                0x0800cf86                strToDouble
 .text.compareStr
                0x0800cfb8       0x38 CMakeFiles/Source.dir/home/nguyentiem/Embedded/Freelance/GOM_Router/App/thirdparty/scpi-parser/libscpi/src/utils.c.obj
                0x0800cfb8                compareStr
 .text.compareStrAndNum
                0x0800cff0       0xb0 CMakeFiles/Source.dir/home/nguyentiem/Embedded/Freelance/GOM_Router/App/thirdparty/scpi-parser/libscpi/src/utils.c.obj
                0x0800cff0                compareStrAndNum
 .text.patternSeparatorShortPos
                0x0800d0a0       0x58 CMakeFiles/Source.dir/home/nguyentiem/Embedded/Freelance/GOM_Router/App/thirdparty/scpi-parser/libscpi/src/utils.c.obj
 .text.patternSeparatorPos
                0x0800d0f8       0x34 CMakeFiles/Source.dir/home/nguyentiem/Embedded/Freelance/GOM_Router/App/thirdparty/scpi-parser/libscpi/src/utils.c.obj
 .text.cmdSeparatorPos
                0x0800d12c       0x38 CMakeFiles/Source.dir/home/nguyentiem/Embedded/Freelance/GOM_Router/App/thirdparty/scpi-parser/libscpi/src/utils.c.obj
 .text.matchPattern
                0x0800d164       0xb2 CMakeFiles/Source.dir/home/nguyentiem/Embedded/Freelance/GOM_Router/App/thirdparty/scpi-parser/libscpi/src/utils.c.obj
                0x0800d164                matchPattern
 .text.matchCommand
                0x0800d216      0x392 CMakeFiles/Source.dir/home/nguyentiem/Embedded/Freelance/GOM_Router/App/thirdparty/scpi-parser/libscpi/src/utils.c.obj
                0x0800d216                matchCommand
 .text.composeCompoundCommand
                0x0800d5a8       0xc8 CMakeFiles/Source.dir/home/nguyentiem/Embedded/Freelance/GOM_Router/App/thirdparty/scpi-parser/libscpi/src/utils.c.obj
                0x0800d5a8                composeCompoundCommand
 .text.scpiheap_init
                0x0800d670       0x3e CMakeFiles/Source.dir/home/nguyentiem/Embedded/Freelance/GOM_Router/App/thirdparty/scpi-parser/libscpi/src/utils.c.obj
                0x0800d670                scpiheap_init
 .text.scpiheap_strndup
                0x0800d6ae      0x11a CMakeFiles/Source.dir/home/nguyentiem/Embedded/Freelance/GOM_Router/App/thirdparty/scpi-parser/libscpi/src/utils.c.obj
                0x0800d6ae                scpiheap_strndup
 .text.scpiheap_get_parts
                0x0800d7c8       0xb0 CMakeFiles/Source.dir/home/nguyentiem/Embedded/Freelance/GOM_Router/App/thirdparty/scpi-parser/libscpi/src/utils.c.obj
                0x0800d7c8                scpiheap_get_parts
 .text.scpiheap_free
                0x0800d878       0xd2 CMakeFiles/Source.dir/home/nguyentiem/Embedded/Freelance/GOM_Router/App/thirdparty/scpi-parser/libscpi/src/utils.c.obj
                0x0800d878                scpiheap_free
 *fill*         0x0800d94a        0x6 
 .text.scpi_ecvt
                0x0800d950      0x320 CMakeFiles/Source.dir/home/nguyentiem/Embedded/Freelance/GOM_Router/App/thirdparty/scpi-parser/libscpi/src/utils.c.obj
 .text.SCPI_dtostre
                0x0800dc70      0x2c4 CMakeFiles/Source.dir/home/nguyentiem/Embedded/Freelance/GOM_Router/App/thirdparty/scpi-parser/libscpi/src/utils.c.obj
                0x0800dc70                SCPI_dtostre
 .text.isws     0x0800df34       0x26 CMakeFiles/Source.dir/home/nguyentiem/Embedded/Freelance/GOM_Router/App/thirdparty/scpi-parser/libscpi/src/lexer.c.obj
 .text.isbdigit
                0x0800df5a       0x26 CMakeFiles/Source.dir/home/nguyentiem/Embedded/Freelance/GOM_Router/App/thirdparty/scpi-parser/libscpi/src/lexer.c.obj
 .text.isqdigit
                0x0800df80       0x4a CMakeFiles/Source.dir/home/nguyentiem/Embedded/Freelance/GOM_Router/App/thirdparty/scpi-parser/libscpi/src/lexer.c.obj
 .text.iseos    0x0800dfca       0x2c CMakeFiles/Source.dir/home/nguyentiem/Embedded/Freelance/GOM_Router/App/thirdparty/scpi-parser/libscpi/src/lexer.c.obj
 .text.scpiLex_IsEos
                0x0800dff6       0x18 CMakeFiles/Source.dir/home/nguyentiem/Embedded/Freelance/GOM_Router/App/thirdparty/scpi-parser/libscpi/src/lexer.c.obj
                0x0800dff6                scpiLex_IsEos
 .text.ischr    0x0800e00e       0x2a CMakeFiles/Source.dir/home/nguyentiem/Embedded/Freelance/GOM_Router/App/thirdparty/scpi-parser/libscpi/src/lexer.c.obj
 .text.isplusmn
                0x0800e038       0x26 CMakeFiles/Source.dir/home/nguyentiem/Embedded/Freelance/GOM_Router/App/thirdparty/scpi-parser/libscpi/src/lexer.c.obj
 .text.isH      0x0800e05e       0x26 CMakeFiles/Source.dir/home/nguyentiem/Embedded/Freelance/GOM_Router/App/thirdparty/scpi-parser/libscpi/src/lexer.c.obj
 .text.isB      0x0800e084       0x26 CMakeFiles/Source.dir/home/nguyentiem/Embedded/Freelance/GOM_Router/App/thirdparty/scpi-parser/libscpi/src/lexer.c.obj
 .text.isQ      0x0800e0aa       0x26 CMakeFiles/Source.dir/home/nguyentiem/Embedded/Freelance/GOM_Router/App/thirdparty/scpi-parser/libscpi/src/lexer.c.obj
 .text.isE      0x0800e0d0       0x26 CMakeFiles/Source.dir/home/nguyentiem/Embedded/Freelance/GOM_Router/App/thirdparty/scpi-parser/libscpi/src/lexer.c.obj
 .text.skipWs   0x0800e0f6       0x46 CMakeFiles/Source.dir/home/nguyentiem/Embedded/Freelance/GOM_Router/App/thirdparty/scpi-parser/libscpi/src/lexer.c.obj
 .text.skipDigit
                0x0800e13c       0x48 CMakeFiles/Source.dir/home/nguyentiem/Embedded/Freelance/GOM_Router/App/thirdparty/scpi-parser/libscpi/src/lexer.c.obj
 .text.skipNumbers
                0x0800e184       0x50 CMakeFiles/Source.dir/home/nguyentiem/Embedded/Freelance/GOM_Router/App/thirdparty/scpi-parser/libscpi/src/lexer.c.obj
 .text.skipPlusmn
                0x0800e1d4       0x3e CMakeFiles/Source.dir/home/nguyentiem/Embedded/Freelance/GOM_Router/App/thirdparty/scpi-parser/libscpi/src/lexer.c.obj
 *fill*         0x0800e212        0x2 
 .text.skipAlpha
                0x0800e214       0x50 CMakeFiles/Source.dir/home/nguyentiem/Embedded/Freelance/GOM_Router/App/thirdparty/scpi-parser/libscpi/src/lexer.c.obj
 .text.skipChr  0x0800e264       0x40 CMakeFiles/Source.dir/home/nguyentiem/Embedded/Freelance/GOM_Router/App/thirdparty/scpi-parser/libscpi/src/lexer.c.obj
 .text.skipSlashDot
                0x0800e2a4       0x46 CMakeFiles/Source.dir/home/nguyentiem/Embedded/Freelance/GOM_Router/App/thirdparty/scpi-parser/libscpi/src/lexer.c.obj
 .text.skipStar
                0x0800e2ea       0x3a CMakeFiles/Source.dir/home/nguyentiem/Embedded/Freelance/GOM_Router/App/thirdparty/scpi-parser/libscpi/src/lexer.c.obj
 .text.skipColon
                0x0800e324       0x3a CMakeFiles/Source.dir/home/nguyentiem/Embedded/Freelance/GOM_Router/App/thirdparty/scpi-parser/libscpi/src/lexer.c.obj
 *fill*         0x0800e35e        0x2 
 .text.skipProgramMnemonic
                0x0800e360       0xa0 CMakeFiles/Source.dir/home/nguyentiem/Embedded/Freelance/GOM_Router/App/thirdparty/scpi-parser/libscpi/src/lexer.c.obj
 .text.scpiLex_WhiteSpace
                0x0800e400       0x48 CMakeFiles/Source.dir/home/nguyentiem/Embedded/Freelance/GOM_Router/App/thirdparty/scpi-parser/libscpi/src/lexer.c.obj
                0x0800e400                scpiLex_WhiteSpace
 .text.skipCommonProgramHeader
                0x0800e448       0x58 CMakeFiles/Source.dir/home/nguyentiem/Embedded/Freelance/GOM_Router/App/thirdparty/scpi-parser/libscpi/src/lexer.c.obj
 .text.skipCompoundProgramHeader
                0x0800e4a0       0x6e CMakeFiles/Source.dir/home/nguyentiem/Embedded/Freelance/GOM_Router/App/thirdparty/scpi-parser/libscpi/src/lexer.c.obj
 .text.scpiLex_ProgramHeader
                0x0800e50e       0xc2 CMakeFiles/Source.dir/home/nguyentiem/Embedded/Freelance/GOM_Router/App/thirdparty/scpi-parser/libscpi/src/lexer.c.obj
                0x0800e50e                scpiLex_ProgramHeader
 .text.scpiLex_CharacterProgramData
                0x0800e5d0       0xb0 CMakeFiles/Source.dir/home/nguyentiem/Embedded/Freelance/GOM_Router/App/thirdparty/scpi-parser/libscpi/src/lexer.c.obj
                0x0800e5d0                scpiLex_CharacterProgramData
 .text.skipMantisa
                0x0800e680       0x46 CMakeFiles/Source.dir/home/nguyentiem/Embedded/Freelance/GOM_Router/App/thirdparty/scpi-parser/libscpi/src/lexer.c.obj
 .text.skipExponent
                0x0800e6c6       0x52 CMakeFiles/Source.dir/home/nguyentiem/Embedded/Freelance/GOM_Router/App/thirdparty/scpi-parser/libscpi/src/lexer.c.obj
 .text.scpiLex_DecimalNumericProgramData
                0x0800e718       0x76 CMakeFiles/Source.dir/home/nguyentiem/Embedded/Freelance/GOM_Router/App/thirdparty/scpi-parser/libscpi/src/lexer.c.obj
                0x0800e718                scpiLex_DecimalNumericProgramData
 .text.scpiLex_SuffixProgramData
                0x0800e78e       0x94 CMakeFiles/Source.dir/home/nguyentiem/Embedded/Freelance/GOM_Router/App/thirdparty/scpi-parser/libscpi/src/lexer.c.obj
                0x0800e78e                scpiLex_SuffixProgramData
 *fill*         0x0800e822        0x2 
 .text.skipHexNum
                0x0800e824       0x50 CMakeFiles/Source.dir/home/nguyentiem/Embedded/Freelance/GOM_Router/App/thirdparty/scpi-parser/libscpi/src/lexer.c.obj
 .text.skipOctNum
                0x0800e874       0x46 CMakeFiles/Source.dir/home/nguyentiem/Embedded/Freelance/GOM_Router/App/thirdparty/scpi-parser/libscpi/src/lexer.c.obj
 .text.skipBinNum
                0x0800e8ba       0x46 CMakeFiles/Source.dir/home/nguyentiem/Embedded/Freelance/GOM_Router/App/thirdparty/scpi-parser/libscpi/src/lexer.c.obj
 .text.scpiLex_NondecimalNumericData
                0x0800e900      0x100 CMakeFiles/Source.dir/home/nguyentiem/Embedded/Freelance/GOM_Router/App/thirdparty/scpi-parser/libscpi/src/lexer.c.obj
                0x0800e900                scpiLex_NondecimalNumericData
 .text.isascii7bit
                0x0800ea00       0x26 CMakeFiles/Source.dir/home/nguyentiem/Embedded/Freelance/GOM_Router/App/thirdparty/scpi-parser/libscpi/src/lexer.c.obj
 .text.skipQuoteProgramData
                0x0800ea26       0xa2 CMakeFiles/Source.dir/home/nguyentiem/Embedded/Freelance/GOM_Router/App/thirdparty/scpi-parser/libscpi/src/lexer.c.obj
 .text.skipDoubleQuoteProgramData
                0x0800eac8       0x18 CMakeFiles/Source.dir/home/nguyentiem/Embedded/Freelance/GOM_Router/App/thirdparty/scpi-parser/libscpi/src/lexer.c.obj
 .text.skipSingleQuoteProgramData
                0x0800eae0       0x18 CMakeFiles/Source.dir/home/nguyentiem/Embedded/Freelance/GOM_Router/App/thirdparty/scpi-parser/libscpi/src/lexer.c.obj
 .text.scpiLex_StringProgramData
                0x0800eaf8      0x11a CMakeFiles/Source.dir/home/nguyentiem/Embedded/Freelance/GOM_Router/App/thirdparty/scpi-parser/libscpi/src/lexer.c.obj
                0x0800eaf8                scpiLex_StringProgramData
 *fill*         0x0800ec12        0x2 
 .text.isNonzeroDigit
                0x0800ec14       0x38 CMakeFiles/Source.dir/home/nguyentiem/Embedded/Freelance/GOM_Router/App/thirdparty/scpi-parser/libscpi/src/lexer.c.obj
 .text.scpiLex_ArbitraryBlockProgramData
                0x0800ec4c      0x180 CMakeFiles/Source.dir/home/nguyentiem/Embedded/Freelance/GOM_Router/App/thirdparty/scpi-parser/libscpi/src/lexer.c.obj
                0x0800ec4c                scpiLex_ArbitraryBlockProgramData
 .text.isProgramExpression
                0x0800edcc       0x4a CMakeFiles/Source.dir/home/nguyentiem/Embedded/Freelance/GOM_Router/App/thirdparty/scpi-parser/libscpi/src/lexer.c.obj
 .text.skipProgramExpression