D:/Embedded/Project/Freelance/App/gom/gom_firmware.c:39:13:ring_push	24	static
D:/Embedded/Project/Freelance/App/gom/gom_firmware.c:45:13:ring_pop	16	static
D:/Embedded/Project/Freelance/App/gom/gom_firmware.c:50:13:ring_clear	16	static
D:/Embedded/Project/Freelance/App/gom/gom_firmware.c:51:13:expired	16	static
D:/Embedded/Project/Freelance/App/gom/gom_firmware.c:53:13:pc_puts	16	static
D:/Embedded/Project/Freelance/App/gom/gom_firmware.c:59:13:pc_error	120	static
D:/Embedded/Project/Freelance/App/gom/gom_firmware.c:65:13:transport_step	16	static
D:/Embedded/Project/Freelance/App/gom/gom_firmware.c:74:13:gom_send	16	static
D:/Embedded/Project/Freelance/App/gom/gom_firmware.c:80:13:all_outputs_safe	8	static
D:/Embedded/Project/Freelance/App/gom/gom_firmware.c:81:13:enter_error	24	static
D:/Embedded/Project/Freelance/App/gom/gom_firmware.c:85:13:take_line	32	static
D:/Embedded/Project/Freelance/App/gom/gom_firmware.c:96:13:set_identity	88	static
D:/Embedded/Project/Freelance/App/gom/gom_firmware.c:107:13:local_command	16	static
D:/Embedded/Project/Freelance/App/gom/gom_firmware.c:114:13:finish_response	128	static
D:/Embedded/Project/Freelance/App/gom/gom_firmware.c:125:13:execute_local	120	static
D:/Embedded/Project/Freelance/App/gom/gom_firmware.c:138:13:start_pc_command	24	static
D:/Embedded/Project/Freelance/App/gom/gom_firmware.c:150:6:gom_firmware_init	32	static
D:/Embedded/Project/Freelance/App/gom/gom_firmware.c:160:6:gom_firmware_step	144	static
D:/Embedded/Project/Freelance/App/gom/gom_firmware.c:209:6:gom_firmware_task	16	static
D:/Embedded/Project/Freelance/App/gom/gom_firmware.c:215:6:HAL_UART_RxCpltCallback	24	static
D:/Embedded/Project/Freelance/App/gom/gom_firmware.c:221:6:HAL_UART_TxCpltCallback	16	static
D:/Embedded/Project/Freelance/App/gom/gom_firmware.c:226:6:HAL_UART_ErrorCallback	16	static
