/home/nguyentiem/Embedded/Freelance/GOM_Router/Source/Core/Src/main.c:93:6:vApplicationGetIdleTaskMemory	24	static
/home/nguyentiem/Embedded/Freelance/GOM_Router/Source/Core/Src/main.c:105:6:vApplicationGetTimerTaskMemory	24	static
/home/nguyentiem/Embedded/Freelance/GOM_Router/Source/Core/Src/main.c:120:5:main	8	static
/home/nguyentiem/Embedded/Freelance/GOM_Router/Source/Core/Src/main.c:211:6:SystemClock_Config	88	static
/home/nguyentiem/Embedded/Freelance/GOM_Router/Source/Core/Src/main.c:258:13:MX_USART1_UART_Init	8	static
/home/nguyentiem/Embedded/Freelance/GOM_Router/Source/Core/Src/main.c:291:13:MX_USART2_UART_Init	8	static
/home/nguyentiem/Embedded/Freelance/GOM_Router/Source/Core/Src/main.c:324:13:MX_USART6_UART_Init	8	static
/home/nguyentiem/Embedded/Freelance/GOM_Router/Source/Core/Src/main.c:345:13:MX_WWDG_Init	8	static
/home/nguyentiem/Embedded/Freelance/GOM_Router/Source/Core/Src/main.c:373:13:MX_DMA_Init	16	static
/home/nguyentiem/Embedded/Freelance/GOM_Router/Source/Core/Src/main.c:407:13:MX_GPIO_Init	40	static
/home/nguyentiem/Embedded/Freelance/GOM_Router/Source/Core/Src/main.c:461:6:StartDefaultTask	16	static
/home/nguyentiem/Embedded/Freelance/GOM_Router/Source/Core/Src/main.c:477:6:HAL_TIM_PeriodElapsedCallback	16	static
/home/nguyentiem/Embedded/Freelance/GOM_Router/Source/Core/Src/main.c:495:6:Error_Handler	8	static
