/home/nguyentiem/Embedded/Freelance/GOM_Router/Source/Core/Src/stm32f4xx_it.c:79:6:NMI_Handler	4	static
/home/nguyentiem/Embedded/Freelance/GOM_Router/Source/Core/Src/stm32f4xx_it.c:94:6:HardFault_Handler	4	static
/home/nguyentiem/Embedded/Freelance/GOM_Router/Source/Core/Src/stm32f4xx_it.c:109:6:MemManage_Handler	4	static
/home/nguyentiem/Embedded/Freelance/GOM_Router/Source/Core/Src/stm32f4xx_it.c:124:6:BusFault_Handler	4	static
/home/nguyentiem/Embedded/Freelance/GOM_Router/Source/Core/Src/stm32f4xx_it.c:139:6:UsageFault_Handler	4	static
/home/nguyentiem/Embedded/Freelance/GOM_Router/Source/Core/Src/stm32f4xx_it.c:154:6:DebugMon_Handler	4	static
/home/nguyentiem/Embedded/Freelance/GOM_Router/Source/Core/Src/stm32f4xx_it.c:174:6:DMA1_Stream5_IRQHandler	8	static
/home/nguyentiem/Embedded/Freelance/GOM_Router/Source/Core/Src/stm32f4xx_it.c:188:6:DMA1_Stream6_IRQHandler	8	static
/home/nguyentiem/Embedded/Freelance/GOM_Router/Source/Core/Src/stm32f4xx_it.c:202:6:DMA2_Stream1_IRQHandler	8	static
/home/nguyentiem/Embedded/Freelance/GOM_Router/Source/Core/Src/stm32f4xx_it.c:210:6:TIM1_TRG_COM_TIM11_IRQHandler	8	static
/home/nguyentiem/Embedded/Freelance/GOM_Router/Source/Core/Src/stm32f4xx_it.c:224:6:USART1_IRQHandler	8	static
/home/nguyentiem/Embedded/Freelance/GOM_Router/Source/Core/Src/stm32f4xx_it.c:238:6:USART2_IRQHandler	8	static
/home/nguyentiem/Embedded/Freelance/GOM_Router/Source/Core/Src/stm32f4xx_it.c:252:6:USART6_IRQHandler	8	static
/home/nguyentiem/Embedded/Freelance/GOM_Router/Source/Core/Src/stm32f4xx_it.c:260:6:DMA2_Stream6_IRQHandler	8	static
/home/nguyentiem/Embedded/Freelance/GOM_Router/Source/Core/Src/stm32f4xx_it.c:268:6:DMA2_Stream2_IRQHandler	8	static
/home/nguyentiem/Embedded/Freelance/GOM_Router/Source/Core/Src/stm32f4xx_it.c:282:6:DMA2_Stream7_IRQHandler	8	static
