/home/nguyentiem/Embedded/Freelance/GOM_Router/App/gom/gom_firmware.c:64:13:ring_push	24	static
/home/nguyentiem/Embedded/Freelance/GOM_Router/App/gom/gom_firmware.c:76:13:ring_pop	16	static
/home/nguyentiem/Embedded/Freelance/GOM_Router/App/gom/gom_firmware.c:84:13:ring_clear	16	static
/home/nguyentiem/Embedded/Freelance/GOM_Router/App/gom/gom_firmware.c:90:13:elapsed	16	static
/home/nguyentiem/Embedded/Freelance/GOM_Router/App/gom/gom_firmware.c:95:13:take_line	32	static
/home/nguyentiem/Embedded/Freelance/GOM_Router/App/gom/gom_firmware.c:117:13:start_pc_tx	16	static
/home/nguyentiem/Embedded/Freelance/GOM_Router/App/gom/gom_firmware.c:132:6:gom_firmware_pc_write	24	static
/home/nguyentiem/Embedded/Freelance/GOM_Router/App/gom/gom_firmware.c:143:13:gom_send	24	static
/home/nguyentiem/Embedded/Freelance/GOM_Router/App/gom/gom_firmware.c:156:13:safe_open	8	static
/home/nguyentiem/Embedded/Freelance/GOM_Router/App/gom/gom_firmware.c:163:13:complete	16	static
/home/nguyentiem/Embedded/Freelance/GOM_Router/App/gom/gom_firmware.c:168:13:copy_text	32	static
/home/nguyentiem/Embedded/Freelance/GOM_Router/App/gom/gom_firmware.c:177:13:append_text	32	static
/home/nguyentiem/Embedded/Freelance/GOM_Router/App/gom/gom_firmware.c:188:13:encode_operation	64	static
/home/nguyentiem/Embedded/Freelance/GOM_Router/App/gom/gom_firmware.c:225:13:begin_safe_recovery	16	static
/home/nguyentiem/Embedded/Freelance/GOM_Router/App/gom/gom_firmware.c:233:13:boot_finish_channel	16	static
/home/nguyentiem/Embedded/Freelance/GOM_Router/App/gom/gom_firmware.c:245:6:gom_firmware_init	40	static
/home/nguyentiem/Embedded/Freelance/GOM_Router/App/gom/gom_firmware.c:268:6:gom_firmware_ready	4	static
/home/nguyentiem/Embedded/Freelance/GOM_Router/App/gom/gom_firmware.c:273:6:gom_firmware_select_channel	16	static
/home/nguyentiem/Embedded/Freelance/GOM_Router/App/gom/gom_firmware.c:282:6:gom_firmware_open_all	8	static
/home/nguyentiem/Embedded/Freelance/GOM_Router/App/gom/gom_firmware.c:288:9:gom_firmware_selected_channel	4	static
/home/nguyentiem/Embedded/Freelance/GOM_Router/App/gom/gom_firmware.c:293:6:gom_firmware_set_timeout	16	static
/home/nguyentiem/Embedded/Freelance/GOM_Router/App/gom/gom_firmware.c:300:10:gom_firmware_timeout	4	static
/home/nguyentiem/Embedded/Freelance/GOM_Router/App/gom/gom_firmware.c:305:6:gom_firmware_submit	24	static
/home/nguyentiem/Embedded/Freelance/GOM_Router/App/gom/gom_firmware.c:315:6:gom_firmware_take_pc_line	16	static
/home/nguyentiem/Embedded/Freelance/GOM_Router/App/gom/gom_firmware.c:321:6:gom_firmware_step	32	static
/home/nguyentiem/Embedded/Freelance/GOM_Router/App/gom/gom_firmware.c:437:6:HAL_UART_RxCpltCallback	16	static
/home/nguyentiem/Embedded/Freelance/GOM_Router/App/gom/gom_firmware.c:448:6:HAL_UART_TxCpltCallback	16	static
/home/nguyentiem/Embedded/Freelance/GOM_Router/App/gom/gom_firmware.c:458:6:HAL_UART_ErrorCallback	16	static
