D:/Embedded/Project/Freelance/Source/Core/Src/main.c:87:5:main	8	static
D:/Embedded/Project/Freelance/Source/Core/Src/main.c:174:6:SystemClock_Config	88	static
D:/Embedded/Project/Freelance/Source/Core/Src/main.c:221:13:MX_USART1_UART_Init	8	static
D:/Embedded/Project/Freelance/Source/Core/Src/main.c:254:13:MX_USART2_UART_Init	8	static
D:/Embedded/Project/Freelance/Source/Core/Src/main.c:287:13:MX_WWDG_Init	8	static
D:/Embedded/Project/Freelance/Source/Core/Src/main.c:315:13:MX_DMA_Init	16	static
D:/Embedded/Project/Freelance/Source/Core/Src/main.c:343:13:MX_GPIO_Init	40	static
D:/Embedded/Project/Freelance/Source/Core/Src/main.c:394:6:StartDefaultTask	16	static
D:/Embedded/Project/Freelance/Source/Core/Src/main.c:410:6:HAL_TIM_PeriodElapsedCallback	16	static
D:/Embedded/Project/Freelance/Source/Core/Src/main.c:428:6:Error_Handler	4	static
