D:/Embedded/Project/Freelance/Source/Core/Src/main.c:92:5:main	8	static
D:/Embedded/Project/Freelance/Source/Core/Src/main.c:182:6:SystemClock_Config	88	static
D:/Embedded/Project/Freelance/Source/Core/Src/main.c:229:13:MX_USART1_UART_Init	8	static
D:/Embedded/Project/Freelance/Source/Core/Src/main.c:262:13:MX_USART2_UART_Init	8	static
D:/Embedded/Project/Freelance/Source/Core/Src/main.c:295:13:MX_USART6_UART_Init	8	static
D:/Embedded/Project/Freelance/Source/Core/Src/main.c:316:13:MX_WWDG_Init	8	static
D:/Embedded/Project/Freelance/Source/Core/Src/main.c:344:13:MX_DMA_Init	16	static
D:/Embedded/Project/Freelance/Source/Core/Src/main.c:378:13:MX_GPIO_Init	40	static
D:/Embedded/Project/Freelance/Source/Core/Src/main.c:429:6:StartDefaultTask	16	static
D:/Embedded/Project/Freelance/Source/Core/Src/main.c:445:6:HAL_TIM_PeriodElapsedCallback	16	static
D:/Embedded/Project/Freelance/Source/Core/Src/main.c:463:6:Error_Handler	8	static
